Component: ARM Compiler 5.06 update 5 (build 528) Tool: armlink [4d35e2]

==============================================================================

Section Cross References

    main.o(i._shell_write) refers to uart.o(i.uart_send) for uart_send
    main.o(i.main) refers to tlsf.o(i.tlsf_create_with_pool) for tlsf_create_with_pool
    main.o(i.main) refers to board.o(i.board_lowlevel_init) for board_lowlevel_init
    main.o(i.main) refers to uart.o(i.uart_init) for uart_init
    main.o(i.main) refers to uart.o(i.uart_recv_callback_register) for uart_recv_callback_register
    main.o(i.main) refers to ringbuffer8.o(i.rb8_new) for rb8_new
    main.o(i.main) refers to shell.o(i.shellInit) for shellInit
    main.o(i.main) refers to ringbuffer8.o(i.rb8_empty) for rb8_empty
    main.o(i.main) refers to ringbuffer8.o(i.rb8_get) for rb8_get
    main.o(i.main) refers to shell.o(i.shellHandler) for shellHandler
    main.o(i.main) refers to main.o(.bss) for dyl_mem_pool
    main.o(i.main) refers to main.o(.data) for tlsf
    main.o(i.main) refers to main.o(i.uart_rx_handler) for uart_rx_handler
    main.o(i.main) refers to main.o(i._shell_write) for _shell_write
    main.o(i.uart_rx_handler) refers to ringbuffer8.o(i.rb8_full) for rb8_full
    main.o(i.uart_rx_handler) refers to ringbuffer8.o(i.rb8_put) for rb8_put
    main.o(i.uart_rx_handler) refers to main.o(.data) for rx_ringbuffer
    board.o(i.board_lowlevel_init) refers to stm32f10x_rcc.o(i.RCC_APB2PeriphClockCmd) for RCC_APB2PeriphClockCmd
    mem.o(i.cmd_mem) refers to uart.o(i.uart_send) for uart_send
    mem.o(i.cmd_mem) refers to atoi.o(.text) for atoi
    mem.o(i.cmd_mem) refers to tlsf.o(i.tlsf_malloc) for tlsf_malloc
    mem.o(i.cmd_mem) refers to shell.o(i.shellGetCurrent) for shellGetCurrent
    mem.o(i.cmd_mem) refers to shell.o(i.shellPrint) for shellPrint
    mem.o(i.cmd_mem) refers to tlsf.o(i.tlsf_free) for tlsf_free
    mem.o(i.cmd_mem) refers to main.o(.data) for tlsf
    uart.o(i.USART1_IRQHandler) refers to stm32f10x_usart.o(i.USART_GetITStatus) for USART_GetITStatus
    uart.o(i.USART1_IRQHandler) refers to stm32f10x_usart.o(i.USART_ReceiveData) for USART_ReceiveData
    uart.o(i.USART1_IRQHandler) refers to stm32f10x_usart.o(i.USART_ClearITPendingBit) for USART_ClearITPendingBit
    uart.o(i.USART1_IRQHandler) refers to uart.o(.data) for rx_callback
    uart.o(i.uart_init) refers to uart.o(i.uart_pin_init) for uart_pin_init
    uart.o(i.uart_init) refers to uart.o(i.uart_lowlevel_init) for uart_lowlevel_init
    uart.o(i.uart_init) refers to uart.o(i.uart_irq_init) for uart_irq_init
    uart.o(i.uart_irq_init) refers to misc.o(i.NVIC_Init) for NVIC_Init
    uart.o(i.uart_irq_init) refers to stm32f10x_usart.o(i.USART_ITConfig) for USART_ITConfig
    uart.o(i.uart_lowlevel_init) refers to stm32f10x_usart.o(i.USART_Init) for USART_Init
    uart.o(i.uart_lowlevel_init) refers to stm32f10x_usart.o(i.USART_Cmd) for USART_Cmd
    uart.o(i.uart_pin_init) refers to stm32f10x_gpio.o(i.GPIO_Init) for GPIO_Init
    uart.o(i.uart_recv_callback_register) refers to uart.o(.data) for rx_callback
    uart.o(i.uart_send) refers to stm32f10x_usart.o(i.USART_SendData) for USART_SendData
    uart.o(i.uart_send) refers to stm32f10x_usart.o(i.USART_GetFlagStatus) for USART_GetFlagStatus
    startup_stm32f10x_md.o(RESET) refers to startup_stm32f10x_md.o(STACK) for __initial_sp
    startup_stm32f10x_md.o(RESET) refers to startup_stm32f10x_md.o(.text) for Reset_Handler
    startup_stm32f10x_md.o(RESET) refers to stm32f10x_it.o(i.NMI_Handler) for NMI_Handler
    startup_stm32f10x_md.o(RESET) refers to stm32f10x_it.o(i.HardFault_Handler) for HardFault_Handler
    startup_stm32f10x_md.o(RESET) refers to stm32f10x_it.o(i.MemManage_Handler) for MemManage_Handler
    startup_stm32f10x_md.o(RESET) refers to stm32f10x_it.o(i.BusFault_Handler) for BusFault_Handler
    startup_stm32f10x_md.o(RESET) refers to stm32f10x_it.o(i.UsageFault_Handler) for UsageFault_Handler
    startup_stm32f10x_md.o(RESET) refers to stm32f10x_it.o(i.SVC_Handler) for SVC_Handler
    startup_stm32f10x_md.o(RESET) refers to stm32f10x_it.o(i.DebugMon_Handler) for DebugMon_Handler
    startup_stm32f10x_md.o(RESET) refers to stm32f10x_it.o(i.PendSV_Handler) for PendSV_Handler
    startup_stm32f10x_md.o(RESET) refers to stm32f10x_it.o(i.SysTick_Handler) for SysTick_Handler
    startup_stm32f10x_md.o(RESET) refers to uart.o(i.USART1_IRQHandler) for USART1_IRQHandler
    startup_stm32f10x_md.o(.text) refers to system_stm32f10x.o(i.SystemInit) for SystemInit
    startup_stm32f10x_md.o(.text) refers to entry.o(.ARM.Collect$$$$00000000) for __main
    system_stm32f10x.o(i.SetSysClock) refers to system_stm32f10x.o(i.SetSysClockTo72) for SetSysClockTo72
    system_stm32f10x.o(i.SystemCoreClockUpdate) refers to system_stm32f10x.o(.data) for SystemCoreClock
    system_stm32f10x.o(i.SystemInit) refers to system_stm32f10x.o(i.SetSysClock) for SetSysClock
[...]
    ../clib/microlib/printf/printf.c         0x00000000   Number         0  printf8.o ABSOLUTE
    ../clib/microlib/printf/printf.c         0x00000000   Number         0  printf7.o ABSOLUTE
    ../clib/microlib/printf/printf.c         0x00000000   Number         0  printf6.o ABSOLUTE
    ../clib/microlib/printf/printf.c         0x00000000   Number         0  printf5.o ABSOLUTE
    ../clib/microlib/printf/printf.c         0x00000000   Number         0  printf4.o ABSOLUTE
    ../clib/microlib/printf/printf.c         0x00000000   Number         0  printf3.o ABSOLUTE
    ../clib/microlib/printf/printf.c         0x00000000   Number         0  printf2.o ABSOLUTE
    ../clib/microlib/printf/printf.c         0x00000000   Number         0  printf1.o ABSOLUTE
    ../clib/microlib/printf/printf.c         0x00000000   Number         0  printfa.o ABSOLUTE
    ../clib/microlib/printf/printf.c         0x00000000   Number         0  printf0.o ABSOLUTE
    ../clib/microlib/printf/printf.c         0x00000000   Number         0  printfb.o ABSOLUTE
    ../clib/microlib/printf/stubs.s          0x00000000   Number         0  stubs.o ABSOLUTE
    ../clib/microlib/stdio/fputc.c           0x00000000   Number         0  fputc.o ABSOLUTE
    ../clib/microlib/stdio/semi.s            0x00000000   Number         0  semi.o ABSOLUTE
    ../clib/microlib/stdio/streams.c         0x00000000   Number         0  stdout.o ABSOLUTE
    ../clib/microlib/string/memcpy.c         0x00000000   Number         0  memcpya.o ABSOLUTE
    ../clib/microlib/string/memcpy.c         0x00000000   Number         0  memcpyb.o ABSOLUTE
    ../clib/microlib/string/memset.c         0x00000000   Number         0  memseta.o ABSOLUTE
    ../clib/microlib/string/strcmp.c         0x00000000   Number         0  strcmp.o ABSOLUTE
    ../clib/microlib/string/strlen.c         0x00000000   Number         0  strlen.o ABSOLUTE
    ../clib/microlib/string/strncmp.c        0x00000000   Number         0  strncmp.o ABSOLUTE
    ../clib/microlib/stubs.s                 0x00000000   Number         0  iusefp.o ABSOLUTE
    ../clib/microlib/stubs.s                 0x00000000   Number         0  iusesemip.o ABSOLUTE
    ../clib/scanf.c                          0x00000000   Number         0  strtol.o ABSOLUTE
    ../clib/scanf.c                          0x00000000   Number         0  _strtoul.o ABSOLUTE
    ../clib/scanf.c                          0x00000000   Number         0  atoi.o ABSOLUTE
    ../clib/scanf.c                          0x00000000   Number         0  _chval.o ABSOLUTE
    ../fplib/microlib/fpadd.c                0x00000000   Number         0  dadd.o ABSOLUTE
    ../fplib/microlib/fpdiv.c                0x00000000   Number         0  fdiv.o ABSOLUTE
    ../fplib/microlib/fpdiv.c                0x00000000   Number         0  ddiv.o ABSOLUTE
    ../fplib/microlib/fpepilogue.c           0x00000000   Number         0  fepilogue.o ABSOLUTE
    ../fplib/microlib/fpepilogue.c           0x00000000   Number         0  depilogue.o ABSOLUTE
    ../fplib/microlib/fpfix.c                0x00000000   Number         0  dfixul.o ABSOLUTE
    ../fplib/microlib/fpflt.c                0x00000000   Number         0  ffltui.o ABSOLUTE
    ../fplib/microlib/fpflt.c                0x00000000   Number         0  fflti.o ABSOLUTE
    ../fplib/microlib/fpmul.c                0x00000000   Number         0  dmul.o ABSOLUTE
    ../fplib/microlib/fpmul.c                0x00000000   Number         0  fmul.o ABSOLUTE
    ..\\firmware\\cmsis\\core\\core_cm3.c    0x00000000   Number         0  core_cm3.o ABSOLUTE
    ..\app\board.c                           0x00000000   Number         0  board.o ABSOLUTE
    ..\app\commands\mem.c                    0x00000000   Number         0  mem.o ABSOLUTE
    ..\app\main.c                            0x00000000   Number         0  main.o ABSOLUTE
    ..\driver\led\led.c                      0x00000000   Number         0  led.o ABSOLUTE
    ..\driver\uart\uart.c                    0x00000000   Number         0  uart.o ABSOLUTE
    ..\firmware\cmsis\core\core_cm3.c        0x00000000   Number         0  core_cm3.o ABSOLUTE
    ..\firmware\cmsis\device\startup_stm32f10x_md.s 0x00000000   Number         0  startup_stm32f10x_md.o ABSOLUTE
    ..\firmware\cmsis\device\stm32f10x_it.c  0x00000000   Number         0  stm32f10x_it.o ABSOLUTE
    ..\firmware\cmsis\device\system_stm32f10x.c 0x00000000   Number         0  system_stm32f10x.o ABSOLUTE
    ..\firmware\dirver\src\misc.c            0x00000000   Number         0  misc.o ABSOLUTE
    ..\firmware\dirver\src\stm32f10x_adc.c   0x00000000   Number         0  stm32f10x_adc.o ABSOLUTE
    ..\firmware\dirver\src\stm32f10x_bkp.c   0x00000000   Number         0  stm32f10x_bkp.o ABSOLUTE
    ..\firmware\dirver\src\stm32f10x_can.c   0x00000000   Number         0  stm32f10x_can.o ABSOLUTE
    ..\firmware\dirver\src\stm32f10x_cec.c   0x00000000   Number         0  stm32f10x_cec.o ABSOLUTE
    ..\firmware\dirver\src\stm32f10x_crc.c   0x00000000   Number         0  stm32f10x_crc.o ABSOLUTE
    ..\firmware\dirver\src\stm32f10x_dac.c   0x00000000   Number         0  stm32f10x_dac.o ABSOLUTE
    ..\firmware\dirver\src\stm32f10x_dbgmcu.c 0x00000000   Number         0  stm32f10x_dbgmcu.o ABSOLUTE
    ..\firmware\dirver\src\stm32f10x_dma.c   0x00000000   Number         0  stm32f10x_dma.o ABSOLUTE
    ..\firmware\dirver\src\stm32f10x_exti.c  0x00000000   Number         0  stm32f10x_exti.o ABSOLUTE
    ..\firmware\dirver\src\stm32f10x_flash.c 0x00000000   Number         0  stm32f10x_flash.o ABSOLUTE
    ..\firmware\dirver\src\stm32f10x_fsmc.c  0x00000000   Number         0  stm32f10x_fsmc.o ABSOLUTE
    ..\firmware\dirver\src\stm32f10x_gpio.c  0x00000000   Number         0  stm32f10x_gpio.o ABSOLUTE
    ..\firmware\dirver\src\stm32f10x_i2c.c   0x00000000   Number         0  stm32f10x_i2c.o ABSOLUTE
    ..\firmware\dirver\src\stm32f10x_iwdg.c  0x00000000   Number         0  stm32f10x_iwdg.o ABSOLUTE
    ..\firmware\dirver\src\stm32f10x_pwr.c   0x00000000   Number         0  stm32f10x_pwr.o ABSOLUTE
    ..\firmware\dirver\src\stm32f10x_rcc.c   0x00000000   Number         0  stm32f10x_rcc.o ABSOLUTE
    ..\firmware\dirver\src\stm32f10x_rtc.c   0x00000000   Number         0  stm32f10x_rtc.o ABSOLUTE
    ..\firmware\dirver\src\stm32f10x_sdio.c  0x00000000   Number         0  stm32f10x_sdio.o ABSOLUTE
    ..\firmware\dirver\src\stm32f10x_spi.c   0x00000000   Number         0  stm32f10x_spi.o ABSOLUTE
    ..\firmware\dirver\src\stm32f10x_tim.c   0x00000000   Number         0  stm32f10x_tim.o ABSOLUTE
    ..\firmware\dirver\src\stm32f10x_usart.c 0x00000000   Number         0  stm32f10x_usart.o ABSOLUTE
    ..\firmware\dirver\src\stm32f10x_wwdg.c  0x00000000   Number         0  stm32f10x_wwdg.o ABSOLUTE
    ..\third_lib\lettershell\shell.c         0x00000000   Number         0  shell.o ABSOLUTE
    ..\third_lib\lettershell\shell_cmd_list.c 0x00000000   Number         0  shell_cmd_list.o ABSOLUTE
    ..\third_lib\lettershell\shell_ext.c     0x00000000   Number         0  shell_ext.o ABSOLUTE
    ..\third_lib\ringbuffer\ringbuffer8.c    0x00000000   Number         0  ringbuffer8.o ABSOLUTE
    ..\third_lib\tlsf\tlsf.c                 0x00000000   Number         0  tlsf.o ABSOLUTE
    cdrcmple.s                               0x00000000   Number         0  cdrcmple.o ABSOLUTE
    dc.s                                     0x00000000   Number         0  dc.o ABSOLUTE
    handlers.s                               0x00000000   Number         0  handlers.o ABSOLUTE
    init.s                                   0x00000000   Number         0  init.o ABSOLUTE
    RESET                                    0x08000000   Section      236  startup_stm32f10x_md.o(RESET)
    .ARM.Collect$$$$00000000                 0x080000ec   Section        0  entry.o(.ARM.Collect$$$$00000000)
    .ARM.Collect$$$$00000001                 0x080000ec   Section        4  entry2.o(.ARM.Collect$$$$00000001)
    .ARM.Collect$$$$00000004                 0x080000f0   Section        4  entry5.o(.ARM.Collect$$$$00000004)
    .ARM.Collect$$$$00000008                 0x080000f4   Section        0  entry7b.o(.ARM.Collect$$$$00000008)
    .ARM.Collect$$$$0000000A                 0x080000f4   Section        0  entry8b.o(.ARM.Collect$$$$0000000A)
    .ARM.Collect$$$$0000000B                 0x080000f4   Section        8  entry9a.o(.ARM.Collect$$$$0000000B)
    .ARM.Collect$$$$0000000D                 0x080000fc   Section        0  entry10a.o(.ARM.Collect$$$$0000000D)
    .ARM.Collect$$$$0000000F                 0x080000fc   Section        0  entry11a.o(.ARM.Collect$$$$0000000F)
    .ARM.Collect$$$$00002712                 0x080000fc   Section        4  entry2.o(.ARM.Collect$$$$00002712)
    __lit__00000000                          0x080000fc   Data           4  entry2.o(.ARM.Collect$$$$00002712)
    .text                                    0x08000100   Section       36  startup_stm32f10x_md.o(.text)
    .text                                    0x08000124   Section        0  memseta.o(.text)
    .text                                    0x08000148   Section        0  strlen.o(.text)
    .text                                    0x08000156   Section        0  strcmp.o(.text)
    .text                                    0x08000172   Section        0  strncmp.o(.text)
    .text                                    0x08000190   Section        0  atoi.o(.text)
    .text                                    0x080001aa   Section        0  fmul.o(.text)
    .text                                    0x0800020e   Section        0  fdiv.o(.text)
    .text                                    0x0800028a   Section        0  fflti.o(.text)
    .text                                    0x0800029c   Section        0  ffltui.o(.text)
    .text                                    0x080002a6   Section        0  uidiv.o(.text)
    .text                                    0x080002d2   Section        0  uldiv.o(.text)
    .text                                    0x08000334   Section        0  strtol.o(.text)
    .text                                    0x080003a4   Section        0  iusefp.o(.text)
    .text                                    0x080003a4   Section        0  fepilogue.o(.text)
    .text                                    0x08000412   Section        0  dadd.o(.text)
    .text                                    0x08000560   Section        0  dmul.o(.text)
    .text                                    0x08000644   Section        0  ddiv.o(.text)
    .text                                    0x08000722   Section        0  dfixul.o(.text)
    .text                                    0x08000754   Section       48  cdrcmple.o(.text)
    .text                                    0x08000784   Section       36  init.o(.text)
    .text                                    0x080007a8   Section        0  semi.o(.text)
    .text                                    0x080007a8   Section        0  llshl.o(.text)
    .text                                    0x080007c6   Section        0  llushr.o(.text)
    .text                                    0x080007e6   Section        0  llsshr.o(.text)
    .text                                    0x0800080c   Section        0  ctype_o.o(.text)
    .text                                    0x08000814   Section        0  _strtoul.o(.text)
    .text                                    0x080008b2   Section        0  depilogue.o(.text)
    .text                                    0x080008b2   Section        0  iusesemip.o(.text)
    .text                                    0x0800096c   Section        0  _chval.o(.text)
    i.BusFault_Handler                       0x08000988   Section        0  stm32f10x_it.o(i.BusFault_Handler)
    i.DebugMon_Handler                       0x0800098c   Section        0  stm32f10x_it.o(i.DebugMon_Handler)
    i.GPIO_Init                              0x0800098e   Section        0  stm32f10x_gpio.o(i.GPIO_Init)
    i.HardFault_Handler                      0x08000aa4   Section        0  stm32f10x_it.o(i.HardFault_Handler)
    i.MemManage_Handler                      0x08000aa8   Section        0  stm32f10x_it.o(i.MemManage_Handler)
    i.NMI_Handler                            0x08000aac   Section        0  stm32f10x_it.o(i.NMI_Handler)
    i.NVIC_Init                              0x08000ab0   Section        0  misc.o(i.NVIC_Init)
    i.PendSV_Handler                         0x08000b20   Section        0  stm32f10x_it.o(i.PendSV_Handler)
    i.RCC_APB2PeriphClockCmd                 0x08000b24   Section        0  stm32f10x_rcc.o(i.RCC_APB2PeriphClockCmd)
    i.RCC_GetClocksFreq                      0x08000b44   Section        0  stm32f10x_rcc.o(i.RCC_GetClocksFreq)
    i.SVC_Handler                            0x08000c18   Section        0  stm32f10x_it.o(i.SVC_Handler)
    i.SetSysClock                            0x08000c1a   Section        0  system_stm32f10x.o(i.SetSysClock)
    SetSysClock                              0x08000c1b   Thumb Code     8  system_stm32f10x.o(i.SetSysClock)
    i.SetSysClockTo72                        0x08000c24   Section        0  system_stm32f10x.o(i.SetSysClockTo72)
    SetSysClockTo72                          0x08000c25   Thumb Code   214  system_stm32f10x.o(i.SetSysClockTo72)
    i.SysTick_Handler                        0x08000d04   Section        0  stm32f10x_it.o(i.SysTick_Handler)
    i.SystemInit                             0x08000d08   Section        0  system_stm32f10x.o(i.SystemInit)
    i.USART1_IRQHandler                      0x08000d68   Section        0  uart.o(i.USART1_IRQHandler)
    i.USART_ClearITPendingBit                0x08000da4   Section        0  stm32f10x_usart.o(i.USART_ClearITPendingBit)
    i.USART_Cmd                              0x08000dc2   Section        0  stm32f10x_usart.o(i.USART_Cmd)
    i.USART_GetFlagStatus                    0x08000dda   Section        0  stm32f10x_usart.o(i.USART_GetFlagStatus)
    i.USART_GetITStatus                      0x08000df4   Section        0  stm32f10x_usart.o(i.USART_GetITStatus)
    i.USART_ITConfig                         0x08000e48   Section        0  stm32f10x_usart.o(i.USART_ITConfig)
    i.USART_Init                             0x08000e94   Section        0  stm32f10x_usart.o(i.USART_Init)
    i.USART_ReceiveData                      0x08000f6c   Section        0  stm32f10x_usart.o(i.USART_ReceiveData)
    i.USART_SendData                         0x08000f76   Section        0  stm32f10x_usart.o(i.USART_SendData)
    i.UsageFault_Handler                     0x08000f7e   Section        0  stm32f10x_it.o(i.UsageFault_Handler)
    i.__0printf                              0x08000f84   Section        0  printfa.o(i.__0printf)
    i.__0vsnprintf                           0x08000fa4   Section        0  printfa.o(i.__0vsnprintf)
    i.__aeabi_errno_addr                     0x08000fd0   Section        0  errno.o(i.__aeabi_errno_addr)
    i.__scatterload_copy                     0x08000fd8   Section       14  handlers.o(i.__scatterload_copy)
    i.__scatterload_null                     0x08000fe6   Section        2  handlers.o(i.__scatterload_null)
    i.__scatterload_zeroinit                 0x08000fe8   Section       14  handlers.o(i.__scatterload_zeroinit)
    i._fp_digits                             0x08000ff8   Section        0  printfa.o(i._fp_digits)
    _fp_digits                               0x08000ff9   Thumb Code   366  printfa.o(i._fp_digits)
    i._printf_core                           0x0800117c   Section        0  printfa.o(i._printf_core)
    _printf_core                             0x0800117d   Thumb Code  1744  printfa.o(i._printf_core)
    i._printf_post_padding                   0x08001858   Section        0  printfa.o(i._printf_post_padding)
    _printf_post_padding                     0x08001859   Thumb Code    36  printfa.o(i._printf_post_padding)
    i._printf_pre_padding                    0x0800187c   Section        0  printfa.o(i._printf_pre_padding)
    _printf_pre_padding                      0x0800187d   Thumb Code    46  printfa.o(i._printf_pre_padding)
    i._shell_write                           0x080018aa   Section        0  main.o(i._shell_write)
    _shell_write                             0x080018ab   Thumb Code    28  main.o(i._shell_write)
    i._snputc                                0x080018c6   Section        0  printfa.o(i._snputc)
    _snputc                                  0x080018c7   Thumb Code    22  printfa.o(i._snputc)
    i.adjust_request_size                    0x080018dc   Section        0  tlsf.o(i.adjust_request_size)
    adjust_request_size                      0x080018dd   Thumb Code    48  tlsf.o(i.adjust_request_size)
    i.agencyshellRun                         0x0800190c   Section        0  shell_cmd_list.o(i.agencyshellRun)
    i.align_down                             0x0800192c   Section        0  tlsf.o(i.align_down)
    align_down                               0x0800192d   Thumb Code    10  tlsf.o(i.align_down)
    i.align_up                               0x08001936   Section        0  tlsf.o(i.align_up)
    align_up                                 0x08001937   Thumb Code    12  tlsf.o(i.align_up)
    i.block_absorb                           0x08001942   Section        0  tlsf.o(i.block_absorb)
    block_absorb                             0x08001943   Thumb Code    30  tlsf.o(i.block_absorb)
    i.block_can_split                        0x08001960   Section        0  tlsf.o(i.block_can_split)
    block_can_split                          0x08001961   Thumb Code    28  tlsf.o(i.block_can_split)
    i.block_from_ptr                         0x0800197c   Section        0  tlsf.o(i.block_from_ptr)
    block_from_ptr                           0x0800197d   Thumb Code     8  tlsf.o(i.block_from_ptr)
    i.block_insert                           0x08001984   Section        0  tlsf.o(i.block_insert)
    block_insert                             0x08001985   Thumb Code    36  tlsf.o(i.block_insert)
    i.block_is_free                          0x080019a8   Section        0  tlsf.o(i.block_is_free)
    block_is_free                            0x080019a9   Thumb Code    10  tlsf.o(i.block_is_free)
    i.block_is_prev_free                     0x080019b2   Section        0  tlsf.o(i.block_is_prev_free)
    block_is_prev_free                       0x080019b3   Thumb Code    10  tlsf.o(i.block_is_prev_free)
    i.block_link_next                        0x080019bc   Section        0  tlsf.o(i.block_link_next)
    block_link_next                          0x080019bd   Thumb Code    18  tlsf.o(i.block_link_next)
    i.block_locate_free                      0x080019ce   Section        0  tlsf.o(i.block_locate_free)
    block_locate_free                        0x080019cf   Thumb Code    62  tlsf.o(i.block_locate_free)
    i.block_mark_as_free                     0x08001a0c   Section        0  tlsf.o(i.block_mark_as_free)
    block_mark_as_free                       0x08001a0d   Thumb Code    26  tlsf.o(i.block_mark_as_free)
    i.block_mark_as_used                     0x08001a26   Section        0  tlsf.o(i.block_mark_as_used)
    block_mark_as_used                       0x08001a27   Thumb Code    26  tlsf.o(i.block_mark_as_used)
    i.block_merge_next                       0x08001a40   Section        0  tlsf.o(i.block_merge_next)
    block_merge_next                         0x08001a41   Thumb Code    44  tlsf.o(i.block_merge_next)
    i.block_merge_prev                       0x08001a6c   Section        0  tlsf.o(i.block_merge_prev)
    block_merge_prev                         0x08001a6d   Thumb Code    46  tlsf.o(i.block_merge_prev)
    i.block_next                             0x08001a9a   Section        0  tlsf.o(i.block_next)
    block_next                               0x08001a9b   Thumb Code    36  tlsf.o(i.block_next)
    i.block_prepare_used                     0x08001abe   Section        0  tlsf.o(i.block_prepare_used)
    block_prepare_used                       0x08001abf   Thumb Code    44  tlsf.o(i.block_prepare_used)
    i.block_prev                             0x08001aea   Section        0  tlsf.o(i.block_prev)
    block_prev                               0x08001aeb   Thumb Code     6  tlsf.o(i.block_prev)
    i.block_remove                           0x08001af0   Section        0  tlsf.o(i.block_remove)
    block_remove                             0x08001af1   Thumb Code    36  tlsf.o(i.block_remove)
    i.block_set_free                         0x08001b14   Section        0  tlsf.o(i.block_set_free)
    block_set_free                           0x08001b15   Thumb Code    10  tlsf.o(i.block_set_free)
    i.block_set_prev_free                    0x08001b1e   Section        0  tlsf.o(i.block_set_prev_free)
    block_set_prev_free                      0x08001b1f   Thumb Code    10  tlsf.o(i.block_set_prev_free)
    i.block_set_prev_used                    0x08001b28   Section        0  tlsf.o(i.block_set_prev_used)
    block_set_prev_used                      0x08001b29   Thumb Code    10  tlsf.o(i.block_set_prev_used)
    i.block_set_size                         0x08001b32   Section        0  tlsf.o(i.block_set_size)
    block_set_size                           0x08001b33   Thumb Code    12  tlsf.o(i.block_set_size)
    i.block_set_used                         0x08001b3e   Section        0  tlsf.o(i.block_set_used)
    block_set_used                           0x08001b3f   Thumb Code    10  tlsf.o(i.block_set_used)
    i.block_size                             0x08001b48   Section        0  tlsf.o(i.block_size)
    block_size                               0x08001b49   Thumb Code    10  tlsf.o(i.block_size)
    i.block_split                            0x08001b52   Section        0  tlsf.o(i.block_split)
    block_split                              0x08001b53   Thumb Code    62  tlsf.o(i.block_split)
    i.block_to_ptr                           0x08001b90   Section        0  tlsf.o(i.block_to_ptr)
    block_to_ptr                             0x08001b91   Thumb Code     8  tlsf.o(i.block_to_ptr)
    i.block_trim_free                        0x08001b98   Section        0  tlsf.o(i.block_trim_free)
    block_trim_free                          0x08001b99   Thumb Code    56  tlsf.o(i.block_trim_free)
    i.board_lowlevel_init                    0x08001bd0   Section        0  board.o(i.board_lowlevel_init)
    i.cmd_mem                                0x08001c0c   Section        0  mem.o(i.cmd_mem)
    i.control_construct                      0x08001c70   Section        0  tlsf.o(i.control_construct)
    control_construct                        0x08001c71   Thumb Code    54  tlsf.o(i.control_construct)
    i.fputc                                  0x08001ca6   Section        0  fputc.o(i.fputc)
    i.insert_free_block                      0x08001cb8   Section        0  tlsf.o(i.insert_free_block)
    insert_free_block                        0x08001cb9   Thumb Code    66  tlsf.o(i.insert_free_block)
    i.main                                   0x08001cfc   Section        0  main.o(i.main)
    i.mapping_insert                         0x08001d88   Section        0  tlsf.o(i.mapping_insert)
    mapping_insert                           0x08001d89   Thumb Code    58  tlsf.o(i.mapping_insert)
    i.mapping_search                         0x08001dc2   Section        0  tlsf.o(i.mapping_search)
    mapping_search                           0x08001dc3   Thumb Code    48  tlsf.o(i.mapping_search)
    i.next_head                              0x08001df2   Section        0  ringbuffer8.o(i.next_head)
    next_head                                0x08001df3   Thumb Code    24  ringbuffer8.o(i.next_head)
    i.offset_to_block                        0x08001e0a   Section        0  tlsf.o(i.offset_to_block)
    offset_to_block                          0x08001e0b   Thumb Code     6  tlsf.o(i.offset_to_block)
    i.rb8_empty                              0x08001e10   Section        0  ringbuffer8.o(i.rb8_empty)
    i.rb8_full                               0x08001e22   Section        0  ringbuffer8.o(i.rb8_full)
    i.rb8_get                                0x08001e3a   Section        0  ringbuffer8.o(i.rb8_get)
    i.rb8_new                                0x08001e6e   Section        0  ringbuffer8.o(i.rb8_new)
    i.rb8_put                                0x08001e7a   Section        0  ringbuffer8.o(i.rb8_put)
    i.remove_free_block                      0x08001ea4   Section        0  tlsf.o(i.remove_free_block)
    remove_free_block                        0x08001ea5   Thumb Code    84  tlsf.o(i.remove_free_block)
    i.search_suitable_block                  0x08001ef8   Section        0  tlsf.o(i.search_suitable_block)
    search_suitable_block                    0x08001ef9   Thumb Code   114  tlsf.o(i.search_suitable_block)
    i.shellAdd                               0x08001f6c   Section        0  shell.o(i.shellAdd)
    shellAdd                                 0x08001f6d   Thumb Code    34  shell.o(i.shellAdd)
    i.shellBackspace                         0x08001f94   Section        0  shell.o(i.shellBackspace)
    i.shellCheckPassword                     0x08001fa4   Section        0  shell.o(i.shellCheckPassword)
    shellCheckPassword                       0x08001fa5   Thumb Code    62  shell.o(i.shellCheckPassword)
    i.shellCheckPermission                   0x08001fe8   Section        0  shell.o(i.shellCheckPermission)
    i.shellClear                             0x08002020   Section        0  shell.o(i.shellClear)
    i.shellClearCommandLine                  0x0800203c   Section        0  shell.o(i.shellClearCommandLine)
    i.shellCmds                              0x08002064   Section        0  shell.o(i.shellCmds)
    i.shellDelete                            0x08002076   Section        0  shell.o(i.shellDelete)
    i.shellDeleteByte                        0x08002086   Section        0  shell.o(i.shellDeleteByte)
    i.shellDeleteCommandLine                 0x08002160   Section        0  shell.o(i.shellDeleteCommandLine)
    i.shellDown                              0x08002180   Section        0  shell.o(i.shellDown)
    i.shellEnter                             0x08002190   Section        0  shell.o(i.shellEnter)
    i.shellExec                              0x080021a4   Section        0  shell.o(i.shellExec)
    i.shellExtNumType                        0x0800221c   Section        0  shell_ext.o(i.shellExtNumType)
    shellExtNumType                          0x0800221d   Thumb Code    88  shell_ext.o(i.shellExtNumType)
    i.shellExtParseChar                      0x08002274   Section        0  shell_ext.o(i.shellExtParseChar)
    shellExtParseChar                        0x08002275   Thumb Code    70  shell_ext.o(i.shellExtParseChar)
    i.shellExtParseNumber                    0x080022ba   Section        0  shell_ext.o(i.shellExtParseNumber)
    shellExtParseNumber                      0x080022bb   Thumb Code   232  shell_ext.o(i.shellExtParseNumber)
    i.shellExtParsePara                      0x080023a2   Section        0  shell_ext.o(i.shellExtParsePara)
    i.shellExtParseString                    0x080023f8   Section        0  shell_ext.o(i.shellExtParseString)
    shellExtParseString                      0x080023f9   Thumb Code    74  shell_ext.o(i.shellExtParseString)
    i.shellExtParseVar                       0x08002442   Section        0  shell_ext.o(i.shellExtParseVar)
    shellExtParseVar                         0x08002443   Thumb Code    36  shell_ext.o(i.shellExtParseVar)
    i.shellExtRun                            0x08002466   Section        0  shell_ext.o(i.shellExtRun)
    i.shellExtToNum                          0x080027e4   Section        0  shell_ext.o(i.shellExtToNum)
    shellExtToNum                            0x080027e5   Thumb Code    54  shell_ext.o(i.shellExtToNum)
    i.shellGetCommandDesc                    0x0800281a   Section        0  shell.o(i.shellGetCommandDesc)
    shellGetCommandDesc                      0x0800281b   Thumb Code    48  shell.o(i.shellGetCommandDesc)
    i.shellGetCommandName                    0x0800284c   Section        0  shell.o(i.shellGetCommandName)
    shellGetCommandName                      0x0800284d   Thumb Code    76  shell.o(i.shellGetCommandName)
    i.shellGetCurrent                        0x0800289c   Section        0  shell.o(i.shellGetCurrent)
    i.shellGetVarValue                       0x080028d0   Section        0  shell.o(i.shellGetVarValue)
    i.shellHandler                           0x08002924   Section        0  shell.o(i.shellHandler)
    i.shellHelp                              0x08002a14   Section        0  shell.o(i.shellHelp)
    i.shellHistory                           0x08002a40   Section        0  shell.o(i.shellHistory)
    shellHistory                             0x08002a41   Thumb Code   194  shell.o(i.shellHistory)
    i.shellHistoryAdd                        0x08002b02   Section        0  shell.o(i.shellHistoryAdd)
    shellHistoryAdd                          0x08002b03   Thumb Code   122  shell.o(i.shellHistoryAdd)
    i.shellInit                              0x08002b7c   Section        0  shell.o(i.shellInit)
    i.shellInsertByte                        0x08002c14   Section        0  shell.o(i.shellInsertByte)
    i.shellKeys                              0x08002cf0   Section        0  shell.o(i.shellKeys)
    i.shellLeft                              0x08002d02   Section        0  shell.o(i.shellLeft)
    i.shellListAll                           0x08002d1c   Section        0  shell.o(i.shellListAll)
    i.shellListCommand                       0x08002d28   Section        0  shell.o(i.shellListCommand)
    i.shellListItem                          0x08002d74   Section        0  shell.o(i.shellListItem)
    i.shellListKey                           0x08002e44   Section        0  shell.o(i.shellListKey)
    i.shellListUser                          0x08002e9c   Section        0  shell.o(i.shellListUser)
    i.shellListVar                           0x08002ef4   Section        0  shell.o(i.shellListVar)
    i.shellNormalInput                       0x08002f4c   Section        0  shell.o(i.shellNormalInput)
    i.shellParserParam                       0x08002f68   Section        0  shell.o(i.shellParserParam)
    shellParserParam                         0x08002f69   Thumb Code   150  shell.o(i.shellParserParam)
    i.shellPrint                             0x08002ffe   Section        0  shell.o(i.shellPrint)
    i.shellRemoveParamQuotes                 0x08003036   Section        0  shell.o(i.shellRemoveParamQuotes)
    shellRemoveParamQuotes                   0x08003037   Thumb Code   106  shell.o(i.shellRemoveParamQuotes)
    i.shellRight                             0x080030a0   Section        0  shell.o(i.shellRight)
    i.shellRun                               0x080030c0   Section        0  shell.o(i.shellRun)
    i.shellRunCommand                        0x0800311c   Section        0  shell.o(i.shellRunCommand)
    i.shellSeekCommand                       0x080031ce   Section        0  shell.o(i.shellSeekCommand)
    i.shellSetUser                           0x08003248   Section        0  shell.o(i.shellSetUser)
    shellSetUser                             0x08003249   Thumb Code    76  shell.o(i.shellSetUser)
    i.shellSetVar                            0x08003298   Section        0  shell.o(i.shellSetVar)
    i.shellSetVarValue                       0x08003308   Section        0  shell.o(i.shellSetVarValue)
    i.shellShowVar                           0x08003398   Section        0  shell.o(i.shellShowVar)
    shellShowVar                             0x08003399   Thumb Code   158  shell.o(i.shellShowVar)
    i.shellStringCompare                     0x08003458   Section        0  shell.o(i.shellStringCompare)
    shellStringCompare                       0x08003459   Thumb Code    44  shell.o(i.shellStringCompare)
    i.shellStringCopy                        0x08003484   Section        0  shell.o(i.shellStringCopy)
    shellStringCopy                          0x08003485   Thumb Code    24  shell.o(i.shellStringCopy)
    i.shellTab                               0x0800349c   Section        0  shell.o(i.shellTab)
    i.shellToDec                             0x080035ac   Section        0  shell.o(i.shellToDec)
    i.shellToHex                             0x08003602   Section        0  shell.o(i.shellToHex)
    i.shellUp                                0x0800363a   Section        0  shell.o(i.shellUp)
    i.shellUsers                             0x08003648   Section        0  shell.o(i.shellUsers)
    i.shellVars                              0x0800365a   Section        0  shell.o(i.shellVars)
    i.shellWriteByte                         0x0800366c   Section        0  shell.o(i.shellWriteByte)
    shellWriteByte                           0x0800366d   Thumb Code    16  shell.o(i.shellWriteByte)
    i.shellWriteCommandDesc                  0x0800367c   Section        0  shell.o(i.shellWriteCommandDesc)
    shellWriteCommandDesc                    0x0800367d   Thumb Code    96  shell.o(i.shellWriteCommandDesc)
    i.shellWriteCommandHelp                  0x080036e0   Section        0  shell.o(i.shellWriteCommandHelp)
    shellWriteCommandHelp                    0x080036e1   Thumb Code    98  shell.o(i.shellWriteCommandHelp)
    i.shellWritePrompt                       0x0800374c   Section        0  shell.o(i.shellWritePrompt)
    shellWritePrompt                         0x0800374d   Thumb Code    84  shell.o(i.shellWritePrompt)
    i.shellWriteReturnValue                  0x080037b4   Section        0  shell.o(i.shellWriteReturnValue)
    shellWriteReturnValue                    0x080037b5   Thumb Code   104  shell.o(i.shellWriteReturnValue)
    i.shellWriteString                       0x08003840   Section        0  shell.o(i.shellWriteString)
    i.tlsf_add_pool                          0x08003874   Section        0  tlsf.o(i.tlsf_add_pool)
    i.tlsf_create                            0x08003984   Section        0  tlsf.o(i.tlsf_create)
    i.tlsf_create_with_pool                  0x080039e0   Section        0  tlsf.o(i.tlsf_create_with_pool)
    i.tlsf_ffs                               0x08003a0e   Section        0  tlsf.o(i.tlsf_ffs)
    tlsf_ffs                                 0x08003a0f   Thumb Code    22  tlsf.o(i.tlsf_ffs)
    i.tlsf_fls                               0x08003a24   Section        0  tlsf.o(i.tlsf_fls)
    tlsf_fls                                 0x08003a25   Thumb Code    22  tlsf.o(i.tlsf_fls)
    i.tlsf_free                              0x08003a3a   Section        0  tlsf.o(i.tlsf_free)
    i.tlsf_malloc                            0x08003a76   Section        0  tlsf.o(i.tlsf_malloc)
    i.tlsf_pool_overhead                     0x08003aa2   Section        0  tlsf.o(i.tlsf_pool_overhead)
    i.tlsf_size                              0x08003aa6   Section        0  tlsf.o(i.tlsf_size)
    i.uart_init                              0x08003aac   Section        0  uart.o(i.uart_init)
    i.uart_irq_init                          0x08003abc   Section        0  uart.o(i.uart_irq_init)
    uart_irq_init                            0x08003abd   Thumb Code    48  uart.o(i.uart_irq_init)
    i.uart_lowlevel_init                     0x08003af0   Section        0  uart.o(i.uart_lowlevel_init)
    uart_lowlevel_init                       0x08003af1   Thumb Code    62  uart.o(i.uart_lowlevel_init)
    i.uart_pin_init                          0x08003b34   Section        0  uart.o(i.uart_pin_init)
    uart_pin_init                            0x08003b35   Thumb Code    64  uart.o(i.uart_pin_init)
    i.uart_recv_callback_register            0x08003b78   Section        0  uart.o(i.uart_recv_callback_register)
    i.uart_rx_handler                        0x08003b84   Section        0  main.o(i.uart_rx_handler)
    uart_rx_handler                          0x08003b85   Thumb Code    26  main.o(i.uart_rx_handler)
    i.uart_send                              0x08003ba4   Section        0  uart.o(i.uart_send)
    .constdata                               0x08003bc4   Section      322  shell_cmd_list.o(.constdata)
    .constdata                               0x08003d06   Section      129  ctype_o.o(.constdata)
    .constdata                               0x08003d88   Section        4  ctype_o.o(.constdata)
    table                                    0x08003d88   Data           4  ctype_o.o(.constdata)
    .conststring                             0x08003d8c   Section      677  shell.o(.conststring)
    .conststring                             0x08004034   Section      301  shell_cmd_list.o(.conststring)
    .data                                    0x20000000   Section        8  main.o(.data)
    rx_ringbuffer                            0x20000000   Data           4  main.o(.data)
    .data                                    0x20000008   Section        4  uart.o(.data)
    rx_callback                              0x20000008   Data           4  uart.o(.data)
    .data                                    0x2000000c   Section       20  stm32f10x_rcc.o(.data)
    APBAHBPrescTable                         0x2000000c   Data          16  stm32f10x_rcc.o(.data)
    ADCPrescTable                            0x2000001c   Data           4  stm32f10x_rcc.o(.data)
    .data                                    0x20000020   Section       84  shell.o(.data)
    shellText                                0x20000020   Data          84  shell.o(.data)
    .data                                    0x20000074   Section        4  stdout.o(.data)
    .data                                    0x20000078   Section        4  errno.o(.data)
    _errno                                   0x20000078   Data           4  errno.o(.data)
    .bss                                     0x2000007c   Section    11020  main.o(.bss)
    rx_buff                                  0x2000007c   Data         128  main.o(.bss)
    shell                                    0x200000fc   Data         140  main.o(.bss)
    shell_buffer                             0x20000188   Data         512  main.o(.bss)
    dyl_mem_pool                             0x20000388   Data       10240  main.o(.bss)
    .bss                                     0x20002b88   Section       21  shell.o(.bss)
    shellList                                0x20002b88   Data          12  shell.o(.bss)
    buffer                                   0x20002b94   Data           9  shell.o(.bss)
    STACK                                    0x20002ba0   Section     1024  startup_stm32f10x_md.o(STACK)

    Global Symbols

    Symbol Name                              Value     Ov Type        Size  Object(Section)

    BuildAttributes$$THM_ISAv4$P$D$K$B$S$PE$A:L22UL41UL21$X:L11$S22US41US21$IEEE1$IW$USESV6$~STKCKD$USESV7$~SHL$OTIME$ROPI$EBA8$MICROLIB$REQ8$PRES8$EABIv2 0x00000000   Number         0  anon$$obj.o ABSOLUTE
    __ARM_use_no_argv                        0x00000000   Number         0  main.o ABSOLUTE
    _printf_a                                0x00000000   Number         0  stubs.o ABSOLUTE
    _printf_c                                0x00000000   Number         0  stubs.o ABSOLUTE
    _printf_charcount                        0x00000000   Number         0  stubs.o ABSOLUTE
    _printf_d                                0x00000000   Number         0  stubs.o ABSOLUTE
    _printf_e                                0x00000000   Number         0  stubs.o ABSOLUTE
    _printf_f                                0x00000000   Number         0  stubs.o ABSOLUTE
    _printf_flags                            0x00000000   Number         0  stubs.o ABSOLUTE
    _printf_fp_dec                           0x00000000   Number         0  stubs.o ABSOLUTE
    _printf_fp_hex                           0x00000000   Number         0  stubs.o ABSOLUTE
    _printf_g                                0x00000000   Number         0  stubs.o ABSOLUTE
    _printf_i                                0x00000000   Number         0  stubs.o ABSOLUTE
    _printf_int_dec                          0x00000000   Number         0  stubs.o ABSOLUTE
    _printf_l                                0x00000000   Number         0  stubs.o ABSOLUTE
    _printf_lc                               0x00000000   Number         0  stubs.o ABSOLUTE
    _printf_ll                               0x00000000   Number         0  stubs.o ABSOLUTE
    _printf_lld                              0x00000000   Number         0  stubs.o ABSOLUTE
    _printf_lli                              0x00000000   Number         0  stubs.o ABSOLUTE
    _printf_llo                              0x00000000   Number         0  stubs.o ABSOLUTE
    _printf_llu                              0x00000000   Number         0  stubs.o ABSOLUTE
    _printf_llx                              0x00000000   Number         0  stubs.o ABSOLUTE
    _printf_longlong_dec                     0x00000000   Number         0  stubs.o ABSOLUTE
    _printf_longlong_hex                     0x00000000   Number         0  stubs.o ABSOLUTE
    _printf_longlong_oct                     0x00000000   Number         0  stubs.o ABSOLUTE
    _printf_ls                               0x00000000   Number         0  stubs.o ABSOLUTE
    _printf_mbtowc                           0x00000000   Number         0  stubs.o ABSOLUTE
    _printf_n                                0x00000000   Number         0  stubs.o ABSOLUTE
    _printf_o                                0x00000000   Number         0  stubs.o ABSOLUTE
    _printf_p                                0x00000000   Number         0  stubs.o ABSOLUTE
    _printf_percent                          0x00000000   Number         0  stubs.o ABSOLUTE
    _printf_pre_padding                      0x00000000   Number         0  stubs.o ABSOLUTE
    _printf_return_value                     0x00000000   Number         0  stubs.o ABSOLUTE
    _printf_s                                0x00000000   Number         0  stubs.o ABSOLUTE
    _printf_sizespec                         0x00000000   Number         0  stubs.o ABSOLUTE
    _printf_str                              0x00000000   Number         0  stubs.o ABSOLUTE
    _printf_truncate_signed                  0x00000000   Number         0  stubs.o ABSOLUTE
    _printf_truncate_unsigned                0x00000000   Number         0  stubs.o ABSOLUTE
    _printf_u                                0x00000000   Number         0  stubs.o ABSOLUTE
    _printf_wc                               0x00000000   Number         0  stubs.o ABSOLUTE
    _printf_wctomb                           0x00000000   Number         0  stubs.o ABSOLUTE
    _printf_widthprec                        0x00000000   Number         0  stubs.o ABSOLUTE
    _printf_x                                0x00000000   Number         0  stubs.o ABSOLUTE
    __cpp_initialize__aeabi_                  - Undefined Weak Reference
    __cxa_finalize                            - Undefined Weak Reference
    __decompress                              - Undefined Weak Reference
    _clock_init                               - Undefined Weak Reference
    _microlib_exit                            - Undefined Weak Reference
    __Vectors_Size                           0x000000ec   Number         0  startup_stm32f10x_md.o ABSOLUTE
    __Vectors                                0x08000000   Data           4  startup_stm32f10x_md.o(RESET)
    __Vectors_End                            0x080000ec   Data           0  startup_stm32f10x_md.o(RESET)
    __main                                   0x080000ed   Thumb Code     0  entry.o(.ARM.Collect$$$$00000000)
    _main_stk                                0x080000ed   Thumb Code     0  entry2.o(.ARM.Collect$$$$00000001)
    _main_scatterload                        0x080000f1   Thumb Code     0  entry5.o(.ARM.Collect$$$$00000004)
    __main_after_scatterload                 0x080000f5   Thumb Code     0  entry5.o(.ARM.Collect$$$$00000004)
    _main_clock                              0x080000f5   Thumb Code     0  entry7b.o(.ARM.Collect$$$$00000008)
    _main_cpp_init                           0x080000f5   Thumb Code     0  entry8b.o(.ARM.Collect$$$$0000000A)
    _main_init                               0x080000f5   Thumb Code     0  entry9a.o(.ARM.Collect$$$$0000000B)
    __rt_final_cpp                           0x080000fd   Thumb Code     0  entry10a.o(.ARM.Collect$$$$0000000D)
    __rt_final_exit                          0x080000fd   Thumb Code     0  entry11a.o(.ARM.Collect$$$$0000000F)
    Reset_Handler                            0x08000101   Thumb Code     8  startup_stm32f10x_md.o(.text)
    ADC1_2_IRQHandler                        0x0800011b   Thumb Code     0  startup_stm32f10x_md.o(.text)
    CAN1_RX1_IRQHandler                      0x0800011b   Thumb Code     0  startup_stm32f10x_md.o(.text)
    CAN1_SCE_IRQHandler                      0x0800011b   Thumb Code     0  startup_stm32f10x_md.o(.text)
    DMA1_Channel1_IRQHandler                 0x0800011b   Thumb Code     0  startup_stm32f10x_md.o(.text)
    DMA1_Channel2_IRQHandler                 0x0800011b   Thumb Code     0  startup_stm32f10x_md.o(.text)
    DMA1_Channel3_IRQHandler                 0x0800011b   Thumb Code     0  startup_stm32f10x_md.o(.text)
    DMA1_Channel4_IRQHandler                 0x0800011b   Thumb Code     0  startup_stm32f10x_md.o(.text)
    DMA1_Channel5_IRQHandler                 0x0800011b   Thumb Code     0  startup_stm32f10x_md.o(.text)
    DMA1_Channel6_IRQHandler                 0x0800011b   Thumb Code     0  startup_stm32f10x_md.o(.text)
    DMA1_Channel7_IRQHandler                 0x0800011b   Thumb Code     0  startup_stm32f10x_md.o(.text)
    EXTI0_IRQHandler                         0x0800011b   Thumb Code     0  startup_stm32f10x_md.o(.text)
    EXTI15_10_IRQHandler                     0x0800011b   Thumb Code     0  startup_stm32f10x_md.o(.text)
    EXTI1_IRQHandler                         0x0800011b   Thumb Code     0  startup_stm32f10x_md.o(.text)
    EXTI2_IRQHandler                         0x0800011b   Thumb Code     0  startup_stm32f10x_md.o(.text)
    EXTI3_IRQHandler                         0x0800011b   Thumb Code     0  startup_stm32f10x_md.o(.text)
    EXTI4_IRQHandler                         0x0800011b   Thumb Code     0  startup_stm32f10x_md.o(.text)
    EXTI9_5_IRQHandler                       0x0800011b   Thumb Code     0  startup_stm32f10x_md.o(.text)
    FLASH_IRQHandler                         0x0800011b   Thumb Code     0  startup_stm32f10x_md.o(.text)
    I2C1_ER_IRQHandler                       0x0800011b   Thumb Code     0  startup_stm32f10x_md.o(.text)
    I2C1_EV_IRQHandler                       0x0800011b   Thumb Code     0  startup_stm32f10x_md.o(.text)
    I2C2_ER_IRQHandler                       0x0800011b   Thumb Code     0  startup_stm32f10x_md.o(.text)
    I2C2_EV_IRQHandler                       0x0800011b   Thumb Code     0  startup_stm32f10x_md.o(.text)
    PVD_IRQHandler                           0x0800011b   Thumb Code     0  startup_stm32f10x_md.o(.text)
    RCC_IRQHandler                           0x0800011b   Thumb Code     0  startup_stm32f10x_md.o(.text)
    RTCAlarm_IRQHandler                      0x0800011b   Thumb Code     0  startup_stm32f10x_md.o(.text)
    RTC_IRQHandler                           0x0800011b   Thumb Code     0  startup_stm32f10x_md.o(.text)
    SPI1_IRQHandler                          0x0800011b   Thumb Code     0  startup_stm32f10x_md.o(.text)
    SPI2_IRQHandler                          0x0800011b   Thumb Code     0  startup_stm32f10x_md.o(.text)
    TAMPER_IRQHandler                        0x0800011b   Thumb Code     0  startup_stm32f10x_md.o(.text)
    TIM1_BRK_IRQHandler                      0x0800011b   Thumb Code     0  startup_stm32f10x_md.o(.text)
    TIM1_CC_IRQHandler                       0x0800011b   Thumb Code     0  startup_stm32f10x_md.o(.text)
    TIM1_TRG_COM_IRQHandler                  0x0800011b   Thumb Code     0  startup_stm32f10x_md.o(.text)
    TIM1_UP_IRQHandler                       0x0800011b   Thumb Code     0  startup_stm32f10x_md.o(.text)
    TIM2_IRQHandler                          0x0800011b   Thumb Code     0  startup_stm32f10x_md.o(.text)
    TIM3_IRQHandler                          0x0800011b   Thumb Code     0  startup_stm32f10x_md.o(.text)
    TIM4_IRQHandler                          0x0800011b   Thumb Code     0  startup_stm32f10x_md.o(.text)
    USART2_IRQHandler                        0x0800011b   Thumb Code     0  startup_stm32f10x_md.o(.text)
    USART3_IRQHandler                        0x0800011b   Thumb Code     0  startup_stm32f10x_md.o(.text)
    USBWakeUp_IRQHandler                     0x0800011b   Thumb Code     0  startup_stm32f10x_md.o(.text)
    USB_HP_CAN1_TX_IRQHandler                0x0800011b   Thumb Code     0  startup_stm32f10x_md.o(.text)
    USB_LP_CAN1_RX0_IRQHandler               0x0800011b   Thumb Code     0  startup_stm32f10x_md.o(.text)
    WWDG_IRQHandler                          0x0800011b   Thumb Code     0  startup_stm32f10x_md.o(.text)
    __aeabi_memset                           0x08000125   Thumb Code    14  memseta.o(.text)
    __aeabi_memset4                          0x08000125   Thumb Code     0  memseta.o(.text)
    __aeabi_memset8                          0x08000125   Thumb Code     0  memseta.o(.text)
    __aeabi_memclr                           0x08000133   Thumb Code     4  memseta.o(.text)
    __aeabi_memclr4                          0x08000133   Thumb Code     0  memseta.o(.text)
    __aeabi_memclr8                          0x08000133   Thumb Code     0  memseta.o(.text)
    _memset$wrapper                          0x08000137   Thumb Code    18  memseta.o(.text)
    strlen                                   0x08000149   Thumb Code    14  strlen.o(.text)
    strcmp                                   0x08000157   Thumb Code    28  strcmp.o(.text)
    strncmp                                  0x08000173   Thumb Code    30  strncmp.o(.text)
    atoi                                     0x08000191   Thumb Code    26  atoi.o(.text)
    __aeabi_fmul                             0x080001ab   Thumb Code   100  fmul.o(.text)
    __aeabi_fdiv                             0x0800020f   Thumb Code   124  fdiv.o(.text)
    __aeabi_i2f                              0x0800028b   Thumb Code    18  fflti.o(.text)
    __aeabi_ui2f                             0x0800029d   Thumb Code    10  ffltui.o(.text)
    __aeabi_uidiv                            0x080002a7   Thumb Code     0  uidiv.o(.text)
    __aeabi_uidivmod                         0x080002a7   Thumb Code    44  uidiv.o(.text)
    __aeabi_uldivmod                         0x080002d3   Thumb Code    98  uldiv.o(.text)
    strtol                                   0x08000335   Thumb Code   112  strtol.o(.text)
    __I$use$fp                               0x080003a5   Thumb Code     0  iusefp.o(.text)
    _float_round                             0x080003a5   Thumb Code    18  fepilogue.o(.text)
    _float_epilogue                          0x080003b7   Thumb Code    92  fepilogue.o(.text)
    __aeabi_dadd                             0x08000413   Thumb Code   322  dadd.o(.text)
    __aeabi_dsub                             0x08000555   Thumb Code     6  dadd.o(.text)
    __aeabi_drsub                            0x0800055b   Thumb Code     6  dadd.o(.text)
    __aeabi_dmul                             0x08000561   Thumb Code   228  dmul.o(.text)
    __aeabi_ddiv                             0x08000645   Thumb Code   222  ddiv.o(.text)
    __aeabi_d2ulz                            0x08000723   Thumb Code    48  dfixul.o(.text)
    __aeabi_cdrcmple                         0x08000755   Thumb Code    48  cdrcmple.o(.text)
    __scatterload                            0x08000785   Thumb Code    28  init.o(.text)
    __scatterload_rt2                        0x08000785   Thumb Code     0  init.o(.text)
    __aeabi_llsl                             0x080007a9   Thumb Code    30  llshl.o(.text)
    __semihosting_library_function           0x080007a9   Thumb Code     0  semi.o(.text)
    _ll_shift_l                              0x080007a9   Thumb Code     0  llshl.o(.text)
    __aeabi_llsr                             0x080007c7   Thumb Code    32  llushr.o(.text)
    _ll_ushift_r                             0x080007c7   Thumb Code     0  llushr.o(.text)
    __aeabi_lasr                             0x080007e7   Thumb Code    36  llsshr.o(.text)
    _ll_sshift_r                             0x080007e7   Thumb Code     0  llsshr.o(.text)
    __rt_ctype_table                         0x0800080d   Thumb Code     4  ctype_o.o(.text)
    _strtoul                                 0x08000815   Thumb Code   158  _strtoul.o(.text)
    __I$use$semihosting$fputc                0x080008b3   Thumb Code     0  iusesemip.o(.text)
    _double_round                            0x080008b3   Thumb Code    30  depilogue.o(.text)
    _double_epilogue                         0x080008d1   Thumb Code   156  depilogue.o(.text)
    _chval                                   0x0800096d   Thumb Code    28  _chval.o(.text)
    BusFault_Handler                         0x08000989   Thumb Code     4  stm32f10x_it.o(i.BusFault_Handler)
    DebugMon_Handler                         0x0800098d   Thumb Code     2  stm32f10x_it.o(i.DebugMon_Handler)
    GPIO_Init                                0x0800098f   Thumb Code   278  stm32f10x_gpio.o(i.GPIO_Init)
    HardFault_Handler                        0x08000aa5   Thumb Code     4  stm32f10x_it.o(i.HardFault_Handler)
    MemManage_Handler                        0x08000aa9   Thumb Code     4  stm32f10x_it.o(i.MemManage_Handler)
    NMI_Handler                              0x08000aad   Thumb Code     2  stm32f10x_it.o(i.NMI_Handler)
    NVIC_Init                                0x08000ab1   Thumb Code   100  misc.o(i.NVIC_Init)
    PendSV_Handler                           0x08000b21   Thumb Code     2  stm32f10x_it.o(i.PendSV_Handler)
    RCC_APB2PeriphClockCmd                   0x08000b25   Thumb Code    26  stm32f10x_rcc.o(i.RCC_APB2PeriphClockCmd)
    RCC_GetClocksFreq                        0x08000b45   Thumb Code   192  stm32f10x_rcc.o(i.RCC_GetClocksFreq)
    SVC_Handler                              0x08000c19   Thumb Code     2  stm32f10x_it.o(i.SVC_Handler)
    SysTick_Handler                          0x08000d05   Thumb Code     2  stm32f10x_it.o(i.SysTick_Handler)
    SystemInit                               0x08000d09   Thumb Code    78  system_stm32f10x.o(i.SystemInit)
    USART1_IRQHandler                        0x08000d69   Thumb Code    50  uart.o(i.USART1_IRQHandler)
    USART_ClearITPendingBit                  0x08000da5   Thumb Code    30  stm32f10x_usart.o(i.USART_ClearITPendingBit)
    USART_Cmd                                0x08000dc3   Thumb Code    24  stm32f10x_usart.o(i.USART_Cmd)
    USART_GetFlagStatus                      0x08000ddb   Thumb Code    26  stm32f10x_usart.o(i.USART_GetFlagStatus)
    USART_GetITStatus                        0x08000df5   Thumb Code    84  stm32f10x_usart.o(i.USART_GetITStatus)
    USART_ITConfig                           0x08000e49   Thumb Code    74  stm32f10x_usart.o(i.USART_ITConfig)
    USART_Init                               0x08000e95   Thumb Code   210  stm32f10x_usart.o(i.USART_Init)
    USART_ReceiveData                        0x08000f6d   Thumb Code    10  stm32f10x_usart.o(i.USART_ReceiveData)
    USART_SendData                           0x08000f77   Thumb Code     8  stm32f10x_usart.o(i.USART_SendData)
    UsageFault_Handler                       0x08000f7f   Thumb Code     4  stm32f10x_it.o(i.UsageFault_Handler)
    __0printf                                0x08000f85   Thumb Code    22  printfa.o(i.__0printf)
    __1printf                                0x08000f85   Thumb Code     0  printfa.o(i.__0printf)
    __2printf                                0x08000f85   Thumb Code     0  printfa.o(i.__0printf)
    __c89printf                              0x08000f85   Thumb Code     0  printfa.o(i.__0printf)
    printf                                   0x08000f85   Thumb Code     0  printfa.o(i.__0printf)
    __0vsnprintf                             0x08000fa5   Thumb Code    40  printfa.o(i.__0vsnprintf)
    __1vsnprintf                             0x08000fa5   Thumb Code     0  printfa.o(i.__0vsnprintf)
    __2vsnprintf                             0x08000fa5   Thumb Code     0  printfa.o(i.__0vsnprintf)
    __c89vsnprintf                           0x08000fa5   Thumb Code     0  printfa.o(i.__0vsnprintf)
    vsnprintf                                0x08000fa5   Thumb Code     0  printfa.o(i.__0vsnprintf)
    __aeabi_errno_addr                       0x08000fd1   Thumb Code     4  errno.o(i.__aeabi_errno_addr)
    __rt_errno_addr                          0x08000fd1   Thumb Code     0  errno.o(i.__aeabi_errno_addr)
    __scatterload_copy                       0x08000fd9   Thumb Code    14  handlers.o(i.__scatterload_copy)
    __scatterload_null                       0x08000fe7   Thumb Code     2  handlers.o(i.__scatterload_null)
    __scatterload_zeroinit                   0x08000fe9   Thumb Code    14  handlers.o(i.__scatterload_zeroinit)
    agencyshellRun                           0x0800190d   Thumb Code    32  shell_cmd_list.o(i.agencyshellRun)
    board_lowlevel_init                      0x08001bd1   Thumb Code    52  board.o(i.board_lowlevel_init)
    cmd_mem                                  0x08001c0d   Thumb Code    66  mem.o(i.cmd_mem)
    fputc                                    0x08001ca7   Thumb Code    18  fputc.o(i.fputc)
    main                                     0x08001cfd   Thumb Code   106  main.o(i.main)
    rb8_empty                                0x08001e11   Thumb Code    18  ringbuffer8.o(i.rb8_empty)
    rb8_full                                 0x08001e23   Thumb Code    24  ringbuffer8.o(i.rb8_full)
    rb8_get                                  0x08001e3b   Thumb Code    52  ringbuffer8.o(i.rb8_get)
    rb8_new                                  0x08001e6f   Thumb Code    12  ringbuffer8.o(i.rb8_new)
    rb8_put                                  0x08001e7b   Thumb Code    42  ringbuffer8.o(i.rb8_put)
    shellBackspace                           0x08001f95   Thumb Code    14  shell.o(i.shellBackspace)
    shellCheckPermission                     0x08001fe9   Thumb Code    54  shell.o(i.shellCheckPermission)
    shellClear                               0x08002021   Thumb Code    22  shell.o(i.shellClear)
    shellClearCommandLine                    0x0800203d   Thumb Code    40  shell.o(i.shellClearCommandLine)
    shellCmds                                0x08002065   Thumb Code    18  shell.o(i.shellCmds)
    shellDelete                              0x08002077   Thumb Code    16  shell.o(i.shellDelete)
    shellDeleteByte                          0x08002087   Thumb Code   218  shell.o(i.shellDeleteByte)
    shellDeleteCommandLine                   0x08002161   Thumb Code    28  shell.o(i.shellDeleteCommandLine)
    shellDown                                0x08002181   Thumb Code    16  shell.o(i.shellDown)
    shellEnter                               0x08002191   Thumb Code    20  shell.o(i.shellEnter)
    shellExec                                0x080021a5   Thumb Code   110  shell.o(i.shellExec)
    shellExtParsePara                        0x080023a3   Thumb Code    86  shell_ext.o(i.shellExtParsePara)
    shellExtRun                              0x08002467   Thumb Code   894  shell_ext.o(i.shellExtRun)
    shellGetCurrent                          0x0800289d   Thumb Code    48  shell.o(i.shellGetCurrent)
    shellGetVarValue                         0x080028d1   Thumb Code    84  shell.o(i.shellGetVarValue)
    shellHandler                             0x08002925   Thumb Code   236  shell.o(i.shellHandler)
    shellHelp                                0x08002a15   Thumb Code    44  shell.o(i.shellHelp)
    shellInit                                0x08002b7d   Thumb Code   140  shell.o(i.shellInit)
    shellInsertByte                          0x08002c15   Thumb Code   214  shell.o(i.shellInsertByte)
    shellKeys                                0x08002cf1   Thumb Code    18  shell.o(i.shellKeys)
    shellLeft                                0x08002d03   Thumb Code    26  shell.o(i.shellLeft)
    shellListAll                             0x08002d1d   Thumb Code    12  shell.o(i.shellListAll)
    shellListCommand                         0x08002d29   Thumb Code    70  shell.o(i.shellListCommand)
    shellListItem                            0x08002d75   Thumb Code   194  shell.o(i.shellListItem)
    shellListKey                             0x08002e45   Thumb Code    84  shell.o(i.shellListKey)
    shellListUser                            0x08002e9d   Thumb Code    84  shell.o(i.shellListUser)
    shellListVar                             0x08002ef5   Thumb Code    84  shell.o(i.shellListVar)
    shellNormalInput                         0x08002f4d   Thumb Code    28  shell.o(i.shellNormalInput)
    shellPrint                               0x08002fff   Thumb Code    56  shell.o(i.shellPrint)
    shellRight                               0x080030a1   Thumb Code    30  shell.o(i.shellRight)
    shellRun                                 0x080030c1   Thumb Code    88  shell.o(i.shellRun)
    shellRunCommand                          0x0800311d   Thumb Code   178  shell.o(i.shellRunCommand)
    shellSeekCommand                         0x080031cf   Thumb Code   122  shell.o(i.shellSeekCommand)
    shellSetVar                              0x08003299   Thumb Code   106  shell.o(i.shellSetVar)
    shellSetVarValue                         0x08003309   Thumb Code   140  shell.o(i.shellSetVarValue)
    shellTab                                 0x0800349d   Thumb Code   266  shell.o(i.shellTab)
    shellToDec                               0x080035ad   Thumb Code    86  shell.o(i.shellToDec)
    shellToHex                               0x08003603   Thumb Code    56  shell.o(i.shellToHex)
    shellUp                                  0x0800363b   Thumb Code    14  shell.o(i.shellUp)
    shellUsers                               0x08003649   Thumb Code    18  shell.o(i.shellUsers)
    shellVars                                0x0800365b   Thumb Code    18  shell.o(i.shellVars)
    shellWriteString                         0x08003841   Thumb Code    52  shell.o(i.shellWriteString)
    tlsf_add_pool                            0x08003875   Thumb Code   154  tlsf.o(i.tlsf_add_pool)
    tlsf_create                              0x08003985   Thumb Code    40  tlsf.o(i.tlsf_create)
    tlsf_create_with_pool                    0x080039e1   Thumb Code    46  tlsf.o(i.tlsf_create_with_pool)
    tlsf_free                                0x08003a3b   Thumb Code    60  tlsf.o(i.tlsf_free)
    tlsf_malloc                              0x08003a77   Thumb Code    44  tlsf.o(i.tlsf_malloc)
    tlsf_pool_overhead                       0x08003aa3   Thumb Code     4  tlsf.o(i.tlsf_pool_overhead)
    tlsf_size                                0x08003aa7   Thumb Code     6  tlsf.o(i.tlsf_size)
    uart_init                                0x08003aad   Thumb Code    16  uart.o(i.uart_init)
    uart_recv_callback_register              0x08003b79   Thumb Code     6  uart.o(i.uart_recv_callback_register)
    uart_send                                0x08003ba5   Thumb Code    28  uart.o(i.uart_send)
    shellCommandList                         0x08003bc4   Data         320  shell_cmd_list.o(.constdata)
    shellCommandCount                        0x08003d04   Data           2  shell_cmd_list.o(.constdata)
    __ctype_table                            0x08003d06   Data         129  ctype_o.o(.constdata)
    Region$$Table$$Base                      0x08004164   Number         0  anon$$obj.o(Region$$Table)
    Region$$Table$$Limit                     0x08004184   Number         0  anon$$obj.o(Region$$Table)
    tlsf                                     0x20000004   Data           4  main.o(.data)
    __stdout                                 0x20000074   Data           4  stdout.o(.data)
    __initial_sp                             0x20002fa0   Data           0  startup_stm32f10x_md.o(STACK)



==============================================================================

Memory Map of the image

  Image Entry point : 0x080000ed

  Load Region LR_IROM1 (Base: 0x08000000, Size: 0x00004200, Max: 0x00010000, ABSOLUTE)

    Execution Region ER_IROM1 (Exec base: 0x08000000, Load base: 0x08000000, Size: 0x00004184, Max: 0x00010000, ABSOLUTE)

    Exec Addr    Load Addr    Size         Type   Attr      Idx    E Section Name        Object

    0x08000000   0x08000000   0x000000ec   Data   RO          240    RESET               startup_stm32f10x_md.o
    0x080000ec   0x080000ec   0x00000000   Code   RO         4153  * .ARM.Collect$$$$00000000  mc_w.l(entry.o)
    0x080000ec   0x080000ec   0x00000004   Code   RO         4439    .ARM.Collect$$$$00000001  mc_w.l(entry2.o)
    0x080000f0   0x080000f0   0x00000004   Code   RO         4442    .ARM.Collect$$$$00000004  mc_w.l(entry5.o)
    0x080000f4   0x080000f4   0x00000000   Code   RO         4444    .ARM.Collect$$$$00000008  mc_w.l(entry7b.o)
    0x080000f4   0x080000f4   0x00000000   Code   RO         4446    .ARM.Collect$$$$0000000A  mc_w.l(entry8b.o)
    0x080000f4   0x080000f4   0x00000008   Code   RO         4447    .ARM.Collect$$$$0000000B  mc_w.l(entry9a.o)
    0x080000fc   0x080000fc   0x00000000   Code   RO         4449    .ARM.Collect$$$$0000000D  mc_w.l(entry10a.o)
    0x080000fc   0x080000fc   0x00000000   Code   RO         4451    .ARM.Collect$$$$0000000F  mc_w.l(entry11a.o)
    0x080000fc   0x080000fc   0x00000004   Code   RO         4440    .ARM.Collect$$$$00002712  mc_w.l(entry2.o)
    0x08000100   0x08000100   0x00000024   Code   RO          241    .text               startup_stm32f10x_md.o
    0x08000124   0x08000124   0x00000024   Code   RO         4158    .text               mc_w.l(memseta.o)
    0x08000148   0x08000148   0x0000000e   Code   RO         4160    .text               mc_w.l(strlen.o)
    0x08000156   0x08000156   0x0000001c   Code   RO         4162    .text               mc_w.l(strcmp.o)
    0x08000172   0x08000172   0x0000001e   Code   RO         4164    .text               mc_w.l(strncmp.o)
    0x08000190   0x08000190   0x0000001a   Code   RO         4429    .text               mc_w.l(atoi.o)
    0x080001aa   0x080001aa   0x00000064   Code   RO         4431    .text               mf_w.l(fmul.o)
    0x0800020e   0x0800020e   0x0000007c   Code   RO         4433    .text               mf_w.l(fdiv.o)
    0x0800028a   0x0800028a   0x00000012   Code   RO         4435    .text               mf_w.l(fflti.o)
    0x0800029c   0x0800029c   0x0000000a   Code   RO         4437    .text               mf_w.l(ffltui.o)
    0x080002a6   0x080002a6   0x0000002c   Code   RO         4456    .text               mc_w.l(uidiv.o)
    0x080002d2   0x080002d2   0x00000062   Code   RO         4458    .text               mc_w.l(uldiv.o)
    0x08000334   0x08000334   0x00000070   Code   RO         4467    .text               mc_w.l(strtol.o)
    0x080003a4   0x080003a4   0x00000000   Code   RO         4469    .text               mc_w.l(iusefp.o)
    0x080003a4   0x080003a4   0x0000006e   Code   RO         4470    .text               mf_w.l(fepilogue.o)
    0x08000412   0x08000412   0x0000014e   Code   RO         4472    .text               mf_w.l(dadd.o)
    0x08000560   0x08000560   0x000000e4   Code   RO         4474    .text               mf_w.l(dmul.o)
    0x08000644   0x08000644   0x000000de   Code   RO         4476    .text               mf_w.l(ddiv.o)
    0x08000722   0x08000722   0x00000030   Code   RO         4478    .text               mf_w.l(dfixul.o)
    0x08000752   0x08000752   0x00000002   PAD
    0x08000754   0x08000754   0x00000030   Code   RO         4480    .text               mf_w.l(cdrcmple.o)
    0x08000784   0x08000784   0x00000024   Code   RO         4482    .text               mc_w.l(init.o)
    0x080007a8   0x080007a8   0x00000000   Code   RO         4484    .text               mc_w.l(semi.o)
    0x080007a8   0x080007a8   0x0000001e   Code   RO         4485    .text               mc_w.l(llshl.o)
    0x080007c6   0x080007c6   0x00000020   Code   RO         4487    .text               mc_w.l(llushr.o)
    0x080007e6   0x080007e6   0x00000024   Code   RO         4489    .text               mc_w.l(llsshr.o)
    0x0800080a   0x0800080a   0x00000002   PAD
    0x0800080c   0x0800080c   0x00000008   Code   RO         4491    .text               mc_w.l(ctype_o.o)
    0x08000814   0x08000814   0x0000009e   Code   RO         4519    .text               mc_w.l(_strtoul.o)
    0x080008b2   0x080008b2   0x00000000   Code   RO         4521    .text               mc_w.l(iusesemip.o)
    0x080008b2   0x080008b2   0x000000ba   Code   RO         4522    .text               mf_w.l(depilogue.o)
    0x0800096c   0x0800096c   0x0000001c   Code   RO         4524    .text               mc_w.l(_chval.o)
    0x08000988   0x08000988   0x00000004   Code   RO          245    i.BusFault_Handler  stm32f10x_it.o
    0x0800098c   0x0800098c   0x00000002   Code   RO          246    i.DebugMon_Handler  stm32f10x_it.o
    0x0800098e   0x0800098e   0x00000116   Code   RO         1493    i.GPIO_Init         stm32f10x_gpio.o
    0x08000aa4   0x08000aa4   0x00000004   Code   RO          247    i.HardFault_Handler  stm32f10x_it.o
    0x08000aa8   0x08000aa8   0x00000004   Code   RO          248    i.MemManage_Handler  stm32f10x_it.o
    0x08000aac   0x08000aac   0x00000002   Code   RO          249    i.NMI_Handler       stm32f10x_it.o
    0x08000aae   0x08000aae   0x00000002   PAD
    0x08000ab0   0x08000ab0   0x00000070   Code   RO          342    i.NVIC_Init         misc.o
    0x08000b20   0x08000b20   0x00000002   Code   RO          250    i.PendSV_Handler    stm32f10x_it.o
    0x08000b22   0x08000b22   0x00000002   PAD
    0x08000b24   0x08000b24   0x00000020   Code   RO         1911    i.RCC_APB2PeriphClockCmd  stm32f10x_rcc.o
    0x08000b44   0x08000b44   0x000000d4   Code   RO         1919    i.RCC_GetClocksFreq  stm32f10x_rcc.o
    0x08000c18   0x08000c18   0x00000002   Code   RO          251    i.SVC_Handler       stm32f10x_it.o
    0x08000c1a   0x08000c1a   0x00000008   Code   RO          308    i.SetSysClock       system_stm32f10x.o
    0x08000c22   0x08000c22   0x00000002   PAD
    0x08000c24   0x08000c24   0x000000e0   Code   RO          309    i.SetSysClockTo72   system_stm32f10x.o
    0x08000d04   0x08000d04   0x00000002   Code   RO          252    i.SysTick_Handler   stm32f10x_it.o
    0x08000d06   0x08000d06   0x00000002   PAD
    0x08000d08   0x08000d08   0x00000060   Code   RO          311    i.SystemInit        system_stm32f10x.o
    0x08000d68   0x08000d68   0x0000003c   Code   RO          176    i.USART1_IRQHandler  uart.o
    0x08000da4   0x08000da4   0x0000001e   Code   RO         3076    i.USART_ClearITPendingBit  stm32f10x_usart.o
    0x08000dc2   0x08000dc2   0x00000018   Code   RO         3079    i.USART_Cmd         stm32f10x_usart.o
    0x08000dda   0x08000dda   0x0000001a   Code   RO         3082    i.USART_GetFlagStatus  stm32f10x_usart.o
    0x08000df4   0x08000df4   0x00000054   Code   RO         3083    i.USART_GetITStatus  stm32f10x_usart.o
    0x08000e48   0x08000e48   0x0000004a   Code   RO         3085    i.USART_ITConfig    stm32f10x_usart.o
    0x08000e92   0x08000e92   0x00000002   PAD
    0x08000e94   0x08000e94   0x000000d8   Code   RO         3086    i.USART_Init        stm32f10x_usart.o
    0x08000f6c   0x08000f6c   0x0000000a   Code   RO         3093    i.USART_ReceiveData  stm32f10x_usart.o
    0x08000f76   0x08000f76   0x00000008   Code   RO         3096    i.USART_SendData    stm32f10x_usart.o
    0x08000f7e   0x08000f7e   0x00000004   Code   RO          253    i.UsageFault_Handler  stm32f10x_it.o
    0x08000f82   0x08000f82   0x00000002   PAD
    0x08000f84   0x08000f84   0x00000020   Code   RO         4401    i.__0printf         mc_w.l(printfa.o)
    0x08000fa4   0x08000fa4   0x0000002c   Code   RO         4406    i.__0vsnprintf      mc_w.l(printfa.o)
    0x08000fd0   0x08000fd0   0x00000008   Code   RO         4460    i.__aeabi_errno_addr  mc_w.l(errno.o)
    0x08000fd8   0x08000fd8   0x0000000e   Code   RO         4528    i.__scatterload_copy  mc_w.l(handlers.o)
    0x08000fe6   0x08000fe6   0x00000002   Code   RO         4529    i.__scatterload_null  mc_w.l(handlers.o)
    0x08000fe8   0x08000fe8   0x0000000e   Code   RO         4530    i.__scatterload_zeroinit  mc_w.l(handlers.o)
    0x08000ff6   0x08000ff6   0x00000002   PAD
    0x08000ff8   0x08000ff8   0x00000184   Code   RO         4408    i._fp_digits        mc_w.l(printfa.o)
    0x0800117c   0x0800117c   0x000006dc   Code   RO         4409    i._printf_core      mc_w.l(printfa.o)
    0x08001858   0x08001858   0x00000024   Code   RO         4410    i._printf_post_padding  mc_w.l(printfa.o)
    0x0800187c   0x0800187c   0x0000002e   Code   RO         4411    i._printf_pre_padding  mc_w.l(printfa.o)
    0x080018aa   0x080018aa   0x0000001c   Code   RO            1    i._shell_write      main.o
    0x080018c6   0x080018c6   0x00000016   Code   RO         4412    i._snputc           mc_w.l(printfa.o)
    0x080018dc   0x080018dc   0x00000030   Code   RO         3790    i.adjust_request_size  tlsf.o
    0x0800190c   0x0800190c   0x00000020   Code   RO         3667    i.agencyshellRun    shell_cmd_list.o
    0x0800192c   0x0800192c   0x0000000a   Code   RO         3791    i.align_down        tlsf.o
    0x08001936   0x08001936   0x0000000c   Code   RO         3793    i.align_up          tlsf.o
    0x08001942   0x08001942   0x0000001e   Code   RO         3794    i.block_absorb      tlsf.o
    0x08001960   0x08001960   0x0000001c   Code   RO         3795    i.block_can_split   tlsf.o
    0x0800197c   0x0800197c   0x00000008   Code   RO         3796    i.block_from_ptr    tlsf.o
    0x08001984   0x08001984   0x00000024   Code   RO         3797    i.block_insert      tlsf.o
    0x080019a8   0x080019a8   0x0000000a   Code   RO         3798    i.block_is_free     tlsf.o
    0x080019b2   0x080019b2   0x0000000a   Code   RO         3800    i.block_is_prev_free  tlsf.o
    0x080019bc   0x080019bc   0x00000012   Code   RO         3801    i.block_link_next   tlsf.o
    0x080019ce   0x080019ce   0x0000003e   Code   RO         3802    i.block_locate_free  tlsf.o
    0x08001a0c   0x08001a0c   0x0000001a   Code   RO         3803    i.block_mark_as_free  tlsf.o
    0x08001a26   0x08001a26   0x0000001a   Code   RO         3804    i.block_mark_as_used  tlsf.o
    0x08001a40   0x08001a40   0x0000002c   Code   RO         3805    i.block_merge_next  tlsf.o
    0x08001a6c   0x08001a6c   0x0000002e   Code   RO         3806    i.block_merge_prev  tlsf.o
    0x08001a9a   0x08001a9a   0x00000024   Code   RO         3807    i.block_next        tlsf.o
    0x08001abe   0x08001abe   0x0000002c   Code   RO         3808    i.block_prepare_used  tlsf.o
    0x08001aea   0x08001aea   0x00000006   Code   RO         3809    i.block_prev        tlsf.o
    0x08001af0   0x08001af0   0x00000024   Code   RO         3810    i.block_remove      tlsf.o
    0x08001b14   0x08001b14   0x0000000a   Code   RO         3811    i.block_set_free    tlsf.o
    0x08001b1e   0x08001b1e   0x0000000a   Code   RO         3812    i.block_set_prev_free  tlsf.o
    0x08001b28   0x08001b28   0x0000000a   Code   RO         3813    i.block_set_prev_used  tlsf.o
    0x08001b32   0x08001b32   0x0000000c   Code   RO         3814    i.block_set_size    tlsf.o
    0x08001b3e   0x08001b3e   0x0000000a   Code   RO         3815    i.block_set_used    tlsf.o
    0x08001b48   0x08001b48   0x0000000a   Code   RO         3816    i.block_size        tlsf.o
    0x08001b52   0x08001b52   0x0000003e   Code   RO         3817    i.block_split       tlsf.o
    0x08001b90   0x08001b90   0x00000008   Code   RO         3818    i.block_to_ptr      tlsf.o
    0x08001b98   0x08001b98   0x00000038   Code   RO         3819    i.block_trim_free   tlsf.o
    0x08001bd0   0x08001bd0   0x0000003c   Code   RO           56    i.board_lowlevel_init  board.o
    0x08001c0c   0x08001c0c   0x00000064   Code   RO          151    i.cmd_mem           mem.o
    0x08001c70   0x08001c70   0x00000036   Code   RO         3822    i.control_construct  tlsf.o
    0x08001ca6   0x08001ca6   0x00000012   Code   RO         4453    i.fputc             mc_w.l(fputc.o)
    0x08001cb8   0x08001cb8   0x00000042   Code   RO         3824    i.insert_free_block  tlsf.o
    0x08001cfa   0x08001cfa   0x00000002   PAD
    0x08001cfc   0x08001cfc   0x0000008c   Code   RO            2    i.main              main.o
    0x08001d88   0x08001d88   0x0000003a   Code   RO         3826    i.mapping_insert    tlsf.o
    0x08001dc2   0x08001dc2   0x00000030   Code   RO         3827    i.mapping_search    tlsf.o
    0x08001df2   0x08001df2   0x00000018   Code   RO         3731    i.next_head         ringbuffer8.o
    0x08001e0a   0x08001e0a   0x00000006   Code   RO         3828    i.offset_to_block   tlsf.o
    0x08001e10   0x08001e10   0x00000012   Code   RO         3732    i.rb8_empty         ringbuffer8.o
    0x08001e22   0x08001e22   0x00000018   Code   RO         3733    i.rb8_full          ringbuffer8.o
    0x08001e3a   0x08001e3a   0x00000034   Code   RO         3734    i.rb8_get           ringbuffer8.o
    0x08001e6e   0x08001e6e   0x0000000c   Code   RO         3736    i.rb8_new           ringbuffer8.o
    0x08001e7a   0x08001e7a   0x0000002a   Code   RO         3737    i.rb8_put           ringbuffer8.o
    0x08001ea4   0x08001ea4   0x00000054   Code   RO         3829    i.remove_free_block  tlsf.o
    0x08001ef8   0x08001ef8   0x00000072   Code   RO         3830    i.search_suitable_block  tlsf.o
    0x08001f6a   0x08001f6a   0x00000002   PAD
    0x08001f6c   0x08001f6c   0x00000028   Code   RO         3309    i.shellAdd          shell.o
    0x08001f94   0x08001f94   0x0000000e   Code   RO         3310    i.shellBackspace    shell.o
    0x08001fa2   0x08001fa2   0x00000002   PAD
    0x08001fa4   0x08001fa4   0x00000044   Code   RO         3311    i.shellCheckPassword  shell.o
    0x08001fe8   0x08001fe8   0x00000036   Code   RO         3312    i.shellCheckPermission  shell.o
    0x0800201e   0x0800201e   0x00000002   PAD
    0x08002020   0x08002020   0x0000001c   Code   RO         3313    i.shellClear        shell.o
    0x0800203c   0x0800203c   0x00000028   Code   RO         3314    i.shellClearCommandLine  shell.o
    0x08002064   0x08002064   0x00000012   Code   RO         3315    i.shellCmds         shell.o
    0x08002076   0x08002076   0x00000010   Code   RO         3316    i.shellDelete       shell.o
    0x08002086   0x08002086   0x000000da   Code   RO         3317    i.shellDeleteByte   shell.o
    0x08002160   0x08002160   0x00000020   Code   RO         3318    i.shellDeleteCommandLine  shell.o
    0x08002180   0x08002180   0x00000010   Code   RO         3319    i.shellDown         shell.o
    0x08002190   0x08002190   0x00000014   Code   RO         3320    i.shellEnter        shell.o
    0x080021a4   0x080021a4   0x00000078   Code   RO         3321    i.shellExec         shell.o
    0x0800221c   0x0800221c   0x00000058   Code   RO         3683    i.shellExtNumType   shell_ext.o
    0x08002274   0x08002274   0x00000046   Code   RO         3684    i.shellExtParseChar  shell_ext.o
    0x080022ba   0x080022ba   0x000000e8   Code   RO         3685    i.shellExtParseNumber  shell_ext.o
    0x080023a2   0x080023a2   0x00000056   Code   RO         3686    i.shellExtParsePara  shell_ext.o
    0x080023f8   0x080023f8   0x0000004a   Code   RO         3687    i.shellExtParseString  shell_ext.o
    0x08002442   0x08002442   0x00000024   Code   RO         3688    i.shellExtParseVar  shell_ext.o
    0x08002466   0x08002466   0x0000037e   Code   RO         3689    i.shellExtRun       shell_ext.o
    0x080027e4   0x080027e4   0x00000036   Code   RO         3690    i.shellExtToNum     shell_ext.o
    0x0800281a   0x0800281a   0x00000030   Code   RO         3322    i.shellGetCommandDesc  shell.o
    0x0800284a   0x0800284a   0x00000002   PAD
    0x0800284c   0x0800284c   0x00000050   Code   RO         3323    i.shellGetCommandName  shell.o
    0x0800289c   0x0800289c   0x00000034   Code   RO         3324    i.shellGetCurrent   shell.o
    0x080028d0   0x080028d0   0x00000054   Code   RO         3325    i.shellGetVarValue  shell.o
    0x08002924   0x08002924   0x000000f0   Code   RO         3326    i.shellHandler      shell.o
    0x08002a14   0x08002a14   0x0000002c   Code   RO         3327    i.shellHelp         shell.o
    0x08002a40   0x08002a40   0x000000c2   Code   RO         3328    i.shellHistory      shell.o
    0x08002b02   0x08002b02   0x0000007a   Code   RO         3329    i.shellHistoryAdd   shell.o
    0x08002b7c   0x08002b7c   0x00000098   Code   RO         3330    i.shellInit         shell.o
    0x08002c14   0x08002c14   0x000000dc   Code   RO         3331    i.shellInsertByte   shell.o
    0x08002cf0   0x08002cf0   0x00000012   Code   RO         3332    i.shellKeys         shell.o
    0x08002d02   0x08002d02   0x0000001a   Code   RO         3333    i.shellLeft         shell.o
    0x08002d1c   0x08002d1c   0x0000000c   Code   RO         3334    i.shellListAll      shell.o
    0x08002d28   0x08002d28   0x0000004c   Code   RO         3335    i.shellListCommand  shell.o
    0x08002d74   0x08002d74   0x000000d0   Code   RO         3336    i.shellListItem     shell.o
    0x08002e44   0x08002e44   0x00000058   Code   RO         3337    i.shellListKey      shell.o
    0x08002e9c   0x08002e9c   0x00000058   Code   RO         3338    i.shellListUser     shell.o
    0x08002ef4   0x08002ef4   0x00000058   Code   RO         3339    i.shellListVar      shell.o
    0x08002f4c   0x08002f4c   0x0000001c   Code   RO         3340    i.shellNormalInput  shell.o
    0x08002f68   0x08002f68   0x00000096   Code   RO         3341    i.shellParserParam  shell.o
    0x08002ffe   0x08002ffe   0x00000038   Code   RO         3342    i.shellPrint        shell.o
    0x08003036   0x08003036   0x0000006a   Code   RO         3344    i.shellRemoveParamQuotes  shell.o
    0x080030a0   0x080030a0   0x0000001e   Code   RO         3345    i.shellRight        shell.o
    0x080030be   0x080030be   0x00000002   PAD
    0x080030c0   0x080030c0   0x0000005c   Code   RO         3346    i.shellRun          shell.o
    0x0800311c   0x0800311c   0x000000b2   Code   RO         3347    i.shellRunCommand   shell.o
    0x080031ce   0x080031ce   0x0000007a   Code   RO         3348    i.shellSeekCommand  shell.o
    0x08003248   0x08003248   0x00000050   Code   RO         3349    i.shellSetUser      shell.o
    0x08003298   0x08003298   0x00000070   Code   RO         3350    i.shellSetVar       shell.o
    0x08003308   0x08003308   0x00000090   Code   RO         3351    i.shellSetVarValue  shell.o
    0x08003398   0x08003398   0x000000c0   Code   RO         3352    i.shellShowVar      shell.o
    0x08003458   0x08003458   0x0000002c   Code   RO         3353    i.shellStringCompare  shell.o
    0x08003484   0x08003484   0x00000018   Code   RO         3354    i.shellStringCopy   shell.o
    0x0800349c   0x0800349c   0x00000110   Code   RO         3355    i.shellTab          shell.o
    0x080035ac   0x080035ac   0x00000056   Code   RO         3357    i.shellToDec        shell.o
    0x08003602   0x08003602   0x00000038   Code   RO         3358    i.shellToHex        shell.o
    0x0800363a   0x0800363a   0x0000000e   Code   RO         3359    i.shellUp           shell.o
    0x08003648   0x08003648   0x00000012   Code   RO         3360    i.shellUsers        shell.o
    0x0800365a   0x0800365a   0x00000012   Code   RO         3361    i.shellVars         shell.o
    0x0800366c   0x0800366c   0x00000010   Code   RO         3362    i.shellWriteByte    shell.o
    0x0800367c   0x0800367c   0x00000064   Code   RO         3363    i.shellWriteCommandDesc  shell.o
    0x080036e0   0x080036e0   0x0000006c   Code   RO         3364    i.shellWriteCommandHelp  shell.o
    0x0800374c   0x0800374c   0x00000068   Code   RO         3365    i.shellWritePrompt  shell.o
    0x080037b4   0x080037b4   0x0000008c   Code   RO         3366    i.shellWriteReturnValue  shell.o
    0x08003840   0x08003840   0x00000034   Code   RO         3367    i.shellWriteString  shell.o
    0x08003874   0x08003874   0x00000110   Code   RO         3831    i.tlsf_add_pool     tlsf.o
    0x08003984   0x08003984   0x0000005c   Code   RO         3839    i.tlsf_create       tlsf.o
    0x080039e0   0x080039e0   0x0000002e   Code   RO         3840    i.tlsf_create_with_pool  tlsf.o
    0x08003a0e   0x08003a0e   0x00000016   Code   RO         3842    i.tlsf_ffs          tlsf.o
    0x08003a24   0x08003a24   0x00000016   Code   RO         3843    i.tlsf_fls          tlsf.o
    0x08003a3a   0x08003a3a   0x0000003c   Code   RO         3844    i.tlsf_free         tlsf.o
    0x08003a76   0x08003a76   0x0000002c   Code   RO         3846    i.tlsf_malloc       tlsf.o
    0x08003aa2   0x08003aa2   0x00000004   Code   RO         3848    i.tlsf_pool_overhead  tlsf.o
    0x08003aa6   0x08003aa6   0x00000006   Code   RO         3851    i.tlsf_size         tlsf.o
    0x08003aac   0x08003aac   0x00000010   Code   RO          177    i.uart_init         uart.o
    0x08003abc   0x08003abc   0x00000034   Code   RO          178    i.uart_irq_init     uart.o
    0x08003af0   0x08003af0   0x00000044   Code   RO          179    i.uart_lowlevel_init  uart.o
    0x08003b34   0x08003b34   0x00000044   Code   RO          180    i.uart_pin_init     uart.o
    0x08003b78   0x08003b78   0x0000000c   Code   RO          181    i.uart_recv_callback_register  uart.o
    0x08003b84   0x08003b84   0x00000020   Code   RO            3    i.uart_rx_handler   main.o
    0x08003ba4   0x08003ba4   0x00000020   Code   RO          182    i.uart_send         uart.o
    0x08003bc4   0x08003bc4   0x00000142   Data   RO         3668    .constdata          shell_cmd_list.o
    0x08003d06   0x08003d06   0x00000081   Data   RO         4492    .constdata          mc_w.l(ctype_o.o)
    0x08003d87   0x08003d87   0x00000001   PAD
    0x08003d88   0x08003d88   0x00000004   Data   RO         4493    .constdata          mc_w.l(ctype_o.o)
    0x08003d8c   0x08003d8c   0x000002a5   Data   RO         3369    .conststring        shell.o
    0x08004031   0x08004031   0x00000003   PAD
    0x08004034   0x08004034   0x0000012d   Data   RO         3669    .conststring        shell_cmd_list.o
    0x08004161   0x08004161   0x00000003   PAD
    0x08004164   0x08004164   0x00000020   Data   RO         4526    Region$$Table       anon$$obj.o


    Execution Region RW_IRAM1 (Exec base: 0x20000000, Load base: 0x08004184, Size: 0x00002fa0, Max: 0x00005000, ABSOLUTE)

    Exec Addr    Load Addr    Size         Type   Attr      Idx    E Section Name        Object

    0x20000000   0x08004184   0x00000008   Data   RW            5    .data               main.o
    0x20000008   0x0800418c   0x00000004   Data   RW          183    .data               uart.o
    0x2000000c   0x08004190   0x00000014   Data   RW         1939    .data               stm32f10x_rcc.o
    0x20000020   0x080041a4   0x00000054   Data   RW         3370    .data               shell.o
    0x20000074   0x080041f8   0x00000004   Data   RW         4455    .data               mc_w.l(stdout.o)
    0x20000078   0x080041fc   0x00000004   Data   RW         4463    .data               mc_w.l(errno.o)
    0x2000007c        -       0x00002b0c   Zero   RW            4    .bss                main.o
    0x20002b88        -       0x00000015   Zero   RW         3368    .bss                shell.o
    0x20002b9d   0x08004200   0x00000003   PAD
    0x20002ba0        -       0x00000400   Zero   RW          238    STACK               startup_stm32f10x_md.o


==============================================================================

Image component sizes


      Code (inc. data)   RO Data    RW Data    ZI Data      Debug   Object Name

        60          8          0          0          0     243701   board.o
         0          0          0          0          0         32   core_cm3.o
       200         40          0          8      11020      11846   main.o
       100         34          0          0          0       2913   mem.o
       112         12          0          0          0        956   misc.o
       172          0          0          0          0       4313   ringbuffer8.o
      4866        234        677         84         21      37483   shell.o
        32          0        623          0          0       1386   shell_cmd_list.o
      1534         16          0          0          0       6154   shell_ext.o
        36          8        236          0       1024        800   startup_stm32f10x_md.o
       278          0          0          0          0       1900   stm32f10x_gpio.o
        26          0          0          0          0       3874   stm32f10x_it.o
       244         26          0         20          0       3733   stm32f10x_rcc.o
       472          6          0          0          0       6523   stm32f10x_usart.o
       328         28          0          0          0       1897   system_stm32f10x.o
      1722        170          0          0          0      25889   tlsf.o
       308         34          0          4          0       3334   uart.o

    ----------------------------------------------------------------------
     10514        616       1574        116      12068     356734   Object Totals
         0          0         32          0          0          0   (incl. Generated)
        24          0          6          0          3          0   (incl. Padding)

    ----------------------------------------------------------------------

      Code (inc. data)   RO Data    RW Data    ZI Data      Debug   Library Member Name

        28          0          0          0          0         68   _chval.o
       158          0          0          0          0         92   _strtoul.o
        26          0          0          0          0         80   atoi.o
         8          4        133          0          0         68   ctype_o.o
         0          0          0          0          0          0   entry.o
         0          0          0          0          0          0   entry10a.o
         0          0          0          0          0          0   entry11a.o
         8          4          0          0          0          0   entry2.o
         4          0          0          0          0          0   entry5.o
         0          0          0          0          0          0   entry7b.o
         0          0          0          0          0          0   entry8b.o
         8          4          0          0          0          0   entry9a.o
         8          4          0          4          0         68   errno.o
        18          0          0          0          0         80   fputc.o
        30          0          0          0          0          0   handlers.o
        36          8          0          0          0         68   init.o
         0          0          0          0          0          0   iusefp.o
         0          0          0          0          0          0   iusesemip.o
        30          0          0          0          0         68   llshl.o
        36          0          0          0          0         68   llsshr.o
        32          0          0          0          0         68   llushr.o
        36          0          0          0          0        108   memseta.o
      2324         94          0          0          0        600   printfa.o
         0          0          0          0          0          0   semi.o
         0          0          0          4          0          0   stdout.o
        28          0          0          0          0         76   strcmp.o
        14          0          0          0          0         68   strlen.o
        30          0          0          0          0         80   strncmp.o
       112          0          0          0          0         88   strtol.o
        44          0          0          0          0         80   uidiv.o
        98          0          0          0          0         92   uldiv.o
        48          0          0          0          0         68   cdrcmple.o
       334          0          0          0          0        148   dadd.o
       222          0          0          0          0        100   ddiv.o
       186          0          0          0          0        176   depilogue.o
        48          0          0          0          0         68   dfixul.o
       228          0          0          0          0         96   dmul.o
       124          0          0          0          0         88   fdiv.o
       110          0          0          0          0        168   fepilogue.o
        18          0          0          0          0         68   fflti.o
        10          0          0          0          0         68   ffltui.o
       100          0          0          0          0         76   fmul.o

    ----------------------------------------------------------------------
      4550        118        134          8          0       3044   Library Totals
         6          0          1          0          0          0   (incl. Padding)

    ----------------------------------------------------------------------

      Code (inc. data)   RO Data    RW Data    ZI Data      Debug   Library Name

      3116        118        133          8          0       1920   mc_w.l
      1428          0          0          0          0       1124   mf_w.l

    ----------------------------------------------------------------------
      4550        118        134          8          0       3044   Library Totals

    ----------------------------------------------------------------------

==============================================================================


      Code (inc. data)   RO Data    RW Data    ZI Data      Debug   

     15064        734       1708        124      12068     350622   Grand Totals
     15064        734       1708        124      12068     350622   ELF Image Totals
     15064        734       1708        124          0          0   ROM Totals

==============================================================================

    Total RO  Size (Code + RO Data)                16772 (  16.38kB)
    Total RW  Size (RW Data + ZI Data)             12192 (  11.91kB)
    Total ROM Size (Code + RO Data + RW Data)      16896 (  16.50kB)

==============================================================================

