Component: ARM Compiler 5.06 update 7 (build 960) Tool: armlink [4d3601]

==============================================================================

Section Cross References

    main.o(i._shell_write) refers to uart.o(i.uart_send) for uart_send
    main.o(i.main) refers to board.o(i.board_lowlevel_init) for board_lowlevel_init
    main.o(i.main) refers to uart.o(i.uart_init) for uart_init
    main.o(i.main) refers to uart.o(i.uart_recv_callback_register) for uart_recv_callback_register
    main.o(i.main) refers to shell.o(i.shellInit) for shellInit
    main.o(i.main) refers to shell.o(i.shellHandler) for shellHandler
    main.o(i.main) refers to main.o(i.uart_rx_handler) for uart_rx_handler
    main.o(i.main) refers to main.o(i._shell_write) for _shell_write
    main.o(i.main) refers to main.o(.bss) for shell
    main.o(i.main) refers to main.o(.data) for rxdata
    main.o(i.uart_rx_handler) refers to main.o(.data) for rxdata
    board.o(i.board_lowlevel_init) refers to stm32f10x_rcc.o(i.RCC_APB2PeriphClockCmd) for RCC_APB2PeriphClockCmd
    uart.o(i.USART1_IRQHandler) refers to stm32f10x_usart.o(i.USART_GetITStatus) for USART_GetITStatus
    uart.o(i.USART1_IRQHandler) refers to stm32f10x_usart.o(i.USART_ReceiveData) for USART_ReceiveData
    uart.o(i.USART1_IRQHandler) refers to stm32f10x_usart.o(i.USART_ClearITPendingBit) for USART_ClearITPendingBit
    uart.o(i.USART1_IRQHandler) refers to uart.o(.data) for rx_callback
    uart.o(i.uart_init) refers to uart.o(i.uart_pin_init) for uart_pin_init
    uart.o(i.uart_init) refers to uart.o(i.uart_lowlevel_init) for uart_lowlevel_init
    uart.o(i.uart_init) refers to uart.o(i.uart_irq_init) for uart_irq_init
    uart.o(i.uart_irq_init) refers to misc.o(i.NVIC_Init) for NVIC_Init
    uart.o(i.uart_irq_init) refers to stm32f10x_usart.o(i.USART_ITConfig) for USART_ITConfig
    uart.o(i.uart_lowlevel_init) refers to stm32f10x_usart.o(i.USART_Init) for USART_Init
    uart.o(i.uart_lowlevel_init) refers to stm32f10x_usart.o(i.USART_Cmd) for USART_Cmd
    uart.o(i.uart_pin_init) refers to stm32f10x_gpio.o(i.GPIO_Init) for GPIO_Init
    uart.o(i.uart_recv_callback_register) refers to uart.o(.data) for rx_callback
    uart.o(i.uart_send) refers to stm32f10x_usart.o(i.USART_SendData) for USART_SendData
    uart.o(i.uart_send) refers to stm32f10x_usart.o(i.USART_GetFlagStatus) for USART_GetFlagStatus
    startup_stm32f10x_md.o(RESET) refers to startup_stm32f10x_md.o(STACK) for __initial_sp
    startup_stm32f10x_md.o(RESET) refers to startup_stm32f10x_md.o(.text) for Reset_Handler
    startup_stm32f10x_md.o(RESET) refers to stm32f10x_it.o(i.NMI_Handler) for NMI_Handler
    startup_stm32f10x_md.o(RESET) refers to stm32f10x_it.o(i.HardFault_Handler) for HardFault_Handler
    startup_stm32f10x_md.o(RESET) refers to stm32f10x_it.o(i.MemManage_Handler) for MemManage_Handler
    startup_stm32f10x_md.o(RESET) refers to stm32f10x_it.o(i.BusFault_Handler) for BusFault_Handler
    startup_stm32f10x_md.o(RESET) refers to stm32f10x_it.o(i.UsageFault_Handler) for UsageFault_Handler
    startup_stm32f10x_md.o(RESET) refers to stm32f10x_it.o(i.SVC_Handler) for SVC_Handler
    startup_stm32f10x_md.o(RESET) refers to stm32f10x_it.o(i.DebugMon_Handler) for DebugMon_Handler
    startup_stm32f10x_md.o(RESET) refers to stm32f10x_it.o(i.PendSV_Handler) for PendSV_Handler
    startup_stm32f10x_md.o(RESET) refers to stm32f10x_it.o(i.SysTick_Handler) for SysTick_Handler
    startup_stm32f10x_md.o(RESET) refers to uart.o(i.USART1_IRQHandler) for USART1_IRQHandler
    startup_stm32f10x_md.o(.text) refers to system_stm32f10x.o(i.SystemInit) for SystemInit
    startup_stm32f10x_md.o(.text) refers to entry.o(.ARM.Collect$$$$00000000) for __main
    system_stm32f10x.o(i.SetSysClock) refers to system_stm32f10x.o(i.SetSysClockTo72) for SetSysClockTo72
    system_stm32f10x.o(i.SystemCoreClockUpdate) refers to system_stm32f10x.o(.data) for SystemCoreClock
    system_stm32f10x.o(i.SystemInit) refers to system_stm32f10x.o(i.SetSysClock) for SetSysClock
    stm32f10x_adc.o(i.ADC_DeInit) refers to stm32f10x_rcc.o(i.RCC_APB2PeriphResetCmd) for RCC_APB2PeriphResetCmd
    stm32f10x_bkp.o(i.BKP_DeInit) refers to stm32f10x_rcc.o(i.RCC_BackupResetCmd) for RCC_BackupResetCmd
    stm32f10x_can.o(i.CAN_DeInit) refers to stm32f10x_rcc.o(i.RCC_APB1PeriphResetCmd) for RCC_APB1PeriphResetCmd
    stm32f10x_can.o(i.CAN_GetITStatus) refers to stm32f10x_can.o(i.CheckITStatus) for CheckITStatus
    stm32f10x_cec.o(i.CEC_DeInit) refers to stm32f10x_rcc.o(i.RCC_APB1PeriphResetCmd) for RCC_APB1PeriphResetCmd
    stm32f10x_dac.o(i.DAC_DeInit) refers to stm32f10x_rcc.o(i.RCC_APB1PeriphResetCmd) for RCC_APB1PeriphResetCmd
    stm32f10x_flash.o(i.FLASH_EnableWriteProtection) refers to stm32f10x_flash.o(i.FLASH_WaitForLastOperation) for FLASH_WaitForLastOperation
    stm32f10x_flash.o(i.FLASH_EraseAllBank1Pages) refers to stm32f10x_flash.o(i.FLASH_WaitForLastBank1Operation) for FLASH_WaitForLastBank1Operation
[...]
    ffltui.o(.text) refers (Special) to iusefp.o(.text) for __I$use$fp
    ffltui.o(.text) refers to fepilogue.o(.text) for _float_epilogue
    entry2.o(.ARM.Collect$$$$00000001) refers to entry2.o(.ARM.Collect$$$$00002712) for __lit__00000000
    entry2.o(.ARM.Collect$$$$00002712) refers to startup_stm32f10x_md.o(STACK) for __initial_sp
    entry2.o(__vectab_stack_and_reset_area) refers to startup_stm32f10x_md.o(STACK) for __initial_sp
    entry2.o(__vectab_stack_and_reset_area) refers to entry.o(.ARM.Collect$$$$00000000) for __main
    entry5.o(.ARM.Collect$$$$00000004) refers to init.o(.text) for __scatterload
    entry9a.o(.ARM.Collect$$$$0000000B) refers to main.o(i.main) for main
    entry9b.o(.ARM.Collect$$$$0000000C) refers to main.o(i.main) for main
    fputc.o(i.fputc) refers (Special) to iusesemip.o(.text) for __I$use$semihosting$fputc
    fputc.o(i.fputc) refers (Special) to semi.o(.text) for __semihosting_library_function
    uldiv.o(.text) refers to llushr.o(.text) for __aeabi_llsr
    uldiv.o(.text) refers to llshl.o(.text) for __aeabi_llsl
    dadd.o(.text) refers to llshl.o(.text) for __aeabi_llsl
    dadd.o(.text) refers to llsshr.o(.text) for __aeabi_lasr
    dadd.o(.text) refers to depilogue.o(.text) for _double_epilogue
    dmul.o(.text) refers to depilogue.o(.text) for _double_epilogue
    ddiv.o(.text) refers to depilogue.o(.text) for _double_round
    dfixul.o(.text) refers to llushr.o(.text) for __aeabi_llsr
    dfixul.o(.text) refers to llshl.o(.text) for __aeabi_llsl
    init.o(.text) refers to entry5.o(.ARM.Collect$$$$00000004) for __main_after_scatterload
    depilogue.o(.text) refers to llshl.o(.text) for __aeabi_llsl
    depilogue.o(.text) refers to llushr.o(.text) for __aeabi_llsr


==============================================================================

Removing Unused input sections from the image.

    Removing core_cm3.o(.emb_text), (32 bytes).
    Removing startup_stm32f10x_md.o(HEAP), (512 bytes).
    Removing system_stm32f10x.o(i.SystemCoreClockUpdate), (164 bytes).
    Removing system_stm32f10x.o(.data), (20 bytes).
    Removing misc.o(i.NVIC_PriorityGroupConfig), (20 bytes).
    Removing misc.o(i.NVIC_SetVectorTable), (20 bytes).
    Removing misc.o(i.NVIC_SystemLPConfig), (32 bytes).
    Removing misc.o(i.SysTick_CLKSourceConfig), (40 bytes).
    Removing stm32f10x_adc.o(i.ADC_AnalogWatchdogCmd), (20 bytes).
    Removing stm32f10x_adc.o(i.ADC_AnalogWatchdogSingleChannelConfig), (16 bytes).
    Removing stm32f10x_adc.o(i.ADC_AnalogWatchdogThresholdsConfig), (6 bytes).
    Removing stm32f10x_adc.o(i.ADC_AutoInjectedConvCmd), (22 bytes).
    Removing stm32f10x_adc.o(i.ADC_ClearFlag), (6 bytes).
    Removing stm32f10x_adc.o(i.ADC_ClearITPendingBit), (10 bytes).
    Removing stm32f10x_adc.o(i.ADC_Cmd), (22 bytes).
    Removing stm32f10x_adc.o(i.ADC_DMACmd), (22 bytes).
    Removing stm32f10x_adc.o(i.ADC_DeInit), (92 bytes).
    Removing stm32f10x_adc.o(i.ADC_DiscModeChannelCountConfig), (24 bytes).
    Removing stm32f10x_adc.o(i.ADC_DiscModeCmd), (22 bytes).
    Removing stm32f10x_adc.o(i.ADC_ExternalTrigConvCmd), (22 bytes).
    Removing stm32f10x_adc.o(i.ADC_ExternalTrigInjectedConvCmd), (22 bytes).
    Removing stm32f10x_adc.o(i.ADC_ExternalTrigInjectedConvConfig), (16 bytes).
    Removing stm32f10x_adc.o(i.ADC_GetCalibrationStatus), (20 bytes).
    Removing stm32f10x_adc.o(i.ADC_GetConversionValue), (8 bytes).
    Removing stm32f10x_adc.o(i.ADC_GetDualModeConversionValue), (12 bytes).
    Removing stm32f10x_adc.o(i.ADC_GetFlagStatus), (18 bytes).
    Removing stm32f10x_adc.o(i.ADC_GetITStatus), (36 bytes).
    Removing stm32f10x_adc.o(i.ADC_GetInjectedConversionValue), (28 bytes).
    Removing stm32f10x_adc.o(i.ADC_GetResetCalibrationStatus), (20 bytes).
    Removing stm32f10x_adc.o(i.ADC_GetSoftwareStartConvStatus), (20 bytes).
    Removing stm32f10x_adc.o(i.ADC_GetSoftwareStartInjectedConvCmdStatus), (20 bytes).
    Removing stm32f10x_adc.o(i.ADC_ITConfig), (24 bytes).
    Removing stm32f10x_adc.o(i.ADC_Init), (80 bytes).
    Removing stm32f10x_adc.o(i.ADC_InjectedChannelConfig), (130 bytes).
    Removing stm32f10x_adc.o(i.ADC_InjectedDiscModeCmd), (22 bytes).
    Removing stm32f10x_adc.o(i.ADC_InjectedSequencerLengthConfig), (24 bytes).
    Removing stm32f10x_adc.o(i.ADC_RegularChannelConfig), (184 bytes).
    Removing stm32f10x_adc.o(i.ADC_ResetCalibration), (10 bytes).
    Removing stm32f10x_adc.o(i.ADC_SetInjectedOffset), (20 bytes).
    Removing stm32f10x_adc.o(i.ADC_SoftwareStartConvCmd), (22 bytes).
    Removing stm32f10x_adc.o(i.ADC_SoftwareStartInjectedConvCmd), (22 bytes).
    Removing stm32f10x_adc.o(i.ADC_StartCalibration), (10 bytes).
    Removing stm32f10x_adc.o(i.ADC_StructInit), (18 bytes).
    Removing stm32f10x_adc.o(i.ADC_TempSensorVrefintCmd), (36 bytes).
    Removing stm32f10x_bkp.o(i.BKP_ClearFlag), (20 bytes).
    Removing stm32f10x_bkp.o(i.BKP_ClearITPendingBit), (20 bytes).
    Removing stm32f10x_bkp.o(i.BKP_DeInit), (16 bytes).
    Removing stm32f10x_bkp.o(i.BKP_GetFlagStatus), (12 bytes).
    Removing stm32f10x_bkp.o(i.BKP_GetITStatus), (12 bytes).
    Removing stm32f10x_bkp.o(i.BKP_ITConfig), (12 bytes).
    Removing stm32f10x_bkp.o(i.BKP_RTCOutputConfig), (28 bytes).
    Removing stm32f10x_bkp.o(i.BKP_ReadBackupRegister), (28 bytes).
    Removing stm32f10x_bkp.o(i.BKP_SetRTCCalibrationValue), (28 bytes).
    Removing stm32f10x_bkp.o(i.BKP_TamperPinCmd), (12 bytes).
    Removing stm32f10x_bkp.o(i.BKP_TamperPinLevelConfig), (12 bytes).
    Removing stm32f10x_bkp.o(i.BKP_WriteBackupRegister), (28 bytes).
    Removing stm32f10x_can.o(i.CAN_CancelTransmit), (48 bytes).
    Removing stm32f10x_can.o(i.CAN_ClearFlag), (56 bytes).
    Removing stm32f10x_can.o(i.CAN_ClearITPendingBit), (168 bytes).
    Removing stm32f10x_can.o(i.CAN_DBGFreeze), (22 bytes).
    Removing stm32f10x_can.o(i.CAN_DeInit), (56 bytes).
    Removing stm32f10x_can.o(i.CAN_FIFORelease), (22 bytes).
    Removing stm32f10x_can.o(i.CAN_FilterInit), (264 bytes).
    Removing stm32f10x_can.o(i.CAN_GetFlagStatus), (120 bytes).
    Removing stm32f10x_can.o(i.CAN_GetITStatus), (288 bytes).
    Removing stm32f10x_can.o(i.CAN_GetLSBTransmitErrorCounter), (12 bytes).
    Removing stm32f10x_can.o(i.CAN_GetLastErrorCode), (12 bytes).
    Removing stm32f10x_can.o(i.CAN_GetReceiveErrorCounter), (10 bytes).
    Removing stm32f10x_can.o(i.CAN_ITConfig), (18 bytes).
    Removing stm32f10x_can.o(i.CAN_Init), (276 bytes).
    Removing stm32f10x_can.o(i.CAN_MessagePending), (30 bytes).
    Removing stm32f10x_can.o(i.CAN_OperatingModeRequest), (162 bytes).
    Removing stm32f10x_can.o(i.CAN_Receive), (240 bytes).
    Removing stm32f10x_can.o(i.CAN_SlaveStartBank), (52 bytes).
    Removing stm32f10x_can.o(i.CAN_Sleep), (30 bytes).
    Removing stm32f10x_can.o(i.CAN_StructInit), (32 bytes).
    Removing stm32f10x_can.o(i.CAN_TTComModeCmd), (118 bytes).
    Removing stm32f10x_can.o(i.CAN_Transmit), (294 bytes).
    Removing stm32f10x_can.o(i.CAN_TransmitStatus), (160 bytes).
    Removing stm32f10x_can.o(i.CAN_WakeUp), (48 bytes).
    Removing stm32f10x_can.o(i.CheckITStatus), (18 bytes).
    Removing stm32f10x_cec.o(i.CEC_ClearFlag), (36 bytes).
    Removing stm32f10x_cec.o(i.CEC_ClearITPendingBit), (36 bytes).
    Removing stm32f10x_cec.o(i.CEC_Cmd), (32 bytes).
    Removing stm32f10x_cec.o(i.CEC_DeInit), (22 bytes).
    Removing stm32f10x_cec.o(i.CEC_EndOfMessageCmd), (12 bytes).
    Removing stm32f10x_cec.o(i.CEC_GetFlagStatus), (48 bytes).
    Removing stm32f10x_cec.o(i.CEC_GetITStatus), (40 bytes).
    Removing stm32f10x_cec.o(i.CEC_ITConfig), (12 bytes).
    Removing stm32f10x_cec.o(i.CEC_Init), (32 bytes).
    Removing stm32f10x_cec.o(i.CEC_OwnAddressConfig), (12 bytes).
    Removing stm32f10x_cec.o(i.CEC_ReceiveDataByte), (12 bytes).
    Removing stm32f10x_cec.o(i.CEC_SendDataByte), (12 bytes).
    Removing stm32f10x_cec.o(i.CEC_SetPrescaler), (12 bytes).
    Removing stm32f10x_cec.o(i.CEC_StartOfMessage), (12 bytes).
    Removing stm32f10x_crc.o(i.CRC_CalcBlockCRC), (36 bytes).
    Removing stm32f10x_crc.o(i.CRC_CalcCRC), (16 bytes).
    Removing stm32f10x_crc.o(i.CRC_GetCRC), (12 bytes).
    Removing stm32f10x_crc.o(i.CRC_GetIDRegister), (12 bytes).
    Removing stm32f10x_crc.o(i.CRC_ResetDR), (12 bytes).
    Removing stm32f10x_crc.o(i.CRC_SetIDRegister), (12 bytes).
    Removing stm32f10x_dac.o(i.DAC_Cmd), (40 bytes).
    Removing stm32f10x_dac.o(i.DAC_DMACmd), (44 bytes).
    Removing stm32f10x_dac.o(i.DAC_DeInit), (22 bytes).
    Removing stm32f10x_dac.o(i.DAC_DualSoftwareTriggerCmd), (36 bytes).
    Removing stm32f10x_dac.o(i.DAC_GetDataOutputValue), (36 bytes).
    Removing stm32f10x_dac.o(i.DAC_Init), (52 bytes).
    Removing stm32f10x_dac.o(i.DAC_SetChannel1Data), (32 bytes).
    Removing stm32f10x_dac.o(i.DAC_SetChannel2Data), (32 bytes).
    Removing stm32f10x_dac.o(i.DAC_SetDualChannelData), (36 bytes).
    Removing stm32f10x_dac.o(i.DAC_SoftwareTriggerCmd), (44 bytes).
    Removing stm32f10x_dac.o(i.DAC_StructInit), (12 bytes).
    Removing stm32f10x_dac.o(i.DAC_WaveGenerationCmd), (40 bytes).
    Removing stm32f10x_dbgmcu.o(i.DBGMCU_Config), (32 bytes).
    Removing stm32f10x_dbgmcu.o(i.DBGMCU_GetDEVID), (16 bytes).
    Removing stm32f10x_dbgmcu.o(i.DBGMCU_GetREVID), (12 bytes).
    Removing stm32f10x_dma.o(i.DMA_ClearFlag), (28 bytes).
    Removing stm32f10x_dma.o(i.DMA_ClearITPendingBit), (28 bytes).
    Removing stm32f10x_dma.o(i.DMA_Cmd), (24 bytes).
    Removing stm32f10x_dma.o(i.DMA_DeInit), (332 bytes).
    Removing stm32f10x_dma.o(i.DMA_GetCurrDataCounter), (8 bytes).
    Removing stm32f10x_dma.o(i.DMA_GetFlagStatus), (44 bytes).
    Removing stm32f10x_dma.o(i.DMA_GetITStatus), (44 bytes).
    Removing stm32f10x_dma.o(i.DMA_ITConfig), (18 bytes).
    Removing stm32f10x_dma.o(i.DMA_Init), (60 bytes).
    Removing stm32f10x_dma.o(i.DMA_SetCurrDataCounter), (4 bytes).
    Removing stm32f10x_dma.o(i.DMA_StructInit), (26 bytes).
    Removing stm32f10x_exti.o(i.EXTI_ClearFlag), (12 bytes).
    Removing stm32f10x_exti.o(i.EXTI_ClearITPendingBit), (12 bytes).
    Removing stm32f10x_exti.o(i.EXTI_DeInit), (36 bytes).
    Removing stm32f10x_exti.o(i.EXTI_GenerateSWInterrupt), (16 bytes).
    Removing stm32f10x_exti.o(i.EXTI_GetFlagStatus), (24 bytes).
    Removing stm32f10x_exti.o(i.EXTI_GetITStatus), (40 bytes).
    Removing stm32f10x_exti.o(i.EXTI_Init), (148 bytes).
    Removing stm32f10x_exti.o(i.EXTI_StructInit), (16 bytes).
    Removing stm32f10x_flash.o(i.FLASH_ClearFlag), (12 bytes).
    Removing stm32f10x_flash.o(i.FLASH_EnableWriteProtection), (196 bytes).
    Removing stm32f10x_flash.o(i.FLASH_EraseAllBank1Pages), (72 bytes).
    Removing stm32f10x_flash.o(i.FLASH_EraseAllPages), (72 bytes).
    Removing stm32f10x_flash.o(i.FLASH_EraseOptionBytes), (168 bytes).
    Removing stm32f10x_flash.o(i.FLASH_ErasePage), (76 bytes).
    Removing stm32f10x_flash.o(i.FLASH_GetBank1Status), (52 bytes).
    Removing stm32f10x_flash.o(i.FLASH_GetFlagStatus), (48 bytes).
    Removing stm32f10x_flash.o(i.FLASH_GetPrefetchBufferStatus), (24 bytes).
    Removing stm32f10x_flash.o(i.FLASH_GetReadOutProtectionStatus), (24 bytes).
    Removing stm32f10x_flash.o(i.FLASH_GetStatus), (52 bytes).
    Removing stm32f10x_flash.o(i.FLASH_GetUserOptionByte), (12 bytes).
    Removing stm32f10x_flash.o(i.FLASH_GetWriteProtectionOptionByte), (12 bytes).
    Removing stm32f10x_flash.o(i.FLASH_HalfCycleAccessCmd), (28 bytes).
    Removing stm32f10x_flash.o(i.FLASH_ITConfig), (32 bytes).
    Removing stm32f10x_flash.o(i.FLASH_Lock), (20 bytes).
    Removing stm32f10x_flash.o(i.FLASH_LockBank1), (20 bytes).
    Removing stm32f10x_flash.o(i.FLASH_PrefetchBufferCmd), (28 bytes).
    Removing stm32f10x_flash.o(i.FLASH_ProgramHalfWord), (64 bytes).
    Removing stm32f10x_flash.o(i.FLASH_ProgramOptionByteData), (84 bytes).
    Removing stm32f10x_flash.o(i.FLASH_ProgramWord), (108 bytes).
    Removing stm32f10x_flash.o(i.FLASH_ReadOutProtection), (172 bytes).
    Removing stm32f10x_flash.o(i.FLASH_SetLatency), (24 bytes).
    Removing stm32f10x_flash.o(i.FLASH_Unlock), (24 bytes).
    Removing stm32f10x_flash.o(i.FLASH_UnlockBank1), (24 bytes).
    Removing stm32f10x_flash.o(i.FLASH_UserOptionByteConfig), (104 bytes).
    Removing stm32f10x_flash.o(i.FLASH_WaitForLastBank1Operation), (38 bytes).
    Removing stm32f10x_flash.o(i.FLASH_WaitForLastOperation), (38 bytes).
    Removing stm32f10x_fsmc.o(i.FSMC_ClearFlag), (64 bytes).
    Removing stm32f10x_fsmc.o(i.FSMC_ClearITPendingBit), (72 bytes).
    Removing stm32f10x_fsmc.o(i.FSMC_GetECC), (28 bytes).
    Removing stm32f10x_fsmc.o(i.FSMC_GetFlagStatus), (56 bytes).
    Removing stm32f10x_fsmc.o(i.FSMC_GetITStatus), (68 bytes).
    Removing stm32f10x_fsmc.o(i.FSMC_ITConfig), (128 bytes).
    Removing stm32f10x_fsmc.o(i.FSMC_NANDCmd), (92 bytes).
    Removing stm32f10x_fsmc.o(i.FSMC_NANDDeInit), (68 bytes).
    Removing stm32f10x_fsmc.o(i.FSMC_NANDECCCmd), (92 bytes).
    Removing stm32f10x_fsmc.o(i.FSMC_NANDInit), (136 bytes).
    Removing stm32f10x_fsmc.o(i.FSMC_NANDStructInit), (54 bytes).
    Removing stm32f10x_fsmc.o(i.FSMC_NORSRAMCmd), (52 bytes).
    Removing stm32f10x_fsmc.o(i.FSMC_NORSRAMDeInit), (54 bytes).
    Removing stm32f10x_fsmc.o(i.FSMC_NORSRAMInit), (230 bytes).
    Removing stm32f10x_fsmc.o(i.FSMC_NORSRAMStructInit), (114 bytes).
    Removing stm32f10x_fsmc.o(i.FSMC_PCCARDCmd), (48 bytes).
    Removing stm32f10x_fsmc.o(i.FSMC_PCCARDDeInit), (40 bytes).
    Removing stm32f10x_fsmc.o(i.FSMC_PCCARDInit), (132 bytes).
    Removing stm32f10x_fsmc.o(i.FSMC_PCCARDStructInit), (60 bytes).
    Removing stm32f10x_gpio.o(i.GPIO_AFIODeInit), (20 bytes).
    Removing stm32f10x_gpio.o(i.GPIO_DeInit), (200 bytes).
    Removing stm32f10x_gpio.o(i.GPIO_ETH_MediaInterfaceConfig), (12 bytes).
    Removing stm32f10x_gpio.o(i.GPIO_EXTILineConfig), (64 bytes).
    Removing stm32f10x_gpio.o(i.GPIO_EventOutputCmd), (12 bytes).
    Removing stm32f10x_gpio.o(i.GPIO_EventOutputConfig), (32 bytes).
    Removing stm32f10x_gpio.o(i.GPIO_PinLockConfig), (18 bytes).
    Removing stm32f10x_gpio.o(i.GPIO_PinRemapConfig), (144 bytes).
    Removing stm32f10x_gpio.o(i.GPIO_ReadInputData), (8 bytes).
    Removing stm32f10x_gpio.o(i.GPIO_ReadInputDataBit), (18 bytes).
    Removing stm32f10x_gpio.o(i.GPIO_ReadOutputData), (8 bytes).
    Removing stm32f10x_gpio.o(i.GPIO_ReadOutputDataBit), (18 bytes).
    Removing stm32f10x_gpio.o(i.GPIO_ResetBits), (4 bytes).
    Removing stm32f10x_gpio.o(i.GPIO_SetBits), (4 bytes).
    Removing stm32f10x_gpio.o(i.GPIO_StructInit), (16 bytes).
    Removing stm32f10x_gpio.o(i.GPIO_Write), (4 bytes).
    Removing stm32f10x_gpio.o(i.GPIO_WriteBit), (10 bytes).
    Removing stm32f10x_i2c.o(i.I2C_ARPCmd), (24 bytes).
    Removing stm32f10x_i2c.o(i.I2C_AcknowledgeConfig), (24 bytes).
    Removing stm32f10x_i2c.o(i.I2C_CalculatePEC), (24 bytes).
    Removing stm32f10x_i2c.o(i.I2C_CheckEvent), (42 bytes).
    Removing stm32f10x_i2c.o(i.I2C_ClearFlag), (12 bytes).
    Removing stm32f10x_i2c.o(i.I2C_ClearITPendingBit), (12 bytes).
    Removing stm32f10x_i2c.o(i.I2C_Cmd), (24 bytes).
    Removing stm32f10x_i2c.o(i.I2C_DMACmd), (24 bytes).
    Removing stm32f10x_i2c.o(i.I2C_DMALastTransferCmd), (24 bytes).
    Removing stm32f10x_i2c.o(i.I2C_DeInit), (56 bytes).
    Removing stm32f10x_i2c.o(i.I2C_DualAddressCmd), (24 bytes).
    Removing stm32f10x_i2c.o(i.I2C_FastModeDutyCycleConfig), (28 bytes).
    Removing stm32f10x_i2c.o(i.I2C_GeneralCallCmd), (24 bytes).
    Removing stm32f10x_i2c.o(i.I2C_GenerateSTART), (24 bytes).
    Removing stm32f10x_i2c.o(i.I2C_GenerateSTOP), (24 bytes).
    Removing stm32f10x_i2c.o(i.I2C_GetFlagStatus), (58 bytes).
    Removing stm32f10x_i2c.o(i.I2C_GetITStatus), (38 bytes).
    Removing stm32f10x_i2c.o(i.I2C_GetLastEvent), (26 bytes).
    Removing stm32f10x_i2c.o(i.I2C_GetPEC), (8 bytes).
    Removing stm32f10x_i2c.o(i.I2C_ITConfig), (18 bytes).
    Removing stm32f10x_i2c.o(i.I2C_Init), (236 bytes).
    Removing stm32f10x_i2c.o(i.I2C_NACKPositionConfig), (28 bytes).
    Removing stm32f10x_i2c.o(i.I2C_OwnAddress2Config), (22 bytes).
    Removing stm32f10x_i2c.o(i.I2C_PECPositionConfig), (28 bytes).
    Removing stm32f10x_i2c.o(i.I2C_ReadRegister), (22 bytes).
    Removing stm32f10x_i2c.o(i.I2C_ReceiveData), (8 bytes).
    Removing stm32f10x_i2c.o(i.I2C_SMBusAlertConfig), (28 bytes).
    Removing stm32f10x_i2c.o(i.I2C_Send7bitAddress), (18 bytes).
    Removing stm32f10x_i2c.o(i.I2C_SendData), (4 bytes).
    Removing stm32f10x_i2c.o(i.I2C_SoftwareResetCmd), (22 bytes).
    Removing stm32f10x_i2c.o(i.I2C_StretchClockCmd), (24 bytes).
    Removing stm32f10x_i2c.o(i.I2C_StructInit), (30 bytes).
    Removing stm32f10x_i2c.o(i.I2C_TransmitPEC), (24 bytes).
    Removing stm32f10x_iwdg.o(i.IWDG_Enable), (16 bytes).
    Removing stm32f10x_iwdg.o(i.IWDG_GetFlagStatus), (24 bytes).
    Removing stm32f10x_iwdg.o(i.IWDG_ReloadCounter), (16 bytes).
    Removing stm32f10x_iwdg.o(i.IWDG_SetPrescaler), (12 bytes).
    Removing stm32f10x_iwdg.o(i.IWDG_SetReload), (12 bytes).
    Removing stm32f10x_iwdg.o(i.IWDG_WriteAccessCmd), (12 bytes).
    Removing stm32f10x_pwr.o(i.PWR_BackupAccessCmd), (12 bytes).
    Removing stm32f10x_pwr.o(i.PWR_ClearFlag), (20 bytes).
    Removing stm32f10x_pwr.o(i.PWR_DeInit), (22 bytes).
    Removing stm32f10x_pwr.o(i.PWR_EnterSTANDBYMode), (40 bytes).
    Removing stm32f10x_pwr.o(i.PWR_EnterSTOPMode), (64 bytes).
    Removing stm32f10x_pwr.o(i.PWR_GetFlagStatus), (24 bytes).
    Removing stm32f10x_pwr.o(i.PWR_PVDCmd), (12 bytes).
    Removing stm32f10x_pwr.o(i.PWR_PVDLevelConfig), (24 bytes).
    Removing stm32f10x_pwr.o(i.PWR_WakeUpPinCmd), (12 bytes).
    Removing stm32f10x_rcc.o(i.RCC_ADCCLKConfig), (24 bytes).
    Removing stm32f10x_rcc.o(i.RCC_AHBPeriphClockCmd), (32 bytes).
    Removing stm32f10x_rcc.o(i.RCC_APB1PeriphClockCmd), (32 bytes).
    Removing stm32f10x_rcc.o(i.RCC_APB1PeriphResetCmd), (32 bytes).
    Removing stm32f10x_rcc.o(i.RCC_APB2PeriphResetCmd), (32 bytes).
    Removing stm32f10x_rcc.o(i.RCC_AdjustHSICalibrationValue), (24 bytes).
    Removing stm32f10x_rcc.o(i.RCC_BackupResetCmd), (12 bytes).
    Removing stm32f10x_rcc.o(i.RCC_ClearFlag), (20 bytes).
    Removing stm32f10x_rcc.o(i.RCC_ClearITPendingBit), (12 bytes).
    Removing stm32f10x_rcc.o(i.RCC_ClockSecuritySystemCmd), (12 bytes).
    Removing stm32f10x_rcc.o(i.RCC_DeInit), (76 bytes).
    Removing stm32f10x_rcc.o(i.RCC_GetFlagStatus), (60 bytes).
    Removing stm32f10x_rcc.o(i.RCC_GetITStatus), (24 bytes).
    Removing stm32f10x_rcc.o(i.RCC_GetSYSCLKSource), (16 bytes).
    Removing stm32f10x_rcc.o(i.RCC_HCLKConfig), (24 bytes).
    Removing stm32f10x_rcc.o(i.RCC_HSEConfig), (76 bytes).
    Removing stm32f10x_rcc.o(i.RCC_HSICmd), (12 bytes).
    Removing stm32f10x_rcc.o(i.RCC_ITConfig), (32 bytes).
    Removing stm32f10x_rcc.o(i.RCC_LSEConfig), (52 bytes).
    Removing stm32f10x_rcc.o(i.RCC_LSICmd), (12 bytes).
    Removing stm32f10x_rcc.o(i.RCC_MCOConfig), (12 bytes).
    Removing stm32f10x_rcc.o(i.RCC_PCLK1Config), (24 bytes).
    Removing stm32f10x_rcc.o(i.RCC_PCLK2Config), (24 bytes).
    Removing stm32f10x_rcc.o(i.RCC_PLLCmd), (12 bytes).
    Removing stm32f10x_rcc.o(i.RCC_PLLConfig), (28 bytes).
    Removing stm32f10x_rcc.o(i.RCC_RTCCLKCmd), (12 bytes).
    Removing stm32f10x_rcc.o(i.RCC_RTCCLKConfig), (16 bytes).
    Removing stm32f10x_rcc.o(i.RCC_SYSCLKConfig), (24 bytes).
    Removing stm32f10x_rcc.o(i.RCC_USBCLKConfig), (12 bytes).
    Removing stm32f10x_rcc.o(i.RCC_WaitForHSEStartUp), (56 bytes).
    Removing stm32f10x_rtc.o(i.RTC_ClearFlag), (16 bytes).
    Removing stm32f10x_rtc.o(i.RTC_ClearITPendingBit), (16 bytes).
    Removing stm32f10x_rtc.o(i.RTC_EnterConfigMode), (20 bytes).
    Removing stm32f10x_rtc.o(i.RTC_ExitConfigMode), (20 bytes).
    Removing stm32f10x_rtc.o(i.RTC_GetCounter), (44 bytes).
    Removing stm32f10x_rtc.o(i.RTC_GetDivider), (24 bytes).
    Removing stm32f10x_rtc.o(i.RTC_GetFlagStatus), (24 bytes).
    Removing stm32f10x_rtc.o(i.RTC_GetITStatus), (36 bytes).
    Removing stm32f10x_rtc.o(i.RTC_ITConfig), (32 bytes).
    Removing stm32f10x_rtc.o(i.RTC_SetAlarm), (28 bytes).
    Removing stm32f10x_rtc.o(i.RTC_SetCounter), (28 bytes).
    Removing stm32f10x_rtc.o(i.RTC_SetPrescaler), (32 bytes).
    Removing stm32f10x_rtc.o(i.RTC_WaitForLastTask), (20 bytes).
    Removing stm32f10x_rtc.o(i.RTC_WaitForSynchro), (36 bytes).
    Removing stm32f10x_sdio.o(i.SDIO_CEATAITCmd), (16 bytes).
    Removing stm32f10x_sdio.o(i.SDIO_ClearFlag), (12 bytes).
    Removing stm32f10x_sdio.o(i.SDIO_ClearITPendingBit), (12 bytes).
    Removing stm32f10x_sdio.o(i.SDIO_ClockCmd), (12 bytes).
    Removing stm32f10x_sdio.o(i.SDIO_CmdStructInit), (14 bytes).
    Removing stm32f10x_sdio.o(i.SDIO_CommandCompletionCmd), (12 bytes).
    Removing stm32f10x_sdio.o(i.SDIO_DMACmd), (12 bytes).
    Removing stm32f10x_sdio.o(i.SDIO_DataConfig), (48 bytes).
    Removing stm32f10x_sdio.o(i.SDIO_DataStructInit), (20 bytes).
    Removing stm32f10x_sdio.o(i.SDIO_DeInit), (36 bytes).
    Removing stm32f10x_sdio.o(i.SDIO_GetCommandResponse), (12 bytes).
    Removing stm32f10x_sdio.o(i.SDIO_GetDataCounter), (12 bytes).
    Removing stm32f10x_sdio.o(i.SDIO_GetFIFOCount), (12 bytes).
    Removing stm32f10x_sdio.o(i.SDIO_GetFlagStatus), (24 bytes).
    Removing stm32f10x_sdio.o(i.SDIO_GetITStatus), (24 bytes).
    Removing stm32f10x_sdio.o(i.SDIO_GetPowerState), (16 bytes).
    Removing stm32f10x_sdio.o(i.SDIO_GetResponse), (24 bytes).
    Removing stm32f10x_sdio.o(i.SDIO_ITConfig), (32 bytes).
    Removing stm32f10x_sdio.o(i.SDIO_Init), (48 bytes).
    Removing stm32f10x_sdio.o(i.SDIO_ReadData), (12 bytes).
    Removing stm32f10x_sdio.o(i.SDIO_SendCEATACmd), (12 bytes).
    Removing stm32f10x_sdio.o(i.SDIO_SendCommand), (44 bytes).
    Removing stm32f10x_sdio.o(i.SDIO_SendSDIOSuspendCmd), (12 bytes).
    Removing stm32f10x_sdio.o(i.SDIO_SetPowerState), (12 bytes).
    Removing stm32f10x_sdio.o(i.SDIO_SetSDIOOperation), (12 bytes).
    Removing stm32f10x_sdio.o(i.SDIO_SetSDIOReadWaitMode), (12 bytes).
    Removing stm32f10x_sdio.o(i.SDIO_StartSDIOReadWait), (12 bytes).
    Removing stm32f10x_sdio.o(i.SDIO_StopSDIOReadWait), (12 bytes).
    Removing stm32f10x_sdio.o(i.SDIO_StructInit), (16 bytes).
    Removing stm32f10x_sdio.o(i.SDIO_WriteData), (12 bytes).
    Removing stm32f10x_spi.o(i.I2S_Cmd), (24 bytes).
    Removing stm32f10x_spi.o(i.I2S_Init), (232 bytes).
    Removing stm32f10x_spi.o(i.I2S_StructInit), (20 bytes).
    Removing stm32f10x_spi.o(i.SPI_BiDirectionalLineConfig), (28 bytes).
    Removing stm32f10x_spi.o(i.SPI_CalculateCRC), (24 bytes).
    Removing stm32f10x_spi.o(i.SPI_Cmd), (24 bytes).
    Removing stm32f10x_spi.o(i.SPI_DataSizeConfig), (18 bytes).
    Removing stm32f10x_spi.o(i.SPI_GetCRC), (16 bytes).
    Removing stm32f10x_spi.o(i.SPI_GetCRCPolynomial), (6 bytes).
    Removing stm32f10x_spi.o(i.SPI_I2S_ClearFlag), (6 bytes).
    Removing stm32f10x_spi.o(i.SPI_I2S_ClearITPendingBit), (20 bytes).
    Removing stm32f10x_spi.o(i.SPI_I2S_DMACmd), (18 bytes).
    Removing stm32f10x_spi.o(i.SPI_I2S_DeInit), (88 bytes).
    Removing stm32f10x_spi.o(i.SPI_I2S_GetFlagStatus), (18 bytes).
    Removing stm32f10x_spi.o(i.SPI_I2S_GetITStatus), (52 bytes).
    Removing stm32f10x_spi.o(i.SPI_I2S_ITConfig), (32 bytes).
    Removing stm32f10x_spi.o(i.SPI_I2S_ReceiveData), (6 bytes).
    Removing stm32f10x_spi.o(i.SPI_I2S_SendData), (4 bytes).
    Removing stm32f10x_spi.o(i.SPI_Init), (60 bytes).
    Removing stm32f10x_spi.o(i.SPI_NSSInternalSoftwareConfig), (30 bytes).
    Removing stm32f10x_spi.o(i.SPI_SSOutputCmd), (24 bytes).
    Removing stm32f10x_spi.o(i.SPI_StructInit), (24 bytes).
    Removing stm32f10x_spi.o(i.SPI_TransmitCRC), (10 bytes).
    Removing stm32f10x_tim.o(i.TI1_Config), (128 bytes).
    Removing stm32f10x_tim.o(i.TI2_Config), (152 bytes).
    Removing stm32f10x_tim.o(i.TI3_Config), (144 bytes).
    Removing stm32f10x_tim.o(i.TI4_Config), (152 bytes).
    Removing stm32f10x_tim.o(i.TIM_ARRPreloadConfig), (24 bytes).
    Removing stm32f10x_tim.o(i.TIM_BDTRConfig), (32 bytes).
    Removing stm32f10x_tim.o(i.TIM_BDTRStructInit), (18 bytes).
    Removing stm32f10x_tim.o(i.TIM_CCPreloadControl), (24 bytes).
    Removing stm32f10x_tim.o(i.TIM_CCxCmd), (30 bytes).
    Removing stm32f10x_tim.o(i.TIM_CCxNCmd), (30 bytes).
    Removing stm32f10x_tim.o(i.TIM_ClearFlag), (6 bytes).
    Removing stm32f10x_tim.o(i.TIM_ClearITPendingBit), (6 bytes).
    Removing stm32f10x_tim.o(i.TIM_ClearOC1Ref), (18 bytes).
    Removing stm32f10x_tim.o(i.TIM_ClearOC2Ref), (24 bytes).
    Removing stm32f10x_tim.o(i.TIM_ClearOC3Ref), (18 bytes).
    Removing stm32f10x_tim.o(i.TIM_ClearOC4Ref), (24 bytes).
    Removing stm32f10x_tim.o(i.TIM_Cmd), (24 bytes).
    Removing stm32f10x_tim.o(i.TIM_CounterModeConfig), (18 bytes).
    Removing stm32f10x_tim.o(i.TIM_CtrlPWMOutputs), (30 bytes).
    Removing stm32f10x_tim.o(i.TIM_DMACmd), (18 bytes).
    Removing stm32f10x_tim.o(i.TIM_DMAConfig), (10 bytes).
    Removing stm32f10x_tim.o(i.TIM_DeInit), (488 bytes).
    Removing stm32f10x_tim.o(i.TIM_ETRClockMode1Config), (54 bytes).
    Removing stm32f10x_tim.o(i.TIM_ETRClockMode2Config), (32 bytes).
    Removing stm32f10x_tim.o(i.TIM_ETRConfig), (28 bytes).
    Removing stm32f10x_tim.o(i.TIM_EncoderInterfaceConfig), (66 bytes).
    Removing stm32f10x_tim.o(i.TIM_ForcedOC1Config), (18 bytes).
    Removing stm32f10x_tim.o(i.TIM_ForcedOC2Config), (26 bytes).
    Removing stm32f10x_tim.o(i.TIM_ForcedOC3Config), (18 bytes).
    Removing stm32f10x_tim.o(i.TIM_ForcedOC4Config), (26 bytes).
    Removing stm32f10x_tim.o(i.TIM_GenerateEvent), (4 bytes).
    Removing stm32f10x_tim.o(i.TIM_GetCapture1), (6 bytes).
    Removing stm32f10x_tim.o(i.TIM_GetCapture2), (6 bytes).
    Removing stm32f10x_tim.o(i.TIM_GetCapture3), (6 bytes).
    Removing stm32f10x_tim.o(i.TIM_GetCapture4), (8 bytes).
    Removing stm32f10x_tim.o(i.TIM_GetCounter), (6 bytes).
    Removing stm32f10x_tim.o(i.TIM_GetFlagStatus), (18 bytes).
    Removing stm32f10x_tim.o(i.TIM_GetITStatus), (34 bytes).
    Removing stm32f10x_tim.o(i.TIM_GetPrescaler), (6 bytes).
    Removing stm32f10x_tim.o(i.TIM_ICInit), (172 bytes).
    Removing stm32f10x_tim.o(i.TIM_ICStructInit), (18 bytes).
    Removing stm32f10x_tim.o(i.TIM_ITConfig), (18 bytes).
    Removing stm32f10x_tim.o(i.TIM_ITRxExternalClockConfig), (24 bytes).
    Removing stm32f10x_tim.o(i.TIM_InternalClockConfig), (12 bytes).
    Removing stm32f10x_tim.o(i.TIM_OC1FastConfig), (18 bytes).
    Removing stm32f10x_tim.o(i.TIM_OC1Init), (152 bytes).
    Removing stm32f10x_tim.o(i.TIM_OC1NPolarityConfig), (18 bytes).
    Removing stm32f10x_tim.o(i.TIM_OC1PolarityConfig), (18 bytes).
    Removing stm32f10x_tim.o(i.TIM_OC1PreloadConfig), (18 bytes).
    Removing stm32f10x_tim.o(i.TIM_OC2FastConfig), (26 bytes).
    Removing stm32f10x_tim.o(i.TIM_OC2Init), (164 bytes).
    Removing stm32f10x_tim.o(i.TIM_OC2NPolarityConfig), (26 bytes).
    Removing stm32f10x_tim.o(i.TIM_OC2PolarityConfig), (26 bytes).
    Removing stm32f10x_tim.o(i.TIM_OC2PreloadConfig), (26 bytes).
    Removing stm32f10x_tim.o(i.TIM_OC3FastConfig), (18 bytes).
    Removing stm32f10x_tim.o(i.TIM_OC3Init), (160 bytes).
    Removing stm32f10x_tim.o(i.TIM_OC3NPolarityConfig), (26 bytes).
    Removing stm32f10x_tim.o(i.TIM_OC3PolarityConfig), (26 bytes).
    Removing stm32f10x_tim.o(i.TIM_OC3PreloadConfig), (18 bytes).
    Removing stm32f10x_tim.o(i.TIM_OC4FastConfig), (26 bytes).
    Removing stm32f10x_tim.o(i.TIM_OC4Init), (124 bytes).
    Removing stm32f10x_tim.o(i.TIM_OC4PolarityConfig), (26 bytes).
    Removing stm32f10x_tim.o(i.TIM_OC4PreloadConfig), (26 bytes).
    Removing stm32f10x_tim.o(i.TIM_OCStructInit), (20 bytes).
    Removing stm32f10x_tim.o(i.TIM_PWMIConfig), (124 bytes).
    Removing stm32f10x_tim.o(i.TIM_PrescalerConfig), (6 bytes).
    Removing stm32f10x_tim.o(i.TIM_SelectCCDMA), (24 bytes).
    Removing stm32f10x_tim.o(i.TIM_SelectCOM), (24 bytes).
    Removing stm32f10x_tim.o(i.TIM_SelectHallSensor), (24 bytes).
    Removing stm32f10x_tim.o(i.TIM_SelectInputTrigger), (18 bytes).
    Removing stm32f10x_tim.o(i.TIM_SelectMasterSlaveMode), (18 bytes).
    Removing stm32f10x_tim.o(i.TIM_SelectOCxM), (82 bytes).
    Removing stm32f10x_tim.o(i.TIM_SelectOnePulseMode), (18 bytes).
    Removing stm32f10x_tim.o(i.TIM_SelectOutputTrigger), (18 bytes).
    Removing stm32f10x_tim.o(i.TIM_SelectSlaveMode), (18 bytes).
    Removing stm32f10x_tim.o(i.TIM_SetAutoreload), (4 bytes).
    Removing stm32f10x_tim.o(i.TIM_SetClockDivision), (18 bytes).
    Removing stm32f10x_tim.o(i.TIM_SetCompare1), (4 bytes).
    Removing stm32f10x_tim.o(i.TIM_SetCompare2), (4 bytes).
    Removing stm32f10x_tim.o(i.TIM_SetCompare3), (4 bytes).
    Removing stm32f10x_tim.o(i.TIM_SetCompare4), (6 bytes).
    Removing stm32f10x_tim.o(i.TIM_SetCounter), (4 bytes).
    Removing stm32f10x_tim.o(i.TIM_SetIC1Prescaler), (18 bytes).
    Removing stm32f10x_tim.o(i.TIM_SetIC2Prescaler), (26 bytes).
    Removing stm32f10x_tim.o(i.TIM_SetIC3Prescaler), (18 bytes).
    Removing stm32f10x_tim.o(i.TIM_SetIC4Prescaler), (26 bytes).
    Removing stm32f10x_tim.o(i.TIM_TIxExternalClockConfig), (62 bytes).
    Removing stm32f10x_tim.o(i.TIM_TimeBaseInit), (164 bytes).
    Removing stm32f10x_tim.o(i.TIM_TimeBaseStructInit), (18 bytes).
    Removing stm32f10x_tim.o(i.TIM_UpdateDisableConfig), (24 bytes).
    Removing stm32f10x_tim.o(i.TIM_UpdateRequestConfig), (24 bytes).
    Removing stm32f10x_usart.o(i.USART_ClearFlag), (18 bytes).
    Removing stm32f10x_usart.o(i.USART_ClockInit), (34 bytes).
    Removing stm32f10x_usart.o(i.USART_ClockStructInit), (12 bytes).
    Removing stm32f10x_usart.o(i.USART_DMACmd), (18 bytes).
    Removing stm32f10x_usart.o(i.USART_DeInit), (156 bytes).
    Removing stm32f10x_usart.o(i.USART_HalfDuplexCmd), (24 bytes).
    Removing stm32f10x_usart.o(i.USART_IrDACmd), (24 bytes).
    Removing stm32f10x_usart.o(i.USART_IrDAConfig), (18 bytes).
    Removing stm32f10x_usart.o(i.USART_LINBreakDetectLengthConfig), (18 bytes).
    Removing stm32f10x_usart.o(i.USART_LINCmd), (24 bytes).
    Removing stm32f10x_usart.o(i.USART_OneBitMethodCmd), (24 bytes).
    Removing stm32f10x_usart.o(i.USART_OverSampling8Cmd), (22 bytes).
    Removing stm32f10x_usart.o(i.USART_ReceiverWakeUpCmd), (24 bytes).
    Removing stm32f10x_usart.o(i.USART_SendBreak), (10 bytes).
    Removing stm32f10x_usart.o(i.USART_SetAddress), (18 bytes).
    Removing stm32f10x_usart.o(i.USART_SetGuardTime), (16 bytes).
    Removing stm32f10x_usart.o(i.USART_SetPrescaler), (16 bytes).
    Removing stm32f10x_usart.o(i.USART_SmartCardCmd), (24 bytes).
    Removing stm32f10x_usart.o(i.USART_SmartCardNACKCmd), (24 bytes).
    Removing stm32f10x_usart.o(i.USART_StructInit), (24 bytes).
    Removing stm32f10x_usart.o(i.USART_WakeUpConfig), (18 bytes).
    Removing stm32f10x_wwdg.o(i.WWDG_ClearFlag), (12 bytes).
    Removing stm32f10x_wwdg.o(i.WWDG_DeInit), (22 bytes).
    Removing stm32f10x_wwdg.o(i.WWDG_Enable), (16 bytes).
    Removing stm32f10x_wwdg.o(i.WWDG_EnableIT), (12 bytes).
    Removing stm32f10x_wwdg.o(i.WWDG_GetFlagStatus), (12 bytes).
    Removing stm32f10x_wwdg.o(i.WWDG_SetCounter), (16 bytes).
    Removing stm32f10x_wwdg.o(i.WWDG_SetPrescaler), (24 bytes).
    Removing stm32f10x_wwdg.o(i.WWDG_SetWindowValue), (40 bytes).
    Removing shell.o(i.shellPrint), (56 bytes).
    Removing shell.o(i.shellRemove), (44 bytes).
    Removing shell.o(i.shellTask), (38 bytes).
    Removing dadd.o(.text), (334 bytes).
    Removing dmul.o(.text), (228 bytes).
    Removing ddiv.o(.text), (222 bytes).
    Removing dfixul.o(.text), (48 bytes).
    Removing cdrcmple.o(.text), (48 bytes).
    Removing depilogue.o(.text), (186 bytes).

473 unused section(s) (total 19998 bytes) removed from the image.

==============================================================================

Image Symbol Table

    Local Symbols

    Symbol Name                              Value     Ov Type        Size  Object(Section)

    ../clib/microlib/division.c              0x00000000   Number         0  uidiv.o ABSOLUTE
    ../clib/microlib/division.c              0x00000000   Number         0  uldiv.o ABSOLUTE
    ../clib/microlib/init/entry.s            0x00000000   Number         0  entry11a.o ABSOLUTE
    ../clib/microlib/init/entry.s            0x00000000   Number         0  entry.o ABSOLUTE
    ../clib/microlib/init/entry.s            0x00000000   Number         0  entry10a.o ABSOLUTE
    ../clib/microlib/init/entry.s            0x00000000   Number         0  entry9b.o ABSOLUTE
    ../clib/microlib/init/entry.s            0x00000000   Number         0  entry9a.o ABSOLUTE
    ../clib/microlib/init/entry.s            0x00000000   Number         0  entry8b.o ABSOLUTE
    ../clib/microlib/init/entry.s            0x00000000   Number         0  entry8a.o ABSOLUTE
    ../clib/microlib/init/entry.s            0x00000000   Number         0  entry7b.o ABSOLUTE
    ../clib/microlib/init/entry.s            0x00000000   Number         0  entry2.o ABSOLUTE
    ../clib/microlib/init/entry.s            0x00000000   Number         0  entry11b.o ABSOLUTE
    ../clib/microlib/init/entry.s            0x00000000   Number         0  entry7a.o ABSOLUTE
    ../clib/microlib/init/entry.s            0x00000000   Number         0  entry12a.o ABSOLUTE
    ../clib/microlib/init/entry.s            0x00000000   Number         0  entry5.o ABSOLUTE
    ../clib/microlib/init/entry.s            0x00000000   Number         0  entry12b.o ABSOLUTE
    ../clib/microlib/init/entry.s            0x00000000   Number         0  entry10b.o ABSOLUTE
    ../clib/microlib/longlong.c              0x00000000   Number         0  llshl.o ABSOLUTE
    ../clib/microlib/longlong.c              0x00000000   Number         0  llushr.o ABSOLUTE
    ../clib/microlib/longlong.c              0x00000000   Number         0  llsshr.o ABSOLUTE
    ../clib/microlib/printf/printf.c         0x00000000   Number         0  printfa.o ABSOLUTE
    ../clib/microlib/stdio/fputc.c           0x00000000   Number         0  fputc.o ABSOLUTE
    ../clib/microlib/stdio/semi.s            0x00000000   Number         0  semi.o ABSOLUTE
    ../clib/microlib/stdio/streams.c         0x00000000   Number         0  stdout.o ABSOLUTE
    ../clib/microlib/string/memset.c         0x00000000   Number         0  memseta.o ABSOLUTE
    ../clib/microlib/string/strcmp.c         0x00000000   Number         0  strcmp.o ABSOLUTE
    ../clib/microlib/string/strlen.c         0x00000000   Number         0  strlen.o ABSOLUTE
    ../clib/microlib/string/strncmp.c        0x00000000   Number         0  strncmp.o ABSOLUTE
    ../clib/microlib/stubs.s                 0x00000000   Number         0  iusesemip.o ABSOLUTE
    ../clib/microlib/stubs.s                 0x00000000   Number         0  iusefp.o ABSOLUTE
    ../fplib/microlib/fpadd.c                0x00000000   Number         0  dadd.o ABSOLUTE
    ../fplib/microlib/fpdiv.c                0x00000000   Number         0  fdiv.o ABSOLUTE
    ../fplib/microlib/fpdiv.c                0x00000000   Number         0  ddiv.o ABSOLUTE
    ../fplib/microlib/fpepilogue.c           0x00000000   Number         0  depilogue.o ABSOLUTE
    ../fplib/microlib/fpepilogue.c           0x00000000   Number         0  fepilogue.o ABSOLUTE
    ../fplib/microlib/fpfix.c                0x00000000   Number         0  dfixul.o ABSOLUTE
    ../fplib/microlib/fpflt.c                0x00000000   Number         0  fflti.o ABSOLUTE
    ../fplib/microlib/fpflt.c                0x00000000   Number         0  ffltui.o ABSOLUTE
    ../fplib/microlib/fpmul.c                0x00000000   Number         0  fmul.o ABSOLUTE
    ../fplib/microlib/fpmul.c                0x00000000   Number         0  dmul.o ABSOLUTE
    ..\\firmware\\cmsis\\core\\core_cm3.c    0x00000000   Number         0  core_cm3.o ABSOLUTE
    ..\app\board.c                           0x00000000   Number         0  board.o ABSOLUTE
    ..\app\main.c                            0x00000000   Number         0  main.o ABSOLUTE
    ..\driver\led\led.c                      0x00000000   Number         0  led.o ABSOLUTE
    ..\driver\uart\uart.c                    0x00000000   Number         0  uart.o ABSOLUTE
    ..\firmware\cmsis\core\core_cm3.c        0x00000000   Number         0  core_cm3.o ABSOLUTE
    ..\firmware\cmsis\device\startup_stm32f10x_md.s 0x00000000   Number         0  startup_stm32f10x_md.o ABSOLUTE
    ..\firmware\cmsis\device\stm32f10x_it.c  0x00000000   Number         0  stm32f10x_it.o ABSOLUTE
    ..\firmware\cmsis\device\system_stm32f10x.c 0x00000000   Number         0  system_stm32f10x.o ABSOLUTE
    ..\firmware\dirver\src\misc.c            0x00000000   Number         0  misc.o ABSOLUTE
    ..\firmware\dirver\src\stm32f10x_adc.c   0x00000000   Number         0  stm32f10x_adc.o ABSOLUTE
    ..\firmware\dirver\src\stm32f10x_bkp.c   0x00000000   Number         0  stm32f10x_bkp.o ABSOLUTE
    ..\firmware\dirver\src\stm32f10x_can.c   0x00000000   Number         0  stm32f10x_can.o ABSOLUTE
    ..\firmware\dirver\src\stm32f10x_cec.c   0x00000000   Number         0  stm32f10x_cec.o ABSOLUTE
    ..\firmware\dirver\src\stm32f10x_crc.c   0x00000000   Number         0  stm32f10x_crc.o ABSOLUTE
    ..\firmware\dirver\src\stm32f10x_dac.c   0x00000000   Number         0  stm32f10x_dac.o ABSOLUTE
    ..\firmware\dirver\src\stm32f10x_dbgmcu.c 0x00000000   Number         0  stm32f10x_dbgmcu.o ABSOLUTE
    ..\firmware\dirver\src\stm32f10x_dma.c   0x00000000   Number         0  stm32f10x_dma.o ABSOLUTE
    ..\firmware\dirver\src\stm32f10x_exti.c  0x00000000   Number         0  stm32f10x_exti.o ABSOLUTE
    ..\firmware\dirver\src\stm32f10x_flash.c 0x00000000   Number         0  stm32f10x_flash.o ABSOLUTE
    ..\firmware\dirver\src\stm32f10x_fsmc.c  0x00000000   Number         0  stm32f10x_fsmc.o ABSOLUTE
    ..\firmware\dirver\src\stm32f10x_gpio.c  0x00000000   Number         0  stm32f10x_gpio.o ABSOLUTE
    ..\firmware\dirver\src\stm32f10x_i2c.c   0x00000000   Number         0  stm32f10x_i2c.o ABSOLUTE
    ..\firmware\dirver\src\stm32f10x_iwdg.c  0x00000000   Number         0  stm32f10x_iwdg.o ABSOLUTE
    ..\firmware\dirver\src\stm32f10x_pwr.c   0x00000000   Number         0  stm32f10x_pwr.o ABSOLUTE
    ..\firmware\dirver\src\stm32f10x_rcc.c   0x00000000   Number         0  stm32f10x_rcc.o ABSOLUTE
    ..\firmware\dirver\src\stm32f10x_rtc.c   0x00000000   Number         0  stm32f10x_rtc.o ABSOLUTE
    ..\firmware\dirver\src\stm32f10x_sdio.c  0x00000000   Number         0  stm32f10x_sdio.o ABSOLUTE
    ..\firmware\dirver\src\stm32f10x_spi.c   0x00000000   Number         0  stm32f10x_spi.o ABSOLUTE
    ..\firmware\dirver\src\stm32f10x_tim.c   0x00000000   Number         0  stm32f10x_tim.o ABSOLUTE
    ..\firmware\dirver\src\stm32f10x_usart.c 0x00000000   Number         0  stm32f10x_usart.o ABSOLUTE
    ..\firmware\dirver\src\stm32f10x_wwdg.c  0x00000000   Number         0  stm32f10x_wwdg.o ABSOLUTE
    ..\third_lib\lettershell\shell.c         0x00000000   Number         0  shell.o ABSOLUTE
    ..\third_lib\lettershell\shell_cmd_list.c 0x00000000   Number         0  shell_cmd_list.o ABSOLUTE
    ..\third_lib\lettershell\shell_ext.c     0x00000000   Number         0  shell_ext.o ABSOLUTE
    cdrcmple.s                               0x00000000   Number         0  cdrcmple.o ABSOLUTE
    dc.s                                     0x00000000   Number         0  dc.o ABSOLUTE
    handlers.s                               0x00000000   Number         0  handlers.o ABSOLUTE
    init.s                                   0x00000000   Number         0  init.o ABSOLUTE
    RESET                                    0x08000000   Section      236  startup_stm32f10x_md.o(RESET)
    .ARM.Collect$$$$00000000                 0x080000ec   Section        0  entry.o(.ARM.Collect$$$$00000000)
    .ARM.Collect$$$$00000001                 0x080000ec   Section        4  entry2.o(.ARM.Collect$$$$00000001)
    .ARM.Collect$$$$00000004                 0x080000f0   Section        4  entry5.o(.ARM.Collect$$$$00000004)
    .ARM.Collect$$$$00000008                 0x080000f4   Section        0  entry7b.o(.ARM.Collect$$$$00000008)
    .ARM.Collect$$$$0000000A                 0x080000f4   Section        0  entry8b.o(.ARM.Collect$$$$0000000A)
    .ARM.Collect$$$$0000000B                 0x080000f4   Section        8  entry9a.o(.ARM.Collect$$$$0000000B)
    .ARM.Collect$$$$0000000E                 0x080000fc   Section        4  entry12b.o(.ARM.Collect$$$$0000000E)
    .ARM.Collect$$$$0000000F                 0x08000100   Section        0  entry10a.o(.ARM.Collect$$$$0000000F)
    .ARM.Collect$$$$00000011                 0x08000100   Section        0  entry11a.o(.ARM.Collect$$$$00000011)
    .ARM.Collect$$$$00002712                 0x08000100   Section        4  entry2.o(.ARM.Collect$$$$00002712)
    __lit__00000000                          0x08000100   Data           4  entry2.o(.ARM.Collect$$$$00002712)
    .text                                    0x08000104   Section       36  startup_stm32f10x_md.o(.text)
    .text                                    0x08000128   Section        0  memseta.o(.text)
    .text                                    0x0800014c   Section        0  strlen.o(.text)
    .text                                    0x0800015a   Section        0  strcmp.o(.text)
    .text                                    0x08000176   Section        0  strncmp.o(.text)
    .text                                    0x08000194   Section        0  fmul.o(.text)
    .text                                    0x080001f8   Section        0  fdiv.o(.text)
    .text                                    0x08000274   Section        0  fflti.o(.text)
    .text                                    0x08000286   Section        0  ffltui.o(.text)
    .text                                    0x08000290   Section        0  fepilogue.o(.text)
    .text                                    0x08000290   Section        0  iusefp.o(.text)
    .text                                    0x08000300   Section       36  init.o(.text)
    i.BusFault_Handler                       0x08000324   Section        0  stm32f10x_it.o(i.BusFault_Handler)
    i.DebugMon_Handler                       0x08000328   Section        0  stm32f10x_it.o(i.DebugMon_Handler)
    i.GPIO_Init                              0x0800032a   Section        0  stm32f10x_gpio.o(i.GPIO_Init)
    i.HardFault_Handler                      0x08000440   Section        0  stm32f10x_it.o(i.HardFault_Handler)
    i.MemManage_Handler                      0x08000444   Section        0  stm32f10x_it.o(i.MemManage_Handler)
    i.NMI_Handler                            0x08000448   Section        0  stm32f10x_it.o(i.NMI_Handler)
    i.NVIC_Init                              0x0800044c   Section        0  misc.o(i.NVIC_Init)
    i.PendSV_Handler                         0x080004bc   Section        0  stm32f10x_it.o(i.PendSV_Handler)
    i.RCC_APB2PeriphClockCmd                 0x080004c0   Section        0  stm32f10x_rcc.o(i.RCC_APB2PeriphClockCmd)
    i.RCC_GetClocksFreq                      0x080004e0   Section        0  stm32f10x_rcc.o(i.RCC_GetClocksFreq)
    i.SVC_Handler                            0x080005b4   Section        0  stm32f10x_it.o(i.SVC_Handler)
    i.SetSysClock                            0x080005b6   Section        0  system_stm32f10x.o(i.SetSysClock)
    SetSysClock                              0x080005b7   Thumb Code     8  system_stm32f10x.o(i.SetSysClock)
    i.SetSysClockTo72                        0x080005c0   Section        0  system_stm32f10x.o(i.SetSysClockTo72)
    SetSysClockTo72                          0x080005c1   Thumb Code   214  system_stm32f10x.o(i.SetSysClockTo72)
    i.SysTick_Handler                        0x080006a0   Section        0  stm32f10x_it.o(i.SysTick_Handler)
    i.SystemInit                             0x080006a4   Section        0  system_stm32f10x.o(i.SystemInit)
    i.USART1_IRQHandler                      0x08000704   Section        0  uart.o(i.USART1_IRQHandler)
    i.USART_ClearITPendingBit                0x08000740   Section        0  stm32f10x_usart.o(i.USART_ClearITPendingBit)
    i.USART_Cmd                              0x0800075e   Section        0  stm32f10x_usart.o(i.USART_Cmd)
    i.USART_GetFlagStatus                    0x08000776   Section        0  stm32f10x_usart.o(i.USART_GetFlagStatus)
    i.USART_GetITStatus                      0x08000790   Section        0  stm32f10x_usart.o(i.USART_GetITStatus)
    i.USART_ITConfig                         0x080007e4   Section        0  stm32f10x_usart.o(i.USART_ITConfig)
    i.USART_Init                             0x08000830   Section        0  stm32f10x_usart.o(i.USART_Init)
    i.USART_ReceiveData                      0x08000908   Section        0  stm32f10x_usart.o(i.USART_ReceiveData)
    i.USART_SendData                         0x08000912   Section        0  stm32f10x_usart.o(i.USART_SendData)
    i.UsageFault_Handler                     0x0800091a   Section        0  stm32f10x_it.o(i.UsageFault_Handler)
    i.__scatterload_copy                     0x0800091e   Section       14  handlers.o(i.__scatterload_copy)
    i.__scatterload_null                     0x0800092c   Section        2  handlers.o(i.__scatterload_null)
    i.__scatterload_zeroinit                 0x0800092e   Section       14  handlers.o(i.__scatterload_zeroinit)
    i._shell_write                           0x0800093c   Section        0  main.o(i._shell_write)
    _shell_write                             0x0800093d   Thumb Code    28  main.o(i._shell_write)
    i.agencyshellRun                         0x08000958   Section        0  shell_cmd_list.o(i.agencyshellRun)
    i.board_lowlevel_init                    0x08000978   Section        0  board.o(i.board_lowlevel_init)
    i.main                                   0x080009b4   Section        0  main.o(i.main)
    i.shellAdd                               0x08000a04   Section        0  shell.o(i.shellAdd)
    shellAdd                                 0x08000a05   Thumb Code    34  shell.o(i.shellAdd)
    i.shellBackspace                         0x08000a2c   Section        0  shell.o(i.shellBackspace)
    i.shellCheckPassword                     0x08000a3c   Section        0  shell.o(i.shellCheckPassword)
    shellCheckPassword                       0x08000a3d   Thumb Code    62  shell.o(i.shellCheckPassword)
    i.shellCheckPermission                   0x08000a80   Section        0  shell.o(i.shellCheckPermission)
    i.shellClear                             0x08000ab8   Section        0  shell.o(i.shellClear)
    i.shellClearCommandLine                  0x08000ad4   Section        0  shell.o(i.shellClearCommandLine)
    i.shellCmds                              0x08000afc   Section        0  shell.o(i.shellCmds)
    i.shellDelete                            0x08000b0e   Section        0  shell.o(i.shellDelete)
    i.shellDeleteByte                        0x08000b1e   Section        0  shell.o(i.shellDeleteByte)
    i.shellDeleteCommandLine                 0x08000bf8   Section        0  shell.o(i.shellDeleteCommandLine)
    i.shellDown                              0x08000c18   Section        0  shell.o(i.shellDown)
    i.shellEnter                             0x08000c28   Section        0  shell.o(i.shellEnter)
    i.shellExec                              0x08000c3c   Section        0  shell.o(i.shellExec)
    i.shellExtNumType                        0x08000cb4   Section        0  shell_ext.o(i.shellExtNumType)
    shellExtNumType                          0x08000cb5   Thumb Code    88  shell_ext.o(i.shellExtNumType)
    i.shellExtParseChar                      0x08000d0c   Section        0  shell_ext.o(i.shellExtParseChar)
    shellExtParseChar                        0x08000d0d   Thumb Code    70  shell_ext.o(i.shellExtParseChar)
    i.shellExtParseNumber                    0x08000d52   Section        0  shell_ext.o(i.shellExtParseNumber)
    shellExtParseNumber                      0x08000d53   Thumb Code   232  shell_ext.o(i.shellExtParseNumber)
    i.shellExtParsePara                      0x08000e3a   Section        0  shell_ext.o(i.shellExtParsePara)
    i.shellExtParseString                    0x08000e90   Section        0  shell_ext.o(i.shellExtParseString)
    shellExtParseString                      0x08000e91   Thumb Code    74  shell_ext.o(i.shellExtParseString)
    i.shellExtParseVar                       0x08000eda   Section        0  shell_ext.o(i.shellExtParseVar)
    shellExtParseVar                         0x08000edb   Thumb Code    36  shell_ext.o(i.shellExtParseVar)
    i.shellExtRun                            0x08000efe   Section        0  shell_ext.o(i.shellExtRun)
    i.shellExtToNum                          0x0800127c   Section        0  shell_ext.o(i.shellExtToNum)
    shellExtToNum                            0x0800127d   Thumb Code    54  shell_ext.o(i.shellExtToNum)
    i.shellGetCommandDesc                    0x080012b2   Section        0  shell.o(i.shellGetCommandDesc)
    shellGetCommandDesc                      0x080012b3   Thumb Code    48  shell.o(i.shellGetCommandDesc)
    i.shellGetCommandName                    0x080012e4   Section        0  shell.o(i.shellGetCommandName)
    shellGetCommandName                      0x080012e5   Thumb Code    76  shell.o(i.shellGetCommandName)
    i.shellGetCurrent                        0x08001334   Section        0  shell.o(i.shellGetCurrent)
    i.shellGetVarValue                       0x08001368   Section        0  shell.o(i.shellGetVarValue)
    i.shellHandler                           0x080013bc   Section        0  shell.o(i.shellHandler)
    i.shellHelp                              0x080014ac   Section        0  shell.o(i.shellHelp)
    i.shellHistory                           0x080014d8   Section        0  shell.o(i.shellHistory)
    shellHistory                             0x080014d9   Thumb Code   194  shell.o(i.shellHistory)
    i.shellHistoryAdd                        0x0800159a   Section        0  shell.o(i.shellHistoryAdd)
    shellHistoryAdd                          0x0800159b   Thumb Code   122  shell.o(i.shellHistoryAdd)
    i.shellInit                              0x08001614   Section        0  shell.o(i.shellInit)
    i.shellInsertByte                        0x080016ac   Section        0  shell.o(i.shellInsertByte)
    i.shellKeys                              0x08001788   Section        0  shell.o(i.shellKeys)
    i.shellLeft                              0x0800179a   Section        0  shell.o(i.shellLeft)
    i.shellListAll                           0x080017b4   Section        0  shell.o(i.shellListAll)
    i.shellListCommand                       0x080017c0   Section        0  shell.o(i.shellListCommand)
    i.shellListItem                          0x0800180c   Section        0  shell.o(i.shellListItem)
    i.shellListKey                           0x080018dc   Section        0  shell.o(i.shellListKey)
    i.shellListUser                          0x08001934   Section        0  shell.o(i.shellListUser)
    i.shellListVar                           0x0800198c   Section        0  shell.o(i.shellListVar)
    i.shellNormalInput                       0x080019e4   Section        0  shell.o(i.shellNormalInput)
    i.shellParserParam                       0x08001a00   Section        0  shell.o(i.shellParserParam)
    shellParserParam                         0x08001a01   Thumb Code   150  shell.o(i.shellParserParam)
    i.shellRemoveParamQuotes                 0x08001a96   Section        0  shell.o(i.shellRemoveParamQuotes)
    shellRemoveParamQuotes                   0x08001a97   Thumb Code   106  shell.o(i.shellRemoveParamQuotes)
    i.shellRight                             0x08001b00   Section        0  shell.o(i.shellRight)
    i.shellRun                               0x08001b20   Section        0  shell.o(i.shellRun)
    i.shellRunCommand                        0x08001b7c   Section        0  shell.o(i.shellRunCommand)
    i.shellSeekCommand                       0x08001c2e   Section        0  shell.o(i.shellSeekCommand)
    i.shellSetUser                           0x08001ca8   Section        0  shell.o(i.shellSetUser)
    shellSetUser                             0x08001ca9   Thumb Code    76  shell.o(i.shellSetUser)
    i.shellSetVar                            0x08001cf8   Section        0  shell.o(i.shellSetVar)
    i.shellSetVarValue                       0x08001d68   Section        0  shell.o(i.shellSetVarValue)
    i.shellShowVar                           0x08001df8   Section        0  shell.o(i.shellShowVar)
    shellShowVar                             0x08001df9   Thumb Code   158  shell.o(i.shellShowVar)
    i.shellStringCompare                     0x08001eb8   Section        0  shell.o(i.shellStringCompare)
    shellStringCompare                       0x08001eb9   Thumb Code    44  shell.o(i.shellStringCompare)
    i.shellStringCopy                        0x08001ee4   Section        0  shell.o(i.shellStringCopy)
    shellStringCopy                          0x08001ee5   Thumb Code    24  shell.o(i.shellStringCopy)
    i.shellTab                               0x08001efc   Section        0  shell.o(i.shellTab)
    i.shellToDec                             0x0800200c   Section        0  shell.o(i.shellToDec)
    i.shellToHex                             0x08002062   Section        0  shell.o(i.shellToHex)
    i.shellUp                                0x0800209a   Section        0  shell.o(i.shellUp)
    i.shellUsers                             0x080020a8   Section        0  shell.o(i.shellUsers)
    i.shellVars                              0x080020ba   Section        0  shell.o(i.shellVars)
    i.shellWriteByte                         0x080020cc   Section        0  shell.o(i.shellWriteByte)
    shellWriteByte                           0x080020cd   Thumb Code    16  shell.o(i.shellWriteByte)
    i.shellWriteCommandDesc                  0x080020dc   Section        0  shell.o(i.shellWriteCommandDesc)
    shellWriteCommandDesc                    0x080020dd   Thumb Code    96  shell.o(i.shellWriteCommandDesc)
    i.shellWriteCommandHelp                  0x08002140   Section        0  shell.o(i.shellWriteCommandHelp)
    shellWriteCommandHelp                    0x08002141   Thumb Code    98  shell.o(i.shellWriteCommandHelp)
    i.shellWritePrompt                       0x080021ac   Section        0  shell.o(i.shellWritePrompt)
    shellWritePrompt                         0x080021ad   Thumb Code    84  shell.o(i.shellWritePrompt)
    i.shellWriteReturnValue                  0x08002214   Section        0  shell.o(i.shellWriteReturnValue)
    shellWriteReturnValue                    0x08002215   Thumb Code   104  shell.o(i.shellWriteReturnValue)
    i.shellWriteString                       0x080022a0   Section        0  shell.o(i.shellWriteString)
    i.uart_init                              0x080022d4   Section        0  uart.o(i.uart_init)
    i.uart_irq_init                          0x080022e4   Section        0  uart.o(i.uart_irq_init)
    uart_irq_init                            0x080022e5   Thumb Code    48  uart.o(i.uart_irq_init)
    i.uart_lowlevel_init                     0x08002318   Section        0  uart.o(i.uart_lowlevel_init)
    uart_lowlevel_init                       0x08002319   Thumb Code    62  uart.o(i.uart_lowlevel_init)
    i.uart_pin_init                          0x0800235c   Section        0  uart.o(i.uart_pin_init)
    uart_pin_init                            0x0800235d   Thumb Code    64  uart.o(i.uart_pin_init)
    i.uart_recv_callback_register            0x080023a0   Section        0  uart.o(i.uart_recv_callback_register)
    i.uart_rx_handler                        0x080023ac   Section        0  main.o(i.uart_rx_handler)
    uart_rx_handler                          0x080023ad   Thumb Code     6  main.o(i.uart_rx_handler)
    i.uart_send                              0x080023b8   Section        0  uart.o(i.uart_send)
    .constdata                               0x080023d8   Section      306  shell_cmd_list.o(.constdata)
    .conststring                             0x0800250c   Section      677  shell.o(.conststring)
    .conststring                             0x080027b4   Section      281  shell_cmd_list.o(.conststring)
    .data                                    0x20000000   Section        1  main.o(.data)
    rxdata                                   0x20000000   Data           1  main.o(.data)
    .data                                    0x20000004   Section        4  uart.o(.data)
    rx_callback                              0x20000004   Data           4  uart.o(.data)
    .data                                    0x20000008   Section       20  stm32f10x_rcc.o(.data)
    APBAHBPrescTable                         0x20000008   Data          16  stm32f10x_rcc.o(.data)
    ADCPrescTable                            0x20000018   Data           4  stm32f10x_rcc.o(.data)
    .data                                    0x2000001c   Section       84  shell.o(.data)
    shellText                                0x2000001c   Data          84  shell.o(.data)
    .bss                                     0x20000070   Section      652  main.o(.bss)
    shell                                    0x20000070   Data         140  main.o(.bss)
    shell_buffer                             0x200000fc   Data         512  main.o(.bss)
    .bss                                     0x200002fc   Section       21  shell.o(.bss)
    shellList                                0x200002fc   Data          12  shell.o(.bss)
    buffer                                   0x20000308   Data           9  shell.o(.bss)
    STACK                                    0x20000318   Section     1024  startup_stm32f10x_md.o(STACK)

    Global Symbols

    Symbol Name                              Value     Ov Type        Size  Object(Section)

    BuildAttributes$$THM_ISAv4$P$D$K$B$S$PE$A:L22UL41UL21$X:L11$S22US41US21$IEEE1$IW$USESV6$~STKCKD$USESV7$~SHL$OTIME$ROPI$EBA8$MICROLIB$REQ8$PRES8$EABIv2 0x00000000   Number         0  anon$$obj.o ABSOLUTE
    __ARM_use_no_argv                        0x00000000   Number         0  main.o ABSOLUTE
    __arm_fini_                               - Undefined Weak Reference
    __cpp_initialize__aeabi_                  - Undefined Weak Reference
    __cxa_finalize                            - Undefined Weak Reference
    __decompress                              - Undefined Weak Reference
    _clock_init                               - Undefined Weak Reference
    _microlib_exit                            - Undefined Weak Reference
    __Vectors_Size                           0x000000ec   Number         0  startup_stm32f10x_md.o ABSOLUTE
    __Vectors                                0x08000000   Data           4  startup_stm32f10x_md.o(RESET)
    __Vectors_End                            0x080000ec   Data           0  startup_stm32f10x_md.o(RESET)
    __main                                   0x080000ed   Thumb Code     0  entry.o(.ARM.Collect$$$$00000000)
    _main_stk                                0x080000ed   Thumb Code     0  entry2.o(.ARM.Collect$$$$00000001)
    _main_scatterload                        0x080000f1   Thumb Code     0  entry5.o(.ARM.Collect$$$$00000004)
    __main_after_scatterload                 0x080000f5   Thumb Code     0  entry5.o(.ARM.Collect$$$$00000004)
    _main_clock                              0x080000f5   Thumb Code     0  entry7b.o(.ARM.Collect$$$$00000008)
    _main_cpp_init                           0x080000f5   Thumb Code     0  entry8b.o(.ARM.Collect$$$$0000000A)
    _main_init                               0x080000f5   Thumb Code     0  entry9a.o(.ARM.Collect$$$$0000000B)
    __rt_lib_shutdown_fini                   0x080000fd   Thumb Code     0  entry12b.o(.ARM.Collect$$$$0000000E)
    __rt_final_cpp                           0x08000101   Thumb Code     0  entry10a.o(.ARM.Collect$$$$0000000F)
    __rt_final_exit                          0x08000101   Thumb Code     0  entry11a.o(.ARM.Collect$$$$00000011)
    Reset_Handler                            0x08000105   Thumb Code     8  startup_stm32f10x_md.o(.text)
    ADC1_2_IRQHandler                        0x0800011f   Thumb Code     0  startup_stm32f10x_md.o(.text)
    CAN1_RX1_IRQHandler                      0x0800011f   Thumb Code     0  startup_stm32f10x_md.o(.text)
    CAN1_SCE_IRQHandler                      0x0800011f   Thumb Code     0  startup_stm32f10x_md.o(.text)
    DMA1_Channel1_IRQHandler                 0x0800011f   Thumb Code     0  startup_stm32f10x_md.o(.text)
    DMA1_Channel2_IRQHandler                 0x0800011f   Thumb Code     0  startup_stm32f10x_md.o(.text)
    DMA1_Channel3_IRQHandler                 0x0800011f   Thumb Code     0  startup_stm32f10x_md.o(.text)
    DMA1_Channel4_IRQHandler                 0x0800011f   Thumb Code     0  startup_stm32f10x_md.o(.text)
    DMA1_Channel5_IRQHandler                 0x0800011f   Thumb Code     0  startup_stm32f10x_md.o(.text)
    DMA1_Channel6_IRQHandler                 0x0800011f   Thumb Code     0  startup_stm32f10x_md.o(.text)
    DMA1_Channel7_IRQHandler                 0x0800011f   Thumb Code     0  startup_stm32f10x_md.o(.text)
    EXTI0_IRQHandler                         0x0800011f   Thumb Code     0  startup_stm32f10x_md.o(.text)
    EXTI15_10_IRQHandler                     0x0800011f   Thumb Code     0  startup_stm32f10x_md.o(.text)
    EXTI1_IRQHandler                         0x0800011f   Thumb Code     0  startup_stm32f10x_md.o(.text)
    EXTI2_IRQHandler                         0x0800011f   Thumb Code     0  startup_stm32f10x_md.o(.text)
    EXTI3_IRQHandler                         0x0800011f   Thumb Code     0  startup_stm32f10x_md.o(.text)
    EXTI4_IRQHandler                         0x0800011f   Thumb Code     0  startup_stm32f10x_md.o(.text)
    EXTI9_5_IRQHandler                       0x0800011f   Thumb Code     0  startup_stm32f10x_md.o(.text)
    FLASH_IRQHandler                         0x0800011f   Thumb Code     0  startup_stm32f10x_md.o(.text)
    I2C1_ER_IRQHandler                       0x0800011f   Thumb Code     0  startup_stm32f10x_md.o(.text)
    I2C1_EV_IRQHandler                       0x0800011f   Thumb Code     0  startup_stm32f10x_md.o(.text)
    I2C2_ER_IRQHandler                       0x0800011f   Thumb Code     0  startup_stm32f10x_md.o(.text)
    I2C2_EV_IRQHandler                       0x0800011f   Thumb Code     0  startup_stm32f10x_md.o(.text)
    PVD_IRQHandler                           0x0800011f   Thumb Code     0  startup_stm32f10x_md.o(.text)
    RCC_IRQHandler                           0x0800011f   Thumb Code     0  startup_stm32f10x_md.o(.text)
    RTCAlarm_IRQHandler                      0x0800011f   Thumb Code     0  startup_stm32f10x_md.o(.text)
    RTC_IRQHandler                           0x0800011f   Thumb Code     0  startup_stm32f10x_md.o(.text)
    SPI1_IRQHandler                          0x0800011f   Thumb Code     0  startup_stm32f10x_md.o(.text)
    SPI2_IRQHandler                          0x0800011f   Thumb Code     0  startup_stm32f10x_md.o(.text)
    TAMPER_IRQHandler                        0x0800011f   Thumb Code     0  startup_stm32f10x_md.o(.text)
    TIM1_BRK_IRQHandler                      0x0800011f   Thumb Code     0  startup_stm32f10x_md.o(.text)
    TIM1_CC_IRQHandler                       0x0800011f   Thumb Code     0  startup_stm32f10x_md.o(.text)
    TIM1_TRG_COM_IRQHandler                  0x0800011f   Thumb Code     0  startup_stm32f10x_md.o(.text)
    TIM1_UP_IRQHandler                       0x0800011f   Thumb Code     0  startup_stm32f10x_md.o(.text)
    TIM2_IRQHandler                          0x0800011f   Thumb Code     0  startup_stm32f10x_md.o(.text)
    TIM3_IRQHandler                          0x0800011f   Thumb Code     0  startup_stm32f10x_md.o(.text)
    TIM4_IRQHandler                          0x0800011f   Thumb Code     0  startup_stm32f10x_md.o(.text)
    USART2_IRQHandler                        0x0800011f   Thumb Code     0  startup_stm32f10x_md.o(.text)
    USART3_IRQHandler                        0x0800011f   Thumb Code     0  startup_stm32f10x_md.o(.text)
    USBWakeUp_IRQHandler                     0x0800011f   Thumb Code     0  startup_stm32f10x_md.o(.text)
    USB_HP_CAN1_TX_IRQHandler                0x0800011f   Thumb Code     0  startup_stm32f10x_md.o(.text)
    USB_LP_CAN1_RX0_IRQHandler               0x0800011f   Thumb Code     0  startup_stm32f10x_md.o(.text)
    WWDG_IRQHandler                          0x0800011f   Thumb Code     0  startup_stm32f10x_md.o(.text)
    __aeabi_memset                           0x08000129   Thumb Code    14  memseta.o(.text)
    __aeabi_memset4                          0x08000129   Thumb Code     0  memseta.o(.text)
    __aeabi_memset8                          0x08000129   Thumb Code     0  memseta.o(.text)
    __aeabi_memclr                           0x08000137   Thumb Code     4  memseta.o(.text)
    __aeabi_memclr4                          0x08000137   Thumb Code     0  memseta.o(.text)
    __aeabi_memclr8                          0x08000137   Thumb Code     0  memseta.o(.text)
    _memset$wrapper                          0x0800013b   Thumb Code    18  memseta.o(.text)
    strlen                                   0x0800014d   Thumb Code    14  strlen.o(.text)
    strcmp                                   0x0800015b   Thumb Code    28  strcmp.o(.text)
    strncmp                                  0x08000177   Thumb Code    30  strncmp.o(.text)
    __aeabi_fmul                             0x08000195   Thumb Code   100  fmul.o(.text)
    __aeabi_fdiv                             0x080001f9   Thumb Code   124  fdiv.o(.text)
    __aeabi_i2f                              0x08000275   Thumb Code    18  fflti.o(.text)
    __aeabi_ui2f                             0x08000287   Thumb Code    10  ffltui.o(.text)
    __I$use$fp                               0x08000291   Thumb Code     0  iusefp.o(.text)
    _float_round                             0x08000291   Thumb Code    18  fepilogue.o(.text)
    _float_epilogue                          0x080002a3   Thumb Code    92  fepilogue.o(.text)
    __scatterload                            0x08000301   Thumb Code    28  init.o(.text)
    __scatterload_rt2                        0x08000301   Thumb Code     0  init.o(.text)
    BusFault_Handler                         0x08000325   Thumb Code     4  stm32f10x_it.o(i.BusFault_Handler)
    DebugMon_Handler                         0x08000329   Thumb Code     2  stm32f10x_it.o(i.DebugMon_Handler)
    GPIO_Init                                0x0800032b   Thumb Code   278  stm32f10x_gpio.o(i.GPIO_Init)
    HardFault_Handler                        0x08000441   Thumb Code     4  stm32f10x_it.o(i.HardFault_Handler)
    MemManage_Handler                        0x08000445   Thumb Code     4  stm32f10x_it.o(i.MemManage_Handler)
    NMI_Handler                              0x08000449   Thumb Code     2  stm32f10x_it.o(i.NMI_Handler)
    NVIC_Init                                0x0800044d   Thumb Code   100  misc.o(i.NVIC_Init)
    PendSV_Handler                           0x080004bd   Thumb Code     2  stm32f10x_it.o(i.PendSV_Handler)
    RCC_APB2PeriphClockCmd                   0x080004c1   Thumb Code    26  stm32f10x_rcc.o(i.RCC_APB2PeriphClockCmd)
    RCC_GetClocksFreq                        0x080004e1   Thumb Code   192  stm32f10x_rcc.o(i.RCC_GetClocksFreq)
    SVC_Handler                              0x080005b5   Thumb Code     2  stm32f10x_it.o(i.SVC_Handler)
    SysTick_Handler                          0x080006a1   Thumb Code     2  stm32f10x_it.o(i.SysTick_Handler)
    SystemInit                               0x080006a5   Thumb Code    78  system_stm32f10x.o(i.SystemInit)
    USART1_IRQHandler                        0x08000705   Thumb Code    50  uart.o(i.USART1_IRQHandler)
    USART_ClearITPendingBit                  0x08000741   Thumb Code    30  stm32f10x_usart.o(i.USART_ClearITPendingBit)
    USART_Cmd                                0x0800075f   Thumb Code    24  stm32f10x_usart.o(i.USART_Cmd)
    USART_GetFlagStatus                      0x08000777   Thumb Code    26  stm32f10x_usart.o(i.USART_GetFlagStatus)
    USART_GetITStatus                        0x08000791   Thumb Code    84  stm32f10x_usart.o(i.USART_GetITStatus)
    USART_ITConfig                           0x080007e5   Thumb Code    74  stm32f10x_usart.o(i.USART_ITConfig)
    USART_Init                               0x08000831   Thumb Code   210  stm32f10x_usart.o(i.USART_Init)
    USART_ReceiveData                        0x08000909   Thumb Code    10  stm32f10x_usart.o(i.USART_ReceiveData)
    USART_SendData                           0x08000913   Thumb Code     8  stm32f10x_usart.o(i.USART_SendData)
    UsageFault_Handler                       0x0800091b   Thumb Code     4  stm32f10x_it.o(i.UsageFault_Handler)
    __scatterload_copy                       0x0800091f   Thumb Code    14  handlers.o(i.__scatterload_copy)
    __scatterload_null                       0x0800092d   Thumb Code     2  handlers.o(i.__scatterload_null)
    __scatterload_zeroinit                   0x0800092f   Thumb Code    14  handlers.o(i.__scatterload_zeroinit)
    agencyshellRun                           0x08000959   Thumb Code    32  shell_cmd_list.o(i.agencyshellRun)
    board_lowlevel_init                      0x08000979   Thumb Code    52  board.o(i.board_lowlevel_init)
    main                                     0x080009b5   Thumb Code    60  main.o(i.main)
    shellBackspace                           0x08000a2d   Thumb Code    14  shell.o(i.shellBackspace)
    shellCheckPermission                     0x08000a81   Thumb Code    54  shell.o(i.shellCheckPermission)
    shellClear                               0x08000ab9   Thumb Code    22  shell.o(i.shellClear)
    shellClearCommandLine                    0x08000ad5   Thumb Code    40  shell.o(i.shellClearCommandLine)
    shellCmds                                0x08000afd   Thumb Code    18  shell.o(i.shellCmds)
    shellDelete                              0x08000b0f   Thumb Code    16  shell.o(i.shellDelete)
    shellDeleteByte                          0x08000b1f   Thumb Code   218  shell.o(i.shellDeleteByte)
    shellDeleteCommandLine                   0x08000bf9   Thumb Code    28  shell.o(i.shellDeleteCommandLine)
    shellDown                                0x08000c19   Thumb Code    16  shell.o(i.shellDown)
    shellEnter                               0x08000c29   Thumb Code    20  shell.o(i.shellEnter)
    shellExec                                0x08000c3d   Thumb Code   110  shell.o(i.shellExec)
    shellExtParsePara                        0x08000e3b   Thumb Code    86  shell_ext.o(i.shellExtParsePara)
    shellExtRun                              0x08000eff   Thumb Code   894  shell_ext.o(i.shellExtRun)
    shellGetCurrent                          0x08001335   Thumb Code    48  shell.o(i.shellGetCurrent)
    shellGetVarValue                         0x08001369   Thumb Code    84  shell.o(i.shellGetVarValue)
    shellHandler                             0x080013bd   Thumb Code   236  shell.o(i.shellHandler)
    shellHelp                                0x080014ad   Thumb Code    44  shell.o(i.shellHelp)
    shellInit                                0x08001615   Thumb Code   140  shell.o(i.shellInit)
    shellInsertByte                          0x080016ad   Thumb Code   214  shell.o(i.shellInsertByte)
    shellKeys                                0x08001789   Thumb Code    18  shell.o(i.shellKeys)
    shellLeft                                0x0800179b   Thumb Code    26  shell.o(i.shellLeft)
    shellListAll                             0x080017b5   Thumb Code    12  shell.o(i.shellListAll)
    shellListCommand                         0x080017c1   Thumb Code    70  shell.o(i.shellListCommand)
    shellListItem                            0x0800180d   Thumb Code   194  shell.o(i.shellListItem)
    shellListKey                             0x080018dd   Thumb Code    84  shell.o(i.shellListKey)
    shellListUser                            0x08001935   Thumb Code    84  shell.o(i.shellListUser)
    shellListVar                             0x0800198d   Thumb Code    84  shell.o(i.shellListVar)
    shellNormalInput                         0x080019e5   Thumb Code    28  shell.o(i.shellNormalInput)
    shellRight                               0x08001b01   Thumb Code    30  shell.o(i.shellRight)
    shellRun                                 0x08001b21   Thumb Code    88  shell.o(i.shellRun)
    shellRunCommand                          0x08001b7d   Thumb Code   178  shell.o(i.shellRunCommand)
    shellSeekCommand                         0x08001c2f   Thumb Code   122  shell.o(i.shellSeekCommand)
    shellSetVar                              0x08001cf9   Thumb Code   106  shell.o(i.shellSetVar)
    shellSetVarValue                         0x08001d69   Thumb Code   140  shell.o(i.shellSetVarValue)
    shellTab                                 0x08001efd   Thumb Code   266  shell.o(i.shellTab)
    shellToDec                               0x0800200d   Thumb Code    86  shell.o(i.shellToDec)
    shellToHex                               0x08002063   Thumb Code    56  shell.o(i.shellToHex)
    shellUp                                  0x0800209b   Thumb Code    14  shell.o(i.shellUp)
    shellUsers                               0x080020a9   Thumb Code    18  shell.o(i.shellUsers)
    shellVars                                0x080020bb   Thumb Code    18  shell.o(i.shellVars)
    shellWriteString                         0x080022a1   Thumb Code    52  shell.o(i.shellWriteString)
    uart_init                                0x080022d5   Thumb Code    16  uart.o(i.uart_init)
    uart_recv_callback_register              0x080023a1   Thumb Code     6  uart.o(i.uart_recv_callback_register)
    uart_send                                0x080023b9   Thumb Code    28  uart.o(i.uart_send)
    shellCommandList                         0x080023d8   Data         304  shell_cmd_list.o(.constdata)
    shellCommandCount                        0x08002508   Data           2  shell_cmd_list.o(.constdata)
    Region$$Table$$Base                      0x080028d0   Number         0  anon$$obj.o(Region$$Table)
    Region$$Table$$Limit                     0x080028f0   Number         0  anon$$obj.o(Region$$Table)
    __initial_sp                             0x20000718   Data           0  startup_stm32f10x_md.o(STACK)



==============================================================================

Memory Map of the image

  Image Entry point : 0x080000ed

  Load Region LR_IROM1 (Base: 0x08000000, Size: 0x00002960, Max: 0x00010000, ABSOLUTE)

    Execution Region ER_IROM1 (Exec base: 0x08000000, Load base: 0x08000000, Size: 0x000028f0, Max: 0x00010000, ABSOLUTE)

    Exec Addr    Load Addr    Size         Type   Attr      Idx    E Section Name        Object

    0x08000000   0x08000000   0x000000ec   Data   RO          210    RESET               startup_stm32f10x_md.o
    0x080000ec   0x080000ec   0x00000000   Code   RO         3701  * .ARM.Collect$$$$00000000  mc_w.l(entry.o)
    0x080000ec   0x080000ec   0x00000004   Code   RO         3748    .ARM.Collect$$$$00000001  mc_w.l(entry2.o)
    0x080000f0   0x080000f0   0x00000004   Code   RO         3751    .ARM.Collect$$$$00000004  mc_w.l(entry5.o)
    0x080000f4   0x080000f4   0x00000000   Code   RO         3753    .ARM.Collect$$$$00000008  mc_w.l(entry7b.o)
    0x080000f4   0x080000f4   0x00000000   Code   RO         3755    .ARM.Collect$$$$0000000A  mc_w.l(entry8b.o)
    0x080000f4   0x080000f4   0x00000008   Code   RO         3756    .ARM.Collect$$$$0000000B  mc_w.l(entry9a.o)
    0x080000fc   0x080000fc   0x00000004   Code   RO         3763    .ARM.Collect$$$$0000000E  mc_w.l(entry12b.o)
    0x08000100   0x08000100   0x00000000   Code   RO         3758    .ARM.Collect$$$$0000000F  mc_w.l(entry10a.o)
    0x08000100   0x08000100   0x00000000   Code   RO         3760    .ARM.Collect$$$$00000011  mc_w.l(entry11a.o)
    0x08000100   0x08000100   0x00000004   Code   RO         3749    .ARM.Collect$$$$00002712  mc_w.l(entry2.o)
    0x08000104   0x08000104   0x00000024   Code   RO          211    .text               startup_stm32f10x_md.o
    0x08000128   0x08000128   0x00000024   Code   RO         3704    .text               mc_w.l(memseta.o)
    0x0800014c   0x0800014c   0x0000000e   Code   RO         3706    .text               mc_w.l(strlen.o)
    0x0800015a   0x0800015a   0x0000001c   Code   RO         3708    .text               mc_w.l(strcmp.o)
    0x08000176   0x08000176   0x0000001e   Code   RO         3710    .text               mc_w.l(strncmp.o)
    0x08000194   0x08000194   0x00000064   Code   RO         3740    .text               mf_w.l(fmul.o)
    0x080001f8   0x080001f8   0x0000007c   Code   RO         3742    .text               mf_w.l(fdiv.o)
    0x08000274   0x08000274   0x00000012   Code   RO         3744    .text               mf_w.l(fflti.o)
    0x08000286   0x08000286   0x0000000a   Code   RO         3746    .text               mf_w.l(ffltui.o)
    0x08000290   0x08000290   0x00000000   Code   RO         3771    .text               mc_w.l(iusefp.o)
    0x08000290   0x08000290   0x0000006e   Code   RO         3772    .text               mf_w.l(fepilogue.o)
    0x080002fe   0x080002fe   0x00000002   PAD
    0x08000300   0x08000300   0x00000024   Code   RO         3784    .text               mc_w.l(init.o)
    0x08000324   0x08000324   0x00000004   Code   RO          215    i.BusFault_Handler  stm32f10x_it.o
    0x08000328   0x08000328   0x00000002   Code   RO          216    i.DebugMon_Handler  stm32f10x_it.o
    0x0800032a   0x0800032a   0x00000116   Code   RO         1463    i.GPIO_Init         stm32f10x_gpio.o
    0x08000440   0x08000440   0x00000004   Code   RO          217    i.HardFault_Handler  stm32f10x_it.o
    0x08000444   0x08000444   0x00000004   Code   RO          218    i.MemManage_Handler  stm32f10x_it.o
    0x08000448   0x08000448   0x00000002   Code   RO          219    i.NMI_Handler       stm32f10x_it.o
    0x0800044a   0x0800044a   0x00000002   PAD
    0x0800044c   0x0800044c   0x00000070   Code   RO          312    i.NVIC_Init         misc.o
    0x080004bc   0x080004bc   0x00000002   Code   RO          220    i.PendSV_Handler    stm32f10x_it.o
    0x080004be   0x080004be   0x00000002   PAD
    0x080004c0   0x080004c0   0x00000020   Code   RO         1881    i.RCC_APB2PeriphClockCmd  stm32f10x_rcc.o
    0x080004e0   0x080004e0   0x000000d4   Code   RO         1889    i.RCC_GetClocksFreq  stm32f10x_rcc.o
    0x080005b4   0x080005b4   0x00000002   Code   RO          221    i.SVC_Handler       stm32f10x_it.o
    0x080005b6   0x080005b6   0x00000008   Code   RO          278    i.SetSysClock       system_stm32f10x.o
    0x080005be   0x080005be   0x00000002   PAD
    0x080005c0   0x080005c0   0x000000e0   Code   RO          279    i.SetSysClockTo72   system_stm32f10x.o
    0x080006a0   0x080006a0   0x00000002   Code   RO          222    i.SysTick_Handler   stm32f10x_it.o
    0x080006a2   0x080006a2   0x00000002   PAD
    0x080006a4   0x080006a4   0x00000060   Code   RO          281    i.SystemInit        system_stm32f10x.o
    0x08000704   0x08000704   0x0000003c   Code   RO          146    i.USART1_IRQHandler  uart.o
    0x08000740   0x08000740   0x0000001e   Code   RO         3046    i.USART_ClearITPendingBit  stm32f10x_usart.o
    0x0800075e   0x0800075e   0x00000018   Code   RO         3049    i.USART_Cmd         stm32f10x_usart.o
    0x08000776   0x08000776   0x0000001a   Code   RO         3052    i.USART_GetFlagStatus  stm32f10x_usart.o
    0x08000790   0x08000790   0x00000054   Code   RO         3053    i.USART_GetITStatus  stm32f10x_usart.o
    0x080007e4   0x080007e4   0x0000004a   Code   RO         3055    i.USART_ITConfig    stm32f10x_usart.o
    0x0800082e   0x0800082e   0x00000002   PAD
    0x08000830   0x08000830   0x000000d8   Code   RO         3056    i.USART_Init        stm32f10x_usart.o
    0x08000908   0x08000908   0x0000000a   Code   RO         3063    i.USART_ReceiveData  stm32f10x_usart.o
    0x08000912   0x08000912   0x00000008   Code   RO         3066    i.USART_SendData    stm32f10x_usart.o
    0x0800091a   0x0800091a   0x00000004   Code   RO          223    i.UsageFault_Handler  stm32f10x_it.o
    0x0800091e   0x0800091e   0x0000000e   Code   RO         3798    i.__scatterload_copy  mc_w.l(handlers.o)
    0x0800092c   0x0800092c   0x00000002   Code   RO         3799    i.__scatterload_null  mc_w.l(handlers.o)
    0x0800092e   0x0800092e   0x0000000e   Code   RO         3800    i.__scatterload_zeroinit  mc_w.l(handlers.o)
    0x0800093c   0x0800093c   0x0000001c   Code   RO            1    i._shell_write      main.o
    0x08000958   0x08000958   0x00000020   Code   RO         3637    i.agencyshellRun    shell_cmd_list.o
    0x08000978   0x08000978   0x0000003c   Code   RO           46    i.board_lowlevel_init  board.o
    0x080009b4   0x080009b4   0x00000050   Code   RO            2    i.main              main.o
    0x08000a04   0x08000a04   0x00000028   Code   RO         3279    i.shellAdd          shell.o
    0x08000a2c   0x08000a2c   0x0000000e   Code   RO         3280    i.shellBackspace    shell.o
    0x08000a3a   0x08000a3a   0x00000002   PAD
    0x08000a3c   0x08000a3c   0x00000044   Code   RO         3281    i.shellCheckPassword  shell.o
    0x08000a80   0x08000a80   0x00000036   Code   RO         3282    i.shellCheckPermission  shell.o
    0x08000ab6   0x08000ab6   0x00000002   PAD
    0x08000ab8   0x08000ab8   0x0000001c   Code   RO         3283    i.shellClear        shell.o
    0x08000ad4   0x08000ad4   0x00000028   Code   RO         3284    i.shellClearCommandLine  shell.o
    0x08000afc   0x08000afc   0x00000012   Code   RO         3285    i.shellCmds         shell.o
    0x08000b0e   0x08000b0e   0x00000010   Code   RO         3286    i.shellDelete       shell.o
    0x08000b1e   0x08000b1e   0x000000da   Code   RO         3287    i.shellDeleteByte   shell.o
    0x08000bf8   0x08000bf8   0x00000020   Code   RO         3288    i.shellDeleteCommandLine  shell.o
    0x08000c18   0x08000c18   0x00000010   Code   RO         3289    i.shellDown         shell.o
    0x08000c28   0x08000c28   0x00000014   Code   RO         3290    i.shellEnter        shell.o
    0x08000c3c   0x08000c3c   0x00000078   Code   RO         3291    i.shellExec         shell.o
    0x08000cb4   0x08000cb4   0x00000058   Code   RO         3653    i.shellExtNumType   shell_ext.o
    0x08000d0c   0x08000d0c   0x00000046   Code   RO         3654    i.shellExtParseChar  shell_ext.o
    0x08000d52   0x08000d52   0x000000e8   Code   RO         3655    i.shellExtParseNumber  shell_ext.o
    0x08000e3a   0x08000e3a   0x00000056   Code   RO         3656    i.shellExtParsePara  shell_ext.o
    0x08000e90   0x08000e90   0x0000004a   Code   RO         3657    i.shellExtParseString  shell_ext.o
    0x08000eda   0x08000eda   0x00000024   Code   RO         3658    i.shellExtParseVar  shell_ext.o
    0x08000efe   0x08000efe   0x0000037e   Code   RO         3659    i.shellExtRun       shell_ext.o
    0x0800127c   0x0800127c   0x00000036   Code   RO         3660    i.shellExtToNum     shell_ext.o
    0x080012b2   0x080012b2   0x00000030   Code   RO         3292    i.shellGetCommandDesc  shell.o
    0x080012e2   0x080012e2   0x00000002   PAD
    0x080012e4   0x080012e4   0x00000050   Code   RO         3293    i.shellGetCommandName  shell.o
    0x08001334   0x08001334   0x00000034   Code   RO         3294    i.shellGetCurrent   shell.o
    0x08001368   0x08001368   0x00000054   Code   RO         3295    i.shellGetVarValue  shell.o
    0x080013bc   0x080013bc   0x000000f0   Code   RO         3296    i.shellHandler      shell.o
    0x080014ac   0x080014ac   0x0000002c   Code   RO         3297    i.shellHelp         shell.o
    0x080014d8   0x080014d8   0x000000c2   Code   RO         3298    i.shellHistory      shell.o
    0x0800159a   0x0800159a   0x0000007a   Code   RO         3299    i.shellHistoryAdd   shell.o
    0x08001614   0x08001614   0x00000098   Code   RO         3300    i.shellInit         shell.o
    0x080016ac   0x080016ac   0x000000dc   Code   RO         3301    i.shellInsertByte   shell.o
    0x08001788   0x08001788   0x00000012   Code   RO         3302    i.shellKeys         shell.o
    0x0800179a   0x0800179a   0x0000001a   Code   RO         3303    i.shellLeft         shell.o
    0x080017b4   0x080017b4   0x0000000c   Code   RO         3304    i.shellListAll      shell.o
    0x080017c0   0x080017c0   0x0000004c   Code   RO         3305    i.shellListCommand  shell.o
    0x0800180c   0x0800180c   0x000000d0   Code   RO         3306    i.shellListItem     shell.o
    0x080018dc   0x080018dc   0x00000058   Code   RO         3307    i.shellListKey      shell.o
    0x08001934   0x08001934   0x00000058   Code   RO         3308    i.shellListUser     shell.o
    0x0800198c   0x0800198c   0x00000058   Code   RO         3309    i.shellListVar      shell.o
    0x080019e4   0x080019e4   0x0000001c   Code   RO         3310    i.shellNormalInput  shell.o
    0x08001a00   0x08001a00   0x00000096   Code   RO         3311    i.shellParserParam  shell.o
    0x08001a96   0x08001a96   0x0000006a   Code   RO         3314    i.shellRemoveParamQuotes  shell.o
    0x08001b00   0x08001b00   0x0000001e   Code   RO         3315    i.shellRight        shell.o
    0x08001b1e   0x08001b1e   0x00000002   PAD
    0x08001b20   0x08001b20   0x0000005c   Code   RO         3316    i.shellRun          shell.o
    0x08001b7c   0x08001b7c   0x000000b2   Code   RO         3317    i.shellRunCommand   shell.o
    0x08001c2e   0x08001c2e   0x0000007a   Code   RO         3318    i.shellSeekCommand  shell.o
    0x08001ca8   0x08001ca8   0x00000050   Code   RO         3319    i.shellSetUser      shell.o
    0x08001cf8   0x08001cf8   0x00000070   Code   RO         3320    i.shellSetVar       shell.o
    0x08001d68   0x08001d68   0x00000090   Code   RO         3321    i.shellSetVarValue  shell.o
    0x08001df8   0x08001df8   0x000000c0   Code   RO         3322    i.shellShowVar      shell.o
    0x08001eb8   0x08001eb8   0x0000002c   Code   RO         3323    i.shellStringCompare  shell.o
    0x08001ee4   0x08001ee4   0x00000018   Code   RO         3324    i.shellStringCopy   shell.o
    0x08001efc   0x08001efc   0x00000110   Code   RO         3325    i.shellTab          shell.o
    0x0800200c   0x0800200c   0x00000056   Code   RO         3327    i.shellToDec        shell.o
    0x08002062   0x08002062   0x00000038   Code   RO         3328    i.shellToHex        shell.o
    0x0800209a   0x0800209a   0x0000000e   Code   RO         3329    i.shellUp           shell.o
    0x080020a8   0x080020a8   0x00000012   Code   RO         3330    i.shellUsers        shell.o
    0x080020ba   0x080020ba   0x00000012   Code   RO         3331    i.shellVars         shell.o
    0x080020cc   0x080020cc   0x00000010   Code   RO         3332    i.shellWriteByte    shell.o
    0x080020dc   0x080020dc   0x00000064   Code   RO         3333    i.shellWriteCommandDesc  shell.o
    0x08002140   0x08002140   0x0000006c   Code   RO         3334    i.shellWriteCommandHelp  shell.o
    0x080021ac   0x080021ac   0x00000068   Code   RO         3335    i.shellWritePrompt  shell.o
    0x08002214   0x08002214   0x0000008c   Code   RO         3336    i.shellWriteReturnValue  shell.o
    0x080022a0   0x080022a0   0x00000034   Code   RO         3337    i.shellWriteString  shell.o
    0x080022d4   0x080022d4   0x00000010   Code   RO          147    i.uart_init         uart.o
    0x080022e4   0x080022e4   0x00000034   Code   RO          148    i.uart_irq_init     uart.o
    0x08002318   0x08002318   0x00000044   Code   RO          149    i.uart_lowlevel_init  uart.o
    0x0800235c   0x0800235c   0x00000044   Code   RO          150    i.uart_pin_init     uart.o
    0x080023a0   0x080023a0   0x0000000c   Code   RO          151    i.uart_recv_callback_register  uart.o
    0x080023ac   0x080023ac   0x0000000c   Code   RO            3    i.uart_rx_handler   main.o
    0x080023b8   0x080023b8   0x00000020   Code   RO          152    i.uart_send         uart.o
    0x080023d8   0x080023d8   0x00000132   Data   RO         3638    .constdata          shell_cmd_list.o
    0x0800250a   0x0800250a   0x00000002   PAD
    0x0800250c   0x0800250c   0x000002a5   Data   RO         3339    .conststring        shell.o
    0x080027b1   0x080027b1   0x00000003   PAD
    0x080027b4   0x080027b4   0x00000119   Data   RO         3639    .conststring        shell_cmd_list.o
    0x080028cd   0x080028cd   0x00000003   PAD
    0x080028d0   0x080028d0   0x00000020   Data   RO         3796    Region$$Table       anon$$obj.o


    Execution Region RW_IRAM1 (Exec base: 0x20000000, Load base: 0x080028f0, Size: 0x00000718, Max: 0x00005000, ABSOLUTE)

    Exec Addr    Load Addr    Size         Type   Attr      Idx    E Section Name        Object

    0x20000000   0x080028f0   0x00000001   Data   RW            5    .data               main.o
    0x20000001   0x080028f1   0x00000003   PAD
    0x20000004   0x080028f4   0x00000004   Data   RW          153    .data               uart.o
    0x20000008   0x080028f8   0x00000014   Data   RW         1909    .data               stm32f10x_rcc.o
    0x2000001c   0x0800290c   0x00000054   Data   RW         3340    .data               shell.o
    0x20000070        -       0x0000028c   Zero   RW            4    .bss                main.o
    0x200002fc        -       0x00000015   Zero   RW         3338    .bss                shell.o
    0x20000311   0x08002960   0x00000007   PAD
    0x20000318        -       0x00000400   Zero   RW          208    STACK               startup_stm32f10x_md.o


==============================================================================

Image component sizes


      Code (inc. data)   RO Data    RW Data    ZI Data      Debug   Object Name

        60          8          0          0          0     243749   board.o
         0          0          0          0          0         32   core_cm3.o
       120         26          0          1        652      10603   main.o
       112         12          0          0          0       1084   misc.o
      4810        234        677         84         21      37210   shell.o
        32          0        587          0          0       1522   shell_cmd_list.o
      1534         16          0          0          0       6298   shell_ext.o
        36          8        236          0       1024        800   startup_stm32f10x_md.o
       278          0          0          0          0       2028   stm32f10x_gpio.o
        26          0          0          0          0       3902   stm32f10x_it.o
       244         26          0         20          0       3873   stm32f10x_rcc.o
       472          6          0          0          0       6679   stm32f10x_usart.o
       328         28          0          0          0       2025   system_stm32f10x.o
       308         34          0          4          0       3354   uart.o

    ----------------------------------------------------------------------
      8378        398       1540        112       1704     323159   Object Totals
         0          0         32          0          0          0   (incl. Generated)
        18          0          8          3          7          0   (incl. Padding)

    ----------------------------------------------------------------------

      Code (inc. data)   RO Data    RW Data    ZI Data      Debug   Library Member Name

         0          0          0          0          0          0   entry.o
         0          0          0          0          0          0   entry10a.o
         0          0          0          0          0          0   entry11a.o
         4          0          0          0          0          0   entry12b.o
         8          4          0          0          0          0   entry2.o
         4          0          0          0          0          0   entry5.o
         0          0          0          0          0          0   entry7b.o
         0          0          0          0          0          0   entry8b.o
         8          4          0          0          0          0   entry9a.o
        30          0          0          0          0          0   handlers.o
        36          8          0          0          0         68   init.o
         0          0          0          0          0          0   iusefp.o
        36          0          0          0          0        108   memseta.o
        28          0          0          0          0         76   strcmp.o
        14          0          0          0          0         68   strlen.o
        30          0          0          0          0         80   strncmp.o
       124          0          0          0          0         88   fdiv.o
       110          0          0          0          0        168   fepilogue.o
        18          0          0          0          0         68   fflti.o
        10          0          0          0          0         68   ffltui.o
       100          0          0          0          0         76   fmul.o

    ----------------------------------------------------------------------
       562         16          0          0          0        868   Library Totals
         2          0          0          0          0          0   (incl. Padding)

    ----------------------------------------------------------------------

      Code (inc. data)   RO Data    RW Data    ZI Data      Debug   Library Name

       198         16          0          0          0        400   mc_w.l
       362          0          0          0          0        468   mf_w.l

    ----------------------------------------------------------------------
       562         16          0          0          0        868   Library Totals

    ----------------------------------------------------------------------

==============================================================================


      Code (inc. data)   RO Data    RW Data    ZI Data      Debug   

      8940        414       1540        112       1704     318823   Grand Totals
      8940        414       1540        112       1704     318823   ELF Image Totals
      8940        414       1540        112          0          0   ROM Totals

==============================================================================

    Total RO  Size (Code + RO Data)                10480 (  10.23kB)
    Total RW  Size (RW Data + ZI Data)              1816 (   1.77kB)
    Total ROM Size (Code + RO Data + RW Data)      10592 (  10.34kB)

==============================================================================

