Component: ARM Compiler 5.06 update 7 (build 960) Tool: armlink [4d3601]

==============================================================================

Section Cross References

    main.o(i._shell_write) refers to uart.o(i.uart_send) for uart_send
    main.o(i.main) refers to tlsf.o(i.tlsf_create_with_pool) for tlsf_create_with_pool
    main.o(i.main) refers to board.o(i.board_lowlevel_init) for board_lowlevel_init
    main.o(i.main) refers to uart.o(i.uart_init) for uart_init
    main.o(i.main) refers to uart.o(i.uart_recv_callback_register) for uart_recv_callback_register
    main.o(i.main) refers to elog.o(i.elog_init) for elog_init
    main.o(i.main) refers to elog.o(i.elog_set_fmt) for elog_set_fmt
    main.o(i.main) refers to elog.o(i.elog_start) for elog_start
    main.o(i.main) refers to elog.o(i.elog_output) for elog_output
    main.o(i.main) refers to ringbuffer8.o(i.rb8_new) for rb8_new
    main.o(i.main) refers to shell.o(i.shellInit) for shellInit
    main.o(i.main) refers to ringbuffer8.o(i.rb8_empty) for rb8_empty
    main.o(i.main) refers to ringbuffer8.o(i.rb8_get) for rb8_get
    main.o(i.main) refers to shell.o(i.shellHandler) for shellHandler
    main.o(i.main) refers to main.o(.bss) for dyl_mem_pool
    main.o(i.main) refers to main.o(.data) for tlsf
    main.o(i.main) refers to main.o(i.uart_rx_handler) for uart_rx_handler
    main.o(i.main) refers to main.o(.constdata) for __FUNCTION__
    main.o(i.main) refers to main.o(i._shell_write) for _shell_write
    main.o(i.uart_rx_handler) refers to ringbuffer8.o(i.rb8_full) for rb8_full
    main.o(i.uart_rx_handler) refers to ringbuffer8.o(i.rb8_put) for rb8_put
    main.o(i.uart_rx_handler) refers to main.o(.data) for rx_ringbuffer
    board.o(i.board_lowlevel_init) refers to stm32f10x_rcc.o(i.RCC_APB2PeriphClockCmd) for RCC_APB2PeriphClockCmd
    mem.o(i.cmd_mem) refers to atoi.o(.text) for atoi
    mem.o(i.cmd_mem) refers to tlsf.o(i.tlsf_malloc) for tlsf_malloc
    mem.o(i.cmd_mem) refers to shell.o(i.shellGetCurrent) for shellGetCurrent
    mem.o(i.cmd_mem) refers to shell.o(i.shellPrint) for shellPrint
    mem.o(i.cmd_mem) refers to tlsf.o(i.tlsf_free) for tlsf_free
    mem.o(i.cmd_mem) refers to main.o(.data) for tlsf
    uart.o(i.USART1_IRQHandler) refers to stm32f10x_usart.o(i.USART_GetITStatus) for USART_GetITStatus
    uart.o(i.USART1_IRQHandler) refers to stm32f10x_usart.o(i.USART_ReceiveData) for USART_ReceiveData
    uart.o(i.USART1_IRQHandler) refers to stm32f10x_usart.o(i.USART_ClearITPendingBit) for USART_ClearITPendingBit
    uart.o(i.USART1_IRQHandler) refers to uart.o(.data) for rx_callback
    uart.o(i.uart_init) refers to uart.o(i.uart_pin_init) for uart_pin_init
    uart.o(i.uart_init) refers to uart.o(i.uart_lowlevel_init) for uart_lowlevel_init
    uart.o(i.uart_init) refers to uart.o(i.uart_irq_init) for uart_irq_init
    uart.o(i.uart_irq_init) refers to misc.o(i.NVIC_Init) for NVIC_Init
    uart.o(i.uart_irq_init) refers to stm32f10x_usart.o(i.USART_ITConfig) for USART_ITConfig
    uart.o(i.uart_lowlevel_init) refers to stm32f10x_usart.o(i.USART_Init) for USART_Init
    uart.o(i.uart_lowlevel_init) refers to stm32f10x_usart.o(i.USART_Cmd) for USART_Cmd
    uart.o(i.uart_pin_init) refers to stm32f10x_gpio.o(i.GPIO_Init) for GPIO_Init
    uart.o(i.uart_recv_callback_register) refers to uart.o(.data) for rx_callback
    uart.o(i.uart_send) refers to stm32f10x_usart.o(i.USART_SendData) for USART_SendData
    uart.o(i.uart_send) refers to stm32f10x_usart.o(i.USART_GetFlagStatus) for USART_GetFlagStatus
    startup_stm32f10x_md.o(RESET) refers to startup_stm32f10x_md.o(STACK) for __initial_sp
    startup_stm32f10x_md.o(RESET) refers to startup_stm32f10x_md.o(.text) for Reset_Handler
    startup_stm32f10x_md.o(RESET) refers to stm32f10x_it.o(i.NMI_Handler) for NMI_Handler
    startup_stm32f10x_md.o(RESET) refers to stm32f10x_it.o(i.HardFault_Handler) for HardFault_Handler
    startup_stm32f10x_md.o(RESET) refers to stm32f10x_it.o(i.MemManage_Handler) for MemManage_Handler
    startup_stm32f10x_md.o(RESET) refers to stm32f10x_it.o(i.BusFault_Handler) for BusFault_Handler
    startup_stm32f10x_md.o(RESET) refers to stm32f10x_it.o(i.UsageFault_Handler) for UsageFault_Handler
    startup_stm32f10x_md.o(RESET) refers to stm32f10x_it.o(i.SVC_Handler) for SVC_Handler
    startup_stm32f10x_md.o(RESET) refers to stm32f10x_it.o(i.DebugMon_Handler) for DebugMon_Handler
    startup_stm32f10x_md.o(RESET) refers to stm32f10x_it.o(i.PendSV_Handler) for PendSV_Handler
    startup_stm32f10x_md.o(RESET) refers to stm32f10x_it.o(i.SysTick_Handler) for SysTick_Handler
    startup_stm32f10x_md.o(RESET) refers to uart.o(i.USART1_IRQHandler) for USART1_IRQHandler
    startup_stm32f10x_md.o(.text) refers to system_stm32f10x.o(i.SystemInit) for SystemInit
    startup_stm32f10x_md.o(.text) refers to entry.o(.ARM.Collect$$$$00000000) for __main
[...]
    i.USART_ReceiveData                      0x08000f94   Section        0  stm32f10x_usart.o(i.USART_ReceiveData)
    i.USART_SendData                         0x08000f9e   Section        0  stm32f10x_usart.o(i.USART_SendData)
    i.UsageFault_Handler                     0x08000fa6   Section        0  stm32f10x_it.o(i.UsageFault_Handler)
    i.__0printf                              0x08000fac   Section        0  printfa.o(i.__0printf)
    i.__0snprintf                            0x08000fcc   Section        0  printfa.o(i.__0snprintf)
    i.__0sprintf                             0x08001000   Section        0  printfa.o(i.__0sprintf)
    i.__0vsnprintf                           0x08001028   Section        0  printfa.o(i.__0vsnprintf)
    i.__aeabi_errno_addr                     0x0800105c   Section        0  errno.o(i.__aeabi_errno_addr)
    i.__scatterload_copy                     0x08001064   Section       14  handlers.o(i.__scatterload_copy)
    i.__scatterload_null                     0x08001072   Section        2  handlers.o(i.__scatterload_null)
    i.__scatterload_zeroinit                 0x08001074   Section       14  handlers.o(i.__scatterload_zeroinit)
    i._fp_digits                             0x08001084   Section        0  printfa.o(i._fp_digits)
    _fp_digits                               0x08001085   Thumb Code   366  printfa.o(i._fp_digits)
    i._printf_core                           0x08001208   Section        0  printfa.o(i._printf_core)
    _printf_core                             0x08001209   Thumb Code  1704  printfa.o(i._printf_core)
    i._printf_post_padding                   0x080018bc   Section        0  printfa.o(i._printf_post_padding)
    _printf_post_padding                     0x080018bd   Thumb Code    36  printfa.o(i._printf_post_padding)
    i._printf_pre_padding                    0x080018e0   Section        0  printfa.o(i._printf_pre_padding)
    _printf_pre_padding                      0x080018e1   Thumb Code    46  printfa.o(i._printf_pre_padding)
    i._shell_write                           0x0800190e   Section        0  main.o(i._shell_write)
    _shell_write                             0x0800190f   Thumb Code    28  main.o(i._shell_write)
    i._snputc                                0x0800192a   Section        0  printfa.o(i._snputc)
    _snputc                                  0x0800192b   Thumb Code    22  printfa.o(i._snputc)
    i._sputc                                 0x08001940   Section        0  printfa.o(i._sputc)
    _sputc                                   0x08001941   Thumb Code    10  printfa.o(i._sputc)
    i.adjust_request_size                    0x0800194a   Section        0  tlsf.o(i.adjust_request_size)
    adjust_request_size                      0x0800194b   Thumb Code    48  tlsf.o(i.adjust_request_size)
    i.agencyshellRun                         0x0800197a   Section        0  shell_cmd_list.o(i.agencyshellRun)
    i.align_down                             0x0800199a   Section        0  tlsf.o(i.align_down)
    align_down                               0x0800199b   Thumb Code    10  tlsf.o(i.align_down)
    i.align_up                               0x080019a4   Section        0  tlsf.o(i.align_up)
    align_up                                 0x080019a5   Thumb Code    12  tlsf.o(i.align_up)
    i.block_absorb                           0x080019b0   Section        0  tlsf.o(i.block_absorb)
    block_absorb                             0x080019b1   Thumb Code    30  tlsf.o(i.block_absorb)
    i.block_can_split                        0x080019ce   Section        0  tlsf.o(i.block_can_split)
    block_can_split                          0x080019cf   Thumb Code    28  tlsf.o(i.block_can_split)
    i.block_from_ptr                         0x080019ea   Section        0  tlsf.o(i.block_from_ptr)
    block_from_ptr                           0x080019eb   Thumb Code     8  tlsf.o(i.block_from_ptr)
    i.block_insert                           0x080019f2   Section        0  tlsf.o(i.block_insert)
    block_insert                             0x080019f3   Thumb Code    36  tlsf.o(i.block_insert)
    i.block_is_free                          0x08001a16   Section        0  tlsf.o(i.block_is_free)
    block_is_free                            0x08001a17   Thumb Code    10  tlsf.o(i.block_is_free)
    i.block_is_prev_free                     0x08001a20   Section        0  tlsf.o(i.block_is_prev_free)
    block_is_prev_free                       0x08001a21   Thumb Code    10  tlsf.o(i.block_is_prev_free)
    i.block_link_next                        0x08001a2a   Section        0  tlsf.o(i.block_link_next)
    block_link_next                          0x08001a2b   Thumb Code    18  tlsf.o(i.block_link_next)
    i.block_locate_free                      0x08001a3c   Section        0  tlsf.o(i.block_locate_free)
    block_locate_free                        0x08001a3d   Thumb Code    62  tlsf.o(i.block_locate_free)
    i.block_mark_as_free                     0x08001a7a   Section        0  tlsf.o(i.block_mark_as_free)
    block_mark_as_free                       0x08001a7b   Thumb Code    26  tlsf.o(i.block_mark_as_free)
    i.block_mark_as_used                     0x08001a94   Section        0  tlsf.o(i.block_mark_as_used)
    block_mark_as_used                       0x08001a95   Thumb Code    26  tlsf.o(i.block_mark_as_used)
    i.block_merge_next                       0x08001aae   Section        0  tlsf.o(i.block_merge_next)
    block_merge_next                         0x08001aaf   Thumb Code    44  tlsf.o(i.block_merge_next)
    i.block_merge_prev                       0x08001ada   Section        0  tlsf.o(i.block_merge_prev)
    block_merge_prev                         0x08001adb   Thumb Code    46  tlsf.o(i.block_merge_prev)
    i.block_next                             0x08001b08   Section        0  tlsf.o(i.block_next)
    block_next                               0x08001b09   Thumb Code    36  tlsf.o(i.block_next)
    i.block_prepare_used                     0x08001b2c   Section        0  tlsf.o(i.block_prepare_used)
    block_prepare_used                       0x08001b2d   Thumb Code    44  tlsf.o(i.block_prepare_used)
    i.block_prev                             0x08001b58   Section        0  tlsf.o(i.block_prev)
    block_prev                               0x08001b59   Thumb Code     6  tlsf.o(i.block_prev)
    i.block_remove                           0x08001b5e   Section        0  tlsf.o(i.block_remove)
    block_remove                             0x08001b5f   Thumb Code    36  tlsf.o(i.block_remove)
    i.block_set_free                         0x08001b82   Section        0  tlsf.o(i.block_set_free)
    block_set_free                           0x08001b83   Thumb Code    10  tlsf.o(i.block_set_free)
    i.block_set_prev_free                    0x08001b8c   Section        0  tlsf.o(i.block_set_prev_free)
    block_set_prev_free                      0x08001b8d   Thumb Code    10  tlsf.o(i.block_set_prev_free)
    i.block_set_prev_used                    0x08001b96   Section        0  tlsf.o(i.block_set_prev_used)
    block_set_prev_used                      0x08001b97   Thumb Code    10  tlsf.o(i.block_set_prev_used)
    i.block_set_size                         0x08001ba0   Section        0  tlsf.o(i.block_set_size)
    block_set_size                           0x08001ba1   Thumb Code    12  tlsf.o(i.block_set_size)
    i.block_set_used                         0x08001bac   Section        0  tlsf.o(i.block_set_used)
    block_set_used                           0x08001bad   Thumb Code    10  tlsf.o(i.block_set_used)
    i.block_size                             0x08001bb6   Section        0  tlsf.o(i.block_size)
    block_size                               0x08001bb7   Thumb Code    10  tlsf.o(i.block_size)
    i.block_split                            0x08001bc0   Section        0  tlsf.o(i.block_split)
    block_split                              0x08001bc1   Thumb Code    62  tlsf.o(i.block_split)
    i.block_to_ptr                           0x08001bfe   Section        0  tlsf.o(i.block_to_ptr)
    block_to_ptr                             0x08001bff   Thumb Code     8  tlsf.o(i.block_to_ptr)
    i.block_trim_free                        0x08001c06   Section        0  tlsf.o(i.block_trim_free)
    block_trim_free                          0x08001c07   Thumb Code    56  tlsf.o(i.block_trim_free)
    i.board_lowlevel_init                    0x08001c40   Section        0  board.o(i.board_lowlevel_init)
    i.cmd_mem                                0x08001c7c   Section        0  mem.o(i.cmd_mem)
    i.control_construct                      0x08001cd8   Section        0  tlsf.o(i.control_construct)
    control_construct                        0x08001cd9   Thumb Code    54  tlsf.o(i.control_construct)
    i.elog_get_filter_tag_lvl                0x08001d10   Section        0  elog.o(i.elog_get_filter_tag_lvl)
    i.elog_init                              0x08001e24   Section        0  elog.o(i.elog_init)
    i.elog_output                            0x08001e74   Section        0  elog.o(i.elog_output)
    i.elog_output_lock                       0x08002258   Section        0  elog.o(i.elog_output_lock)
    i.elog_output_lock_enabled               0x08002280   Section        0  elog.o(i.elog_output_lock_enabled)
    i.elog_output_unlock                     0x080022c0   Section        0  elog.o(i.elog_output_unlock)
    i.elog_port_get_p_info                   0x080022e8   Section        0  elog_port.o(i.elog_port_get_p_info)
    i.elog_port_get_t_info                   0x080022ea   Section        0  elog_port.o(i.elog_port_get_t_info)
    i.elog_port_get_time                     0x080022ec   Section        0  elog_port.o(i.elog_port_get_time)
    i.elog_port_init                         0x080022ee   Section        0  elog_port.o(i.elog_port_init)
    i.elog_port_output                       0x080022f4   Section        0  elog_port.o(i.elog_port_output)
    i.elog_port_output_lock                  0x08002340   Section        0  elog_port.o(i.elog_port_output_lock)
    i.elog_port_output_unlock                0x08002342   Section        0  elog_port.o(i.elog_port_output_unlock)
    i.elog_set_filter_lvl                    0x08002344   Section        0  elog.o(i.elog_set_filter_lvl)
    i.elog_set_filter_tag_lvl_default        0x08002408   Section        0  elog.o(i.elog_set_filter_tag_lvl_default)
    elog_set_filter_tag_lvl_default          0x08002409   Thumb Code    54  elog.o(i.elog_set_filter_tag_lvl_default)
    i.elog_set_fmt                           0x08002444   Section        0  elog.o(i.elog_set_fmt)
    i.elog_set_output_enabled                0x0800250c   Section        0  elog.o(i.elog_set_output_enabled)
    i.elog_set_text_color_enabled            0x080025e0   Section        0  elog.o(i.elog_set_text_color_enabled)
    i.elog_start                             0x080025ec   Section        0  elog.o(i.elog_start)
    i.elog_strcpy                            0x08002670   Section        0  elog_utils.o(i.elog_strcpy)
    i.fputc                                  0x0800277c   Section        0  fputc.o(i.fputc)
    i.free                                   0x08002790   Section        0  malloc.o(i.free)
    i.get_fmt_enabled                        0x080027e0   Section        0  elog.o(i.get_fmt_enabled)
    get_fmt_enabled                          0x080027e1   Thumb Code    90  elog.o(i.get_fmt_enabled)
    i.insert_free_block                      0x080028b4   Section        0  tlsf.o(i.insert_free_block)
    insert_free_block                        0x080028b5   Thumb Code    66  tlsf.o(i.insert_free_block)
    i.main                                   0x080028f8   Section        0  main.o(i.main)
    i.malloc                                 0x08002ad8   Section        0  malloc.o(i.malloc)
    i.mapping_insert                         0x08002b44   Section        0  tlsf.o(i.mapping_insert)
    mapping_insert                           0x08002b45   Thumb Code    58  tlsf.o(i.mapping_insert)
    i.mapping_search                         0x08002b7e   Section        0  tlsf.o(i.mapping_search)
    mapping_search                           0x08002b7f   Thumb Code    48  tlsf.o(i.mapping_search)
    i.next_head                              0x08002bae   Section        0  ringbuffer8.o(i.next_head)
    next_head                                0x08002baf   Thumb Code    24  ringbuffer8.o(i.next_head)
    i.offset_to_block                        0x08002bc6   Section        0  tlsf.o(i.offset_to_block)
    offset_to_block                          0x08002bc7   Thumb Code     6  tlsf.o(i.offset_to_block)
    i.rb8_empty                              0x08002bcc   Section        0  ringbuffer8.o(i.rb8_empty)
    i.rb8_full                               0x08002bde   Section        0  ringbuffer8.o(i.rb8_full)
    i.rb8_get                                0x08002bf6   Section        0  ringbuffer8.o(i.rb8_get)
    i.rb8_new                                0x08002c2a   Section        0  ringbuffer8.o(i.rb8_new)
    i.rb8_put                                0x08002c36   Section        0  ringbuffer8.o(i.rb8_put)
    i.remove_free_block                      0x08002c60   Section        0  tlsf.o(i.remove_free_block)
    remove_free_block                        0x08002c61   Thumb Code    84  tlsf.o(i.remove_free_block)
    i.search_suitable_block                  0x08002cb4   Section        0  tlsf.o(i.search_suitable_block)
    search_suitable_block                    0x08002cb5   Thumb Code   114  tlsf.o(i.search_suitable_block)
    i.shellAdd                               0x08002d28   Section        0  shell.o(i.shellAdd)
    shellAdd                                 0x08002d29   Thumb Code    34  shell.o(i.shellAdd)
    i.shellBackspace                         0x08002d50   Section        0  shell.o(i.shellBackspace)
    i.shellCheckPassword                     0x08002d60   Section        0  shell.o(i.shellCheckPassword)
    shellCheckPassword                       0x08002d61   Thumb Code    62  shell.o(i.shellCheckPassword)
    i.shellCheckPermission                   0x08002da4   Section        0  shell.o(i.shellCheckPermission)
    i.shellClear                             0x08002ddc   Section        0  shell.o(i.shellClear)
    i.shellClearCommandLine                  0x08002df8   Section        0  shell.o(i.shellClearCommandLine)
    i.shellCmds                              0x08002e20   Section        0  shell.o(i.shellCmds)
    i.shellDelete                            0x08002e32   Section        0  shell.o(i.shellDelete)
    i.shellDeleteByte                        0x08002e42   Section        0  shell.o(i.shellDeleteByte)
    i.shellDeleteCommandLine                 0x08002f1c   Section        0  shell.o(i.shellDeleteCommandLine)
    i.shellDown                              0x08002f3c   Section        0  shell.o(i.shellDown)
    i.shellEnter                             0x08002f4c   Section        0  shell.o(i.shellEnter)
    i.shellExec                              0x08002f60   Section        0  shell.o(i.shellExec)
    i.shellExtNumType                        0x08002fd8   Section        0  shell_ext.o(i.shellExtNumType)
    shellExtNumType                          0x08002fd9   Thumb Code    88  shell_ext.o(i.shellExtNumType)
    i.shellExtParseChar                      0x08003030   Section        0  shell_ext.o(i.shellExtParseChar)
    shellExtParseChar                        0x08003031   Thumb Code    70  shell_ext.o(i.shellExtParseChar)
    i.shellExtParseNumber                    0x08003076   Section        0  shell_ext.o(i.shellExtParseNumber)
    shellExtParseNumber                      0x08003077   Thumb Code   232  shell_ext.o(i.shellExtParseNumber)
    i.shellExtParsePara                      0x0800315e   Section        0  shell_ext.o(i.shellExtParsePara)
    i.shellExtParseString                    0x080031b4   Section        0  shell_ext.o(i.shellExtParseString)
    shellExtParseString                      0x080031b5   Thumb Code    74  shell_ext.o(i.shellExtParseString)
    i.shellExtParseVar                       0x080031fe   Section        0  shell_ext.o(i.shellExtParseVar)
    shellExtParseVar                         0x080031ff   Thumb Code    36  shell_ext.o(i.shellExtParseVar)
    i.shellExtRun                            0x08003222   Section        0  shell_ext.o(i.shellExtRun)
    i.shellExtToNum                          0x080035a0   Section        0  shell_ext.o(i.shellExtToNum)
    shellExtToNum                            0x080035a1   Thumb Code    54  shell_ext.o(i.shellExtToNum)
    i.shellGetCommandDesc                    0x080035d6   Section        0  shell.o(i.shellGetCommandDesc)
    shellGetCommandDesc                      0x080035d7   Thumb Code    48  shell.o(i.shellGetCommandDesc)
    i.shellGetCommandName                    0x08003608   Section        0  shell.o(i.shellGetCommandName)
    shellGetCommandName                      0x08003609   Thumb Code    76  shell.o(i.shellGetCommandName)
    i.shellGetCurrent                        0x08003658   Section        0  shell.o(i.shellGetCurrent)
    i.shellGetVarValue                       0x0800368c   Section        0  shell.o(i.shellGetVarValue)
    i.shellHandler                           0x080036e0   Section        0  shell.o(i.shellHandler)
    i.shellHelp                              0x080037d0   Section        0  shell.o(i.shellHelp)
    i.shellHistory                           0x080037fc   Section        0  shell.o(i.shellHistory)
    shellHistory                             0x080037fd   Thumb Code   194  shell.o(i.shellHistory)
    i.shellHistoryAdd                        0x080038be   Section        0  shell.o(i.shellHistoryAdd)
    shellHistoryAdd                          0x080038bf   Thumb Code   122  shell.o(i.shellHistoryAdd)
    i.shellInit                              0x08003938   Section        0  shell.o(i.shellInit)
    i.shellInsertByte                        0x080039d0   Section        0  shell.o(i.shellInsertByte)
    i.shellKeys                              0x08003aac   Section        0  shell.o(i.shellKeys)
    i.shellLeft                              0x08003abe   Section        0  shell.o(i.shellLeft)
    i.shellListAll                           0x08003ad8   Section        0  shell.o(i.shellListAll)
    i.shellListCommand                       0x08003ae4   Section        0  shell.o(i.shellListCommand)
    i.shellListItem                          0x08003b30   Section        0  shell.o(i.shellListItem)
    i.shellListKey                           0x08003c00   Section        0  shell.o(i.shellListKey)
    i.shellListUser                          0x08003c58   Section        0  shell.o(i.shellListUser)
    i.shellListVar                           0x08003cb0   Section        0  shell.o(i.shellListVar)
    i.shellNormalInput                       0x08003d08   Section        0  shell.o(i.shellNormalInput)
    i.shellParserParam                       0x08003d24   Section        0  shell.o(i.shellParserParam)
    shellParserParam                         0x08003d25   Thumb Code   150  shell.o(i.shellParserParam)
    i.shellPrint                             0x08003dba   Section        0  shell.o(i.shellPrint)
    i.shellRemoveParamQuotes                 0x08003df2   Section        0  shell.o(i.shellRemoveParamQuotes)
    shellRemoveParamQuotes                   0x08003df3   Thumb Code   106  shell.o(i.shellRemoveParamQuotes)
    i.shellRight                             0x08003e5c   Section        0  shell.o(i.shellRight)
    i.shellRun                               0x08003e7c   Section        0  shell.o(i.shellRun)
    i.shellRunCommand                        0x08003ed8   Section        0  shell.o(i.shellRunCommand)
    i.shellSeekCommand                       0x08003f8a   Section        0  shell.o(i.shellSeekCommand)
    i.shellSetUser                           0x08004004   Section        0  shell.o(i.shellSetUser)
    shellSetUser                             0x08004005   Thumb Code    76  shell.o(i.shellSetUser)
    i.shellSetVar                            0x08004054   Section        0  shell.o(i.shellSetVar)
    i.shellSetVarValue                       0x080040c4   Section        0  shell.o(i.shellSetVarValue)
    i.shellShowVar                           0x08004154   Section        0  shell.o(i.shellShowVar)
    shellShowVar                             0x08004155   Thumb Code   158  shell.o(i.shellShowVar)
    i.shellStringCompare                     0x08004214   Section        0  shell.o(i.shellStringCompare)
    shellStringCompare                       0x08004215   Thumb Code    44  shell.o(i.shellStringCompare)
    i.shellStringCopy                        0x08004240   Section        0  shell.o(i.shellStringCopy)
    shellStringCopy                          0x08004241   Thumb Code    24  shell.o(i.shellStringCopy)
    i.shellTab                               0x08004258   Section        0  shell.o(i.shellTab)
    i.shellToDec                             0x08004368   Section        0  shell.o(i.shellToDec)
    i.shellToHex                             0x080043be   Section        0  shell.o(i.shellToHex)
    i.shellUp                                0x080043f6   Section        0  shell.o(i.shellUp)
    i.shellUsers                             0x08004404   Section        0  shell.o(i.shellUsers)
    i.shellVars                              0x08004416   Section        0  shell.o(i.shellVars)
    i.shellWriteByte                         0x08004428   Section        0  shell.o(i.shellWriteByte)
    shellWriteByte                           0x08004429   Thumb Code    16  shell.o(i.shellWriteByte)
    i.shellWriteCommandDesc                  0x08004438   Section        0  shell.o(i.shellWriteCommandDesc)
    shellWriteCommandDesc                    0x08004439   Thumb Code    96  shell.o(i.shellWriteCommandDesc)
    i.shellWriteCommandHelp                  0x0800449c   Section        0  shell.o(i.shellWriteCommandHelp)
    shellWriteCommandHelp                    0x0800449d   Thumb Code    98  shell.o(i.shellWriteCommandHelp)
    i.shellWritePrompt                       0x08004508   Section        0  shell.o(i.shellWritePrompt)
    shellWritePrompt                         0x08004509   Thumb Code    84  shell.o(i.shellWritePrompt)
    i.shellWriteReturnValue                  0x08004570   Section        0  shell.o(i.shellWriteReturnValue)
    shellWriteReturnValue                    0x08004571   Thumb Code   104  shell.o(i.shellWriteReturnValue)
    i.shellWriteString                       0x080045fc   Section        0  shell.o(i.shellWriteString)
    i.tlsf_add_pool                          0x08004630   Section        0  tlsf.o(i.tlsf_add_pool)
    i.tlsf_create                            0x08004740   Section        0  tlsf.o(i.tlsf_create)
    i.tlsf_create_with_pool                  0x0800479c   Section        0  tlsf.o(i.tlsf_create_with_pool)
    i.tlsf_ffs                               0x080047ca   Section        0  tlsf.o(i.tlsf_ffs)
    tlsf_ffs                                 0x080047cb   Thumb Code    22  tlsf.o(i.tlsf_ffs)
    i.tlsf_fls                               0x080047e0   Section        0  tlsf.o(i.tlsf_fls)
    tlsf_fls                                 0x080047e1   Thumb Code    22  tlsf.o(i.tlsf_fls)
    i.tlsf_free                              0x080047f6   Section        0  tlsf.o(i.tlsf_free)
    i.tlsf_malloc                            0x08004832   Section        0  tlsf.o(i.tlsf_malloc)
    i.tlsf_pool_overhead                     0x0800485e   Section        0  tlsf.o(i.tlsf_pool_overhead)
    i.tlsf_size                              0x08004862   Section        0  tlsf.o(i.tlsf_size)
    i.uart_init                              0x08004868   Section        0  uart.o(i.uart_init)
    i.uart_irq_init                          0x08004878   Section        0  uart.o(i.uart_irq_init)
    uart_irq_init                            0x08004879   Thumb Code    48  uart.o(i.uart_irq_init)
    i.uart_lowlevel_init                     0x080048ac   Section        0  uart.o(i.uart_lowlevel_init)
    uart_lowlevel_init                       0x080048ad   Thumb Code    62  uart.o(i.uart_lowlevel_init)
    i.uart_pin_init                          0x080048f0   Section        0  uart.o(i.uart_pin_init)
    uart_pin_init                            0x080048f1   Thumb Code    64  uart.o(i.uart_pin_init)
    i.uart_recv_callback_register            0x08004934   Section        0  uart.o(i.uart_recv_callback_register)
    i.uart_rx_handler                        0x08004940   Section        0  main.o(i.uart_rx_handler)
    uart_rx_handler                          0x08004941   Thumb Code    26  main.o(i.uart_rx_handler)
    i.uart_send                              0x08004960   Section        0  uart.o(i.uart_send)
    .constdata                               0x08004980   Section        5  main.o(.constdata)
    __FUNCTION__                             0x08004980   Data           5  main.o(.constdata)
    .constdata                               0x08004988   Section      322  shell_cmd_list.o(.constdata)
    .constdata                               0x08004aca   Section      188  elog.o(.constdata)
    __FUNCTION__                             0x08004aca   Data          11  elog.o(.constdata)
    __FUNCTION__                             0x08004ad5   Data          24  elog.o(.constdata)
    __FUNCTION__                             0x08004aed   Data          13  elog.o(.constdata)
    __FUNCTION__                             0x08004afa   Data          16  elog.o(.constdata)
    __FUNCTION__                             0x08004b0a   Data          20  elog.o(.constdata)
    __FUNCTION__                             0x08004b1e   Data          24  elog.o(.constdata)
    __FUNCTION__                             0x08004b36   Data          24  elog.o(.constdata)
    __FUNCTION__                             0x08004b4e   Data          12  elog.o(.constdata)
    __FUNCTION__                             0x08004b5a   Data          16  elog.o(.constdata)
    __FUNCTION__                             0x08004b6a   Data          14  elog.o(.constdata)
    __FUNCTION__                             0x08004b78   Data          14  elog.o(.constdata)
    .constdata                               0x08004b86   Section       35  elog_utils.o(.constdata)
    __FUNCTION__                             0x08004b86   Data          12  elog_utils.o(.constdata)
    __FUNCTION__                             0x08004b92   Data          11  elog_utils.o(.constdata)
    __FUNCTION__                             0x08004b9d   Data          12  elog_utils.o(.constdata)
    .constdata                               0x08004ba9   Section      129  ctype_o.o(.constdata)
    .constdata                               0x08004c2c   Section        4  ctype_o.o(.constdata)
    table                                    0x08004c2c   Data           4  ctype_o.o(.constdata)
    .conststring                             0x08004c30   Section      677  shell.o(.conststring)
    .conststring                             0x08004ed8   Section      301  shell_cmd_list.o(.conststring)
    .conststring                             0x08005008   Section       71  elog.o(.conststring)
    .data                                    0x20000000   Section        8  main.o(.data)
    rx_ringbuffer                            0x20000000   Data           4  main.o(.data)
    .data                                    0x20000008   Section        4  uart.o(.data)
    rx_callback                              0x20000008   Data           4  uart.o(.data)
    .data                                    0x2000000c   Section       20  stm32f10x_rcc.o(.data)
    APBAHBPrescTable                         0x2000000c   Data          16  stm32f10x_rcc.o(.data)
    ADCPrescTable                            0x2000001c   Data           4  stm32f10x_rcc.o(.data)
    .data                                    0x20000020   Section       84  shell.o(.data)
    shellText                                0x20000020   Data          84  shell.o(.data)
    .data                                    0x20000074   Section       52  elog.o(.data)
    level_output_info                        0x20000074   Data          24  elog.o(.data)
    color_output_info                        0x2000008c   Data          24  elog.o(.data)
    .data                                    0x200000a8   Section        4  stdout.o(.data)
    .data                                    0x200000ac   Section        4  mvars.o(.data)
    .data                                    0x200000b0   Section        4  mvars.o(.data)
    .data                                    0x200000b4   Section        4  errno.o(.data)
    _errno                                   0x200000b4   Data           4  errno.o(.data)
    .bss                                     0x200000b8   Section    11020  main.o(.bss)
    rx_buff                                  0x200000b8   Data         128  main.o(.bss)
    shell                                    0x20000138   Data         140  main.o(.bss)
    shell_buffer                             0x200001c4   Data         512  main.o(.bss)
    dyl_mem_pool                             0x200003c4   Data       10240  main.o(.bss)
    .bss                                     0x20002bc4   Section       21  shell.o(.bss)
    shellList                                0x20002bc4   Data          12  shell.o(.bss)
    buffer                                   0x20002bd0   Data           9  shell.o(.bss)
    .bss                                     0x20002bdc   Section     1272  elog.o(.bss)
    elog                                     0x20002bdc   Data         248  elog.o(.bss)
    log_buf                                  0x20002cd4   Data        1024  elog.o(.bss)
    HEAP                                     0x200030d8   Section      512  startup_stm32f10x_md.o(HEAP)
    STACK                                    0x200032d8   Section     1024  startup_stm32f10x_md.o(STACK)

    Global Symbols

    Symbol Name                              Value     Ov Type        Size  Object(Section)

    BuildAttributes$$THM_ISAv4$P$D$K$B$S$PE$A:L22UL41UL21$X:L11$S22US41US21$IEEE1$IW$USESV6$~STKCKD$USESV7$~SHL$OTIME$ROPI$EBA8$MICROLIB$REQ8$PRES8$EABIv2 0x00000000   Number         0  anon$$obj.o ABSOLUTE
    __ARM_use_no_argv                        0x00000000   Number         0  main.o ABSOLUTE
    _printf_a                                0x00000000   Number         0  stubs.o ABSOLUTE
    _printf_c                                0x00000000   Number         0  stubs.o ABSOLUTE
    _printf_charcount                        0x00000000   Number         0  stubs.o ABSOLUTE
    _printf_d                                0x00000000   Number         0  stubs.o ABSOLUTE
    _printf_e                                0x00000000   Number         0  stubs.o ABSOLUTE
    _printf_f                                0x00000000   Number         0  stubs.o ABSOLUTE
    _printf_flags                            0x00000000   Number         0  stubs.o ABSOLUTE
    _printf_fp_dec                           0x00000000   Number         0  stubs.o ABSOLUTE
    _printf_fp_hex                           0x00000000   Number         0  stubs.o ABSOLUTE
    _printf_g                                0x00000000   Number         0  stubs.o ABSOLUTE
    _printf_i                                0x00000000   Number         0  stubs.o ABSOLUTE
    _printf_int_dec                          0x00000000   Number         0  stubs.o ABSOLUTE
    _printf_l                                0x00000000   Number         0  stubs.o ABSOLUTE
    _printf_lc                               0x00000000   Number         0  stubs.o ABSOLUTE
    _printf_ll                               0x00000000   Number         0  stubs.o ABSOLUTE
    _printf_lld                              0x00000000   Number         0  stubs.o ABSOLUTE
    _printf_lli                              0x00000000   Number         0  stubs.o ABSOLUTE
    _printf_llo                              0x00000000   Number         0  stubs.o ABSOLUTE
    _printf_llu                              0x00000000   Number         0  stubs.o ABSOLUTE
    _printf_llx                              0x00000000   Number         0  stubs.o ABSOLUTE
    _printf_longlong_dec                     0x00000000   Number         0  stubs.o ABSOLUTE
    _printf_longlong_hex                     0x00000000   Number         0  stubs.o ABSOLUTE
    _printf_longlong_oct                     0x00000000   Number         0  stubs.o ABSOLUTE
    _printf_ls                               0x00000000   Number         0  stubs.o ABSOLUTE
    _printf_mbtowc                           0x00000000   Number         0  stubs.o ABSOLUTE
    _printf_n                                0x00000000   Number         0  stubs.o ABSOLUTE
    _printf_o                                0x00000000   Number         0  stubs.o ABSOLUTE
    _printf_p                                0x00000000   Number         0  stubs.o ABSOLUTE
    _printf_percent                          0x00000000   Number         0  stubs.o ABSOLUTE
    _printf_pre_padding                      0x00000000   Number         0  stubs.o ABSOLUTE
    _printf_return_value                     0x00000000   Number         0  stubs.o ABSOLUTE
    _printf_s                                0x00000000   Number         0  stubs.o ABSOLUTE
    _printf_sizespec                         0x00000000   Number         0  stubs.o ABSOLUTE
    _printf_str                              0x00000000   Number         0  stubs.o ABSOLUTE
    _printf_truncate_signed                  0x00000000   Number         0  stubs.o ABSOLUTE
    _printf_truncate_unsigned                0x00000000   Number         0  stubs.o ABSOLUTE
    _printf_u                                0x00000000   Number         0  stubs.o ABSOLUTE
    _printf_wc                               0x00000000   Number         0  stubs.o ABSOLUTE
    _printf_wctomb                           0x00000000   Number         0  stubs.o ABSOLUTE
    _printf_widthprec                        0x00000000   Number         0  stubs.o ABSOLUTE
    _printf_x                                0x00000000   Number         0  stubs.o ABSOLUTE
    __arm_fini_                               - Undefined Weak Reference
    __cpp_initialize__aeabi_                  - Undefined Weak Reference
    __cxa_finalize                            - Undefined Weak Reference
    __decompress                              - Undefined Weak Reference
    _clock_init                               - Undefined Weak Reference
    _microlib_exit                            - Undefined Weak Reference
    __Vectors_Size                           0x000000ec   Number         0  startup_stm32f10x_md.o ABSOLUTE
    __Vectors                                0x08000000   Data           4  startup_stm32f10x_md.o(RESET)
    __Vectors_End                            0x080000ec   Data           0  startup_stm32f10x_md.o(RESET)
    __main                                   0x080000ed   Thumb Code     0  entry.o(.ARM.Collect$$$$00000000)
    _main_stk                                0x080000ed   Thumb Code     0  entry2.o(.ARM.Collect$$$$00000001)
    _main_scatterload                        0x080000f1   Thumb Code     0  entry5.o(.ARM.Collect$$$$00000004)
    __main_after_scatterload                 0x080000f5   Thumb Code     0  entry5.o(.ARM.Collect$$$$00000004)
    _main_clock                              0x080000f5   Thumb Code     0  entry7b.o(.ARM.Collect$$$$00000008)
    _main_cpp_init                           0x080000f5   Thumb Code     0  entry8b.o(.ARM.Collect$$$$0000000A)
    _main_init                               0x080000f5   Thumb Code     0  entry9a.o(.ARM.Collect$$$$0000000B)
    __rt_lib_shutdown_fini                   0x080000fd   Thumb Code     0  entry12b.o(.ARM.Collect$$$$0000000E)
    __rt_final_cpp                           0x08000101   Thumb Code     0  entry10a.o(.ARM.Collect$$$$0000000F)
    __rt_final_exit                          0x08000101   Thumb Code     0  entry11a.o(.ARM.Collect$$$$00000011)
    Reset_Handler                            0x08000105   Thumb Code     8  startup_stm32f10x_md.o(.text)
    ADC1_2_IRQHandler                        0x0800011f   Thumb Code     0  startup_stm32f10x_md.o(.text)
    CAN1_RX1_IRQHandler                      0x0800011f   Thumb Code     0  startup_stm32f10x_md.o(.text)
    CAN1_SCE_IRQHandler                      0x0800011f   Thumb Code     0  startup_stm32f10x_md.o(.text)
    DMA1_Channel1_IRQHandler                 0x0800011f   Thumb Code     0  startup_stm32f10x_md.o(.text)
    DMA1_Channel2_IRQHandler                 0x0800011f   Thumb Code     0  startup_stm32f10x_md.o(.text)
    DMA1_Channel3_IRQHandler                 0x0800011f   Thumb Code     0  startup_stm32f10x_md.o(.text)
    DMA1_Channel4_IRQHandler                 0x0800011f   Thumb Code     0  startup_stm32f10x_md.o(.text)
    DMA1_Channel5_IRQHandler                 0x0800011f   Thumb Code     0  startup_stm32f10x_md.o(.text)
    DMA1_Channel6_IRQHandler                 0x0800011f   Thumb Code     0  startup_stm32f10x_md.o(.text)
    DMA1_Channel7_IRQHandler                 0x0800011f   Thumb Code     0  startup_stm32f10x_md.o(.text)
    EXTI0_IRQHandler                         0x0800011f   Thumb Code     0  startup_stm32f10x_md.o(.text)
    EXTI15_10_IRQHandler                     0x0800011f   Thumb Code     0  startup_stm32f10x_md.o(.text)
    EXTI1_IRQHandler                         0x0800011f   Thumb Code     0  startup_stm32f10x_md.o(.text)
    EXTI2_IRQHandler                         0x0800011f   Thumb Code     0  startup_stm32f10x_md.o(.text)
    EXTI3_IRQHandler                         0x0800011f   Thumb Code     0  startup_stm32f10x_md.o(.text)
    EXTI4_IRQHandler                         0x0800011f   Thumb Code     0  startup_stm32f10x_md.o(.text)
    EXTI9_5_IRQHandler                       0x0800011f   Thumb Code     0  startup_stm32f10x_md.o(.text)
    FLASH_IRQHandler                         0x0800011f   Thumb Code     0  startup_stm32f10x_md.o(.text)
    I2C1_ER_IRQHandler                       0x0800011f   Thumb Code     0  startup_stm32f10x_md.o(.text)
    I2C1_EV_IRQHandler                       0x0800011f   Thumb Code     0  startup_stm32f10x_md.o(.text)
    I2C2_ER_IRQHandler                       0x0800011f   Thumb Code     0  startup_stm32f10x_md.o(.text)
    I2C2_EV_IRQHandler                       0x0800011f   Thumb Code     0  startup_stm32f10x_md.o(.text)
    PVD_IRQHandler                           0x0800011f   Thumb Code     0  startup_stm32f10x_md.o(.text)
    RCC_IRQHandler                           0x0800011f   Thumb Code     0  startup_stm32f10x_md.o(.text)
    RTCAlarm_IRQHandler                      0x0800011f   Thumb Code     0  startup_stm32f10x_md.o(.text)
    RTC_IRQHandler                           0x0800011f   Thumb Code     0  startup_stm32f10x_md.o(.text)
    SPI1_IRQHandler                          0x0800011f   Thumb Code     0  startup_stm32f10x_md.o(.text)
    SPI2_IRQHandler                          0x0800011f   Thumb Code     0  startup_stm32f10x_md.o(.text)
    TAMPER_IRQHandler                        0x0800011f   Thumb Code     0  startup_stm32f10x_md.o(.text)
    TIM1_BRK_IRQHandler                      0x0800011f   Thumb Code     0  startup_stm32f10x_md.o(.text)
    TIM1_CC_IRQHandler                       0x0800011f   Thumb Code     0  startup_stm32f10x_md.o(.text)
    TIM1_TRG_COM_IRQHandler                  0x0800011f   Thumb Code     0  startup_stm32f10x_md.o(.text)
    TIM1_UP_IRQHandler                       0x0800011f   Thumb Code     0  startup_stm32f10x_md.o(.text)
    TIM2_IRQHandler                          0x0800011f   Thumb Code     0  startup_stm32f10x_md.o(.text)
    TIM3_IRQHandler                          0x0800011f   Thumb Code     0  startup_stm32f10x_md.o(.text)
    TIM4_IRQHandler                          0x0800011f   Thumb Code     0  startup_stm32f10x_md.o(.text)
    USART2_IRQHandler                        0x0800011f   Thumb Code     0  startup_stm32f10x_md.o(.text)
    USART3_IRQHandler                        0x0800011f   Thumb Code     0  startup_stm32f10x_md.o(.text)
    USBWakeUp_IRQHandler                     0x0800011f   Thumb Code     0  startup_stm32f10x_md.o(.text)
    USB_HP_CAN1_TX_IRQHandler                0x0800011f   Thumb Code     0  startup_stm32f10x_md.o(.text)
    USB_LP_CAN1_RX0_IRQHandler               0x0800011f   Thumb Code     0  startup_stm32f10x_md.o(.text)
    WWDG_IRQHandler                          0x0800011f   Thumb Code     0  startup_stm32f10x_md.o(.text)
    __aeabi_memset                           0x08000129   Thumb Code    14  memseta.o(.text)
    __aeabi_memset4                          0x08000129   Thumb Code     0  memseta.o(.text)
    __aeabi_memset8                          0x08000129   Thumb Code     0  memseta.o(.text)
    __aeabi_memclr                           0x08000137   Thumb Code     4  memseta.o(.text)
    __aeabi_memclr4                          0x08000137   Thumb Code     0  memseta.o(.text)
    __aeabi_memclr8                          0x08000137   Thumb Code     0  memseta.o(.text)
    _memset$wrapper                          0x0800013b   Thumb Code    18  memseta.o(.text)
    strstr                                   0x0800014d   Thumb Code    36  strstr.o(.text)
    strlen                                   0x08000171   Thumb Code    14  strlen.o(.text)
    strcmp                                   0x0800017f   Thumb Code    28  strcmp.o(.text)
    strncmp                                  0x0800019b   Thumb Code    30  strncmp.o(.text)
    atoi                                     0x080001b9   Thumb Code    26  atoi.o(.text)
    __aeabi_fmul                             0x080001d3   Thumb Code   100  fmul.o(.text)
    __aeabi_fdiv                             0x08000237   Thumb Code   124  fdiv.o(.text)
    __aeabi_i2f                              0x080002b3   Thumb Code    18  fflti.o(.text)
    __aeabi_ui2f                             0x080002c5   Thumb Code    10  ffltui.o(.text)
    __aeabi_uidiv                            0x080002cf   Thumb Code     0  uidiv.o(.text)
    __aeabi_uidivmod                         0x080002cf   Thumb Code    44  uidiv.o(.text)
    __aeabi_uldivmod                         0x080002fb   Thumb Code    98  uldiv.o(.text)
    strtol                                   0x0800035d   Thumb Code   112  strtol.o(.text)
    __I$use$fp                               0x080003cd   Thumb Code     0  iusefp.o(.text)
    _float_round                             0x080003cd   Thumb Code    18  fepilogue.o(.text)
    _float_epilogue                          0x080003df   Thumb Code    92  fepilogue.o(.text)
    __aeabi_dadd                             0x0800043b   Thumb Code   322  dadd.o(.text)
    __aeabi_dsub                             0x0800057d   Thumb Code     6  dadd.o(.text)
    __aeabi_drsub                            0x08000583   Thumb Code     6  dadd.o(.text)
    __aeabi_dmul                             0x08000589   Thumb Code   228  dmul.o(.text)
    __aeabi_ddiv                             0x0800066d   Thumb Code   222  ddiv.o(.text)
    __aeabi_d2ulz                            0x0800074b   Thumb Code    48  dfixul.o(.text)
    __aeabi_cdrcmple                         0x0800077d   Thumb Code    48  cdrcmple.o(.text)
    __scatterload                            0x080007ad   Thumb Code    28  init.o(.text)
    __scatterload_rt2                        0x080007ad   Thumb Code     0  init.o(.text)
    __aeabi_llsl                             0x080007d1   Thumb Code    30  llshl.o(.text)
    __semihosting_library_function           0x080007d1   Thumb Code     0  semi.o(.text)
    _ll_shift_l                              0x080007d1   Thumb Code     0  llshl.o(.text)
    __aeabi_llsr                             0x080007ef   Thumb Code    32  llushr.o(.text)
    _ll_ushift_r                             0x080007ef   Thumb Code     0  llushr.o(.text)
    __aeabi_lasr                             0x0800080f   Thumb Code    36  llsshr.o(.text)
    _ll_sshift_r                             0x0800080f   Thumb Code     0  llsshr.o(.text)
    __rt_ctype_table                         0x08000835   Thumb Code     4  ctype_o.o(.text)
    _strtoul                                 0x0800083d   Thumb Code   158  _strtoul.o(.text)
    __I$use$semihosting$fputc                0x080008db   Thumb Code     0  iusesemip.o(.text)
    _double_round                            0x080008db   Thumb Code    30  depilogue.o(.text)
    _double_epilogue                         0x080008f9   Thumb Code   156  depilogue.o(.text)
    _chval                                   0x08000995   Thumb Code    28  _chval.o(.text)
    BusFault_Handler                         0x080009b1   Thumb Code     4  stm32f10x_it.o(i.BusFault_Handler)
    DebugMon_Handler                         0x080009b5   Thumb Code     2  stm32f10x_it.o(i.DebugMon_Handler)
    GPIO_Init                                0x080009b7   Thumb Code   278  stm32f10x_gpio.o(i.GPIO_Init)
    HardFault_Handler                        0x08000acd   Thumb Code     4  stm32f10x_it.o(i.HardFault_Handler)
    MemManage_Handler                        0x08000ad1   Thumb Code     4  stm32f10x_it.o(i.MemManage_Handler)
    NMI_Handler                              0x08000ad5   Thumb Code     2  stm32f10x_it.o(i.NMI_Handler)
    NVIC_Init                                0x08000ad9   Thumb Code   100  misc.o(i.NVIC_Init)
    PendSV_Handler                           0x08000b49   Thumb Code     2  stm32f10x_it.o(i.PendSV_Handler)
    RCC_APB2PeriphClockCmd                   0x08000b4d   Thumb Code    26  stm32f10x_rcc.o(i.RCC_APB2PeriphClockCmd)
    RCC_GetClocksFreq                        0x08000b6d   Thumb Code   192  stm32f10x_rcc.o(i.RCC_GetClocksFreq)
    SVC_Handler                              0x08000c41   Thumb Code     2  stm32f10x_it.o(i.SVC_Handler)
    SysTick_Handler                          0x08000d2d   Thumb Code     2  stm32f10x_it.o(i.SysTick_Handler)
    SystemInit                               0x08000d31   Thumb Code    78  system_stm32f10x.o(i.SystemInit)
    USART1_IRQHandler                        0x08000d91   Thumb Code    50  uart.o(i.USART1_IRQHandler)
    USART_ClearITPendingBit                  0x08000dcd   Thumb Code    30  stm32f10x_usart.o(i.USART_ClearITPendingBit)
    USART_Cmd                                0x08000deb   Thumb Code    24  stm32f10x_usart.o(i.USART_Cmd)
    USART_GetFlagStatus                      0x08000e03   Thumb Code    26  stm32f10x_usart.o(i.USART_GetFlagStatus)
    USART_GetITStatus                        0x08000e1d   Thumb Code    84  stm32f10x_usart.o(i.USART_GetITStatus)
    USART_ITConfig                           0x08000e71   Thumb Code    74  stm32f10x_usart.o(i.USART_ITConfig)
    USART_Init                               0x08000ebd   Thumb Code   210  stm32f10x_usart.o(i.USART_Init)
    USART_ReceiveData                        0x08000f95   Thumb Code    10  stm32f10x_usart.o(i.USART_ReceiveData)
    USART_SendData                           0x08000f9f   Thumb Code     8  stm32f10x_usart.o(i.USART_SendData)
    UsageFault_Handler                       0x08000fa7   Thumb Code     4  stm32f10x_it.o(i.UsageFault_Handler)
    __0printf                                0x08000fad   Thumb Code    22  printfa.o(i.__0printf)
    __1printf                                0x08000fad   Thumb Code     0  printfa.o(i.__0printf)
    __2printf                                0x08000fad   Thumb Code     0  printfa.o(i.__0printf)
    __c89printf                              0x08000fad   Thumb Code     0  printfa.o(i.__0printf)
    printf                                   0x08000fad   Thumb Code     0  printfa.o(i.__0printf)
    __0snprintf                              0x08000fcd   Thumb Code    48  printfa.o(i.__0snprintf)
    __1snprintf                              0x08000fcd   Thumb Code     0  printfa.o(i.__0snprintf)
    __2snprintf                              0x08000fcd   Thumb Code     0  printfa.o(i.__0snprintf)
    __c89snprintf                            0x08000fcd   Thumb Code     0  printfa.o(i.__0snprintf)
    snprintf                                 0x08000fcd   Thumb Code     0  printfa.o(i.__0snprintf)
    __0sprintf                               0x08001001   Thumb Code    34  printfa.o(i.__0sprintf)
    __1sprintf                               0x08001001   Thumb Code     0  printfa.o(i.__0sprintf)
    __2sprintf                               0x08001001   Thumb Code     0  printfa.o(i.__0sprintf)
    __c89sprintf                             0x08001001   Thumb Code     0  printfa.o(i.__0sprintf)
    sprintf                                  0x08001001   Thumb Code     0  printfa.o(i.__0sprintf)
    __0vsnprintf                             0x08001029   Thumb Code    46  printfa.o(i.__0vsnprintf)
    __1vsnprintf                             0x08001029   Thumb Code     0  printfa.o(i.__0vsnprintf)
    __2vsnprintf                             0x08001029   Thumb Code     0  printfa.o(i.__0vsnprintf)
    __c89vsnprintf                           0x08001029   Thumb Code     0  printfa.o(i.__0vsnprintf)
    vsnprintf                                0x08001029   Thumb Code     0  printfa.o(i.__0vsnprintf)
    __aeabi_errno_addr                       0x0800105d   Thumb Code     4  errno.o(i.__aeabi_errno_addr)
    __rt_errno_addr                          0x0800105d   Thumb Code     0  errno.o(i.__aeabi_errno_addr)
    __scatterload_copy                       0x08001065   Thumb Code    14  handlers.o(i.__scatterload_copy)
    __scatterload_null                       0x08001073   Thumb Code     2  handlers.o(i.__scatterload_null)
    __scatterload_zeroinit                   0x08001075   Thumb Code    14  handlers.o(i.__scatterload_zeroinit)
    agencyshellRun                           0x0800197b   Thumb Code    32  shell_cmd_list.o(i.agencyshellRun)
    board_lowlevel_init                      0x08001c41   Thumb Code    52  board.o(i.board_lowlevel_init)
    cmd_mem                                  0x08001c7d   Thumb Code    60  mem.o(i.cmd_mem)
    elog_get_filter_tag_lvl                  0x08001d11   Thumb Code   164  elog.o(i.elog_get_filter_tag_lvl)
    elog_init                                0x08001e25   Thumb Code    74  elog.o(i.elog_init)
    elog_output                              0x08001e75   Thumb Code   820  elog.o(i.elog_output)
    elog_output_lock                         0x08002259   Thumb Code    34  elog.o(i.elog_output_lock)
    elog_output_lock_enabled                 0x08002281   Thumb Code    60  elog.o(i.elog_output_lock_enabled)
    elog_output_unlock                       0x080022c1   Thumb Code    34  elog.o(i.elog_output_unlock)
    elog_port_get_p_info                     0x080022e9   Thumb Code     2  elog_port.o(i.elog_port_get_p_info)
    elog_port_get_t_info                     0x080022eb   Thumb Code     2  elog_port.o(i.elog_port_get_t_info)
    elog_port_get_time                       0x080022ed   Thumb Code     2  elog_port.o(i.elog_port_get_time)
    elog_port_init                           0x080022ef   Thumb Code     4  elog_port.o(i.elog_port_init)
    elog_port_output                         0x080022f5   Thumb Code    50  elog_port.o(i.elog_port_output)
    elog_port_output_lock                    0x08002341   Thumb Code     2  elog_port.o(i.elog_port_output_lock)
    elog_port_output_unlock                  0x08002343   Thumb Code     2  elog_port.o(i.elog_port_output_unlock)
    elog_set_filter_lvl                      0x08002345   Thumb Code    76  elog.o(i.elog_set_filter_lvl)
    elog_set_fmt                             0x08002445   Thumb Code    80  elog.o(i.elog_set_fmt)
    elog_set_output_enabled                  0x0800250d   Thumb Code    78  elog.o(i.elog_set_output_enabled)
    elog_set_text_color_enabled              0x080025e1   Thumb Code     8  elog.o(i.elog_set_text_color_enabled)
    elog_start                               0x080025ed   Thumb Code    34  elog.o(i.elog_start)
    elog_strcpy                              0x08002671   Thumb Code   164  elog_utils.o(i.elog_strcpy)
    fputc                                    0x0800277d   Thumb Code    18  fputc.o(i.fputc)
    free                                     0x08002791   Thumb Code    76  malloc.o(i.free)
    main                                     0x080028f9   Thumb Code   282  main.o(i.main)
    malloc                                   0x08002ad9   Thumb Code    92  malloc.o(i.malloc)
    rb8_empty                                0x08002bcd   Thumb Code    18  ringbuffer8.o(i.rb8_empty)
    rb8_full                                 0x08002bdf   Thumb Code    24  ringbuffer8.o(i.rb8_full)
    rb8_get                                  0x08002bf7   Thumb Code    52  ringbuffer8.o(i.rb8_get)
    rb8_new                                  0x08002c2b   Thumb Code    12  ringbuffer8.o(i.rb8_new)
    rb8_put                                  0x08002c37   Thumb Code    42  ringbuffer8.o(i.rb8_put)
    shellBackspace                           0x08002d51   Thumb Code    14  shell.o(i.shellBackspace)
    shellCheckPermission                     0x08002da5   Thumb Code    54  shell.o(i.shellCheckPermission)
    shellClear                               0x08002ddd   Thumb Code    22  shell.o(i.shellClear)
    shellClearCommandLine                    0x08002df9   Thumb Code    40  shell.o(i.shellClearCommandLine)
    shellCmds                                0x08002e21   Thumb Code    18  shell.o(i.shellCmds)
    shellDelete                              0x08002e33   Thumb Code    16  shell.o(i.shellDelete)
    shellDeleteByte                          0x08002e43   Thumb Code   218  shell.o(i.shellDeleteByte)
    shellDeleteCommandLine                   0x08002f1d   Thumb Code    28  shell.o(i.shellDeleteCommandLine)
    shellDown                                0x08002f3d   Thumb Code    16  shell.o(i.shellDown)
    shellEnter                               0x08002f4d   Thumb Code    20  shell.o(i.shellEnter)
    shellExec                                0x08002f61   Thumb Code   110  shell.o(i.shellExec)
    shellExtParsePara                        0x0800315f   Thumb Code    86  shell_ext.o(i.shellExtParsePara)
    shellExtRun                              0x08003223   Thumb Code   894  shell_ext.o(i.shellExtRun)
    shellGetCurrent                          0x08003659   Thumb Code    48  shell.o(i.shellGetCurrent)
    shellGetVarValue                         0x0800368d   Thumb Code    84  shell.o(i.shellGetVarValue)
    shellHandler                             0x080036e1   Thumb Code   236  shell.o(i.shellHandler)
    shellHelp                                0x080037d1   Thumb Code    44  shell.o(i.shellHelp)
    shellInit                                0x08003939   Thumb Code   140  shell.o(i.shellInit)
    shellInsertByte                          0x080039d1   Thumb Code   214  shell.o(i.shellInsertByte)
    shellKeys                                0x08003aad   Thumb Code    18  shell.o(i.shellKeys)
    shellLeft                                0x08003abf   Thumb Code    26  shell.o(i.shellLeft)
    shellListAll                             0x08003ad9   Thumb Code    12  shell.o(i.shellListAll)
    shellListCommand                         0x08003ae5   Thumb Code    70  shell.o(i.shellListCommand)
    shellListItem                            0x08003b31   Thumb Code   194  shell.o(i.shellListItem)
    shellListKey                             0x08003c01   Thumb Code    84  shell.o(i.shellListKey)
    shellListUser                            0x08003c59   Thumb Code    84  shell.o(i.shellListUser)
    shellListVar                             0x08003cb1   Thumb Code    84  shell.o(i.shellListVar)
    shellNormalInput                         0x08003d09   Thumb Code    28  shell.o(i.shellNormalInput)
    shellPrint                               0x08003dbb   Thumb Code    56  shell.o(i.shellPrint)
    shellRight                               0x08003e5d   Thumb Code    30  shell.o(i.shellRight)
    shellRun                                 0x08003e7d   Thumb Code    88  shell.o(i.shellRun)
    shellRunCommand                          0x08003ed9   Thumb Code   178  shell.o(i.shellRunCommand)
    shellSeekCommand                         0x08003f8b   Thumb Code   122  shell.o(i.shellSeekCommand)
    shellSetVar                              0x08004055   Thumb Code   106  shell.o(i.shellSetVar)
    shellSetVarValue                         0x080040c5   Thumb Code   140  shell.o(i.shellSetVarValue)
    shellTab                                 0x08004259   Thumb Code   266  shell.o(i.shellTab)
    shellToDec                               0x08004369   Thumb Code    86  shell.o(i.shellToDec)
    shellToHex                               0x080043bf   Thumb Code    56  shell.o(i.shellToHex)
    shellUp                                  0x080043f7   Thumb Code    14  shell.o(i.shellUp)
    shellUsers                               0x08004405   Thumb Code    18  shell.o(i.shellUsers)
    shellVars                                0x08004417   Thumb Code    18  shell.o(i.shellVars)
    shellWriteString                         0x080045fd   Thumb Code    52  shell.o(i.shellWriteString)
    tlsf_add_pool                            0x08004631   Thumb Code   154  tlsf.o(i.tlsf_add_pool)
    tlsf_create                              0x08004741   Thumb Code    40  tlsf.o(i.tlsf_create)
    tlsf_create_with_pool                    0x0800479d   Thumb Code    46  tlsf.o(i.tlsf_create_with_pool)
    tlsf_free                                0x080047f7   Thumb Code    60  tlsf.o(i.tlsf_free)
    tlsf_malloc                              0x08004833   Thumb Code    44  tlsf.o(i.tlsf_malloc)
    tlsf_pool_overhead                       0x0800485f   Thumb Code     4  tlsf.o(i.tlsf_pool_overhead)
    tlsf_size                                0x08004863   Thumb Code     6  tlsf.o(i.tlsf_size)
    uart_init                                0x08004869   Thumb Code    16  uart.o(i.uart_init)
    uart_recv_callback_register              0x08004935   Thumb Code     6  uart.o(i.uart_recv_callback_register)
    uart_send                                0x08004961   Thumb Code    28  uart.o(i.uart_send)
    shellCommandList                         0x08004988   Data         320  shell_cmd_list.o(.constdata)
    shellCommandCount                        0x08004ac8   Data           2  shell_cmd_list.o(.constdata)
    __ctype_table                            0x08004ba9   Data         129  ctype_o.o(.constdata)
    Region$$Table$$Base                      0x08005050   Number         0  anon$$obj.o(Region$$Table)
    Region$$Table$$Limit                     0x08005070   Number         0  anon$$obj.o(Region$$Table)
    tlsf                                     0x20000004   Data           4  main.o(.data)
    elog_assert_hook                         0x200000a4   Data           4  elog.o(.data)
    __stdout                                 0x200000a8   Data           4  stdout.o(.data)
    __microlib_freelist                      0x200000ac   Data           4  mvars.o(.data)
    __microlib_freelist_initialised          0x200000b0   Data           4  mvars.o(.data)
    __heap_base                              0x200030d8   Data           0  startup_stm32f10x_md.o(HEAP)
    __heap_limit                             0x200032d8   Data           0  startup_stm32f10x_md.o(HEAP)
    __initial_sp                             0x200036d8   Data           0  startup_stm32f10x_md.o(STACK)



==============================================================================

Memory Map of the image

  Image Entry point : 0x080000ed

  Load Region LR_IROM1 (Base: 0x08000000, Size: 0x00005128, Max: 0x00010000, ABSOLUTE)

    Execution Region ER_IROM1 (Exec base: 0x08000000, Load base: 0x08000000, Size: 0x00005070, Max: 0x00010000, ABSOLUTE)

    Exec Addr    Load Addr    Size         Type   Attr      Idx    E Section Name        Object

    0x08000000   0x08000000   0x000000ec   Data   RO          248    RESET               startup_stm32f10x_md.o
    0x080000ec   0x080000ec   0x00000000   Code   RO         4416  * .ARM.Collect$$$$00000000  mc_w.l(entry.o)
    0x080000ec   0x080000ec   0x00000004   Code   RO         4736    .ARM.Collect$$$$00000001  mc_w.l(entry2.o)
    0x080000f0   0x080000f0   0x00000004   Code   RO         4739    .ARM.Collect$$$$00000004  mc_w.l(entry5.o)
    0x080000f4   0x080000f4   0x00000000   Code   RO         4741    .ARM.Collect$$$$00000008  mc_w.l(entry7b.o)
    0x080000f4   0x080000f4   0x00000000   Code   RO         4743    .ARM.Collect$$$$0000000A  mc_w.l(entry8b.o)
    0x080000f4   0x080000f4   0x00000008   Code   RO         4744    .ARM.Collect$$$$0000000B  mc_w.l(entry9a.o)
    0x080000fc   0x080000fc   0x00000004   Code   RO         4751    .ARM.Collect$$$$0000000E  mc_w.l(entry12b.o)
    0x08000100   0x08000100   0x00000000   Code   RO         4746    .ARM.Collect$$$$0000000F  mc_w.l(entry10a.o)
    0x08000100   0x08000100   0x00000000   Code   RO         4748    .ARM.Collect$$$$00000011  mc_w.l(entry11a.o)
    0x08000100   0x08000100   0x00000004   Code   RO         4737    .ARM.Collect$$$$00002712  mc_w.l(entry2.o)
    0x08000104   0x08000104   0x00000024   Code   RO          249    .text               startup_stm32f10x_md.o
    0x08000128   0x08000128   0x00000024   Code   RO         4421    .text               mc_w.l(memseta.o)
    0x0800014c   0x0800014c   0x00000024   Code   RO         4423    .text               mc_w.l(strstr.o)
    0x08000170   0x08000170   0x0000000e   Code   RO         4427    .text               mc_w.l(strlen.o)
    0x0800017e   0x0800017e   0x0000001c   Code   RO         4429    .text               mc_w.l(strcmp.o)
    0x0800019a   0x0800019a   0x0000001e   Code   RO         4433    .text               mc_w.l(strncmp.o)
    0x080001b8   0x080001b8   0x0000001a   Code   RO         4726    .text               mc_w.l(atoi.o)
    0x080001d2   0x080001d2   0x00000064   Code   RO         4728    .text               mf_w.l(fmul.o)
    0x08000236   0x08000236   0x0000007c   Code   RO         4730    .text               mf_w.l(fdiv.o)
    0x080002b2   0x080002b2   0x00000012   Code   RO         4732    .text               mf_w.l(fflti.o)
    0x080002c4   0x080002c4   0x0000000a   Code   RO         4734    .text               mf_w.l(ffltui.o)
    0x080002ce   0x080002ce   0x0000002c   Code   RO         4755    .text               mc_w.l(uidiv.o)
    0x080002fa   0x080002fa   0x00000062   Code   RO         4757    .text               mc_w.l(uldiv.o)
    0x0800035c   0x0800035c   0x00000070   Code   RO         4768    .text               mc_w.l(strtol.o)
    0x080003cc   0x080003cc   0x00000000   Code   RO         4770    .text               mc_w.l(iusefp.o)
    0x080003cc   0x080003cc   0x0000006e   Code   RO         4771    .text               mf_w.l(fepilogue.o)
    0x0800043a   0x0800043a   0x0000014e   Code   RO         4773    .text               mf_w.l(dadd.o)
    0x08000588   0x08000588   0x000000e4   Code   RO         4775    .text               mf_w.l(dmul.o)
    0x0800066c   0x0800066c   0x000000de   Code   RO         4777    .text               mf_w.l(ddiv.o)
    0x0800074a   0x0800074a   0x00000030   Code   RO         4779    .text               mf_w.l(dfixul.o)
    0x0800077a   0x0800077a   0x00000002   PAD
    0x0800077c   0x0800077c   0x00000030   Code   RO         4781    .text               mf_w.l(cdrcmple.o)
    0x080007ac   0x080007ac   0x00000024   Code   RO         4783    .text               mc_w.l(init.o)
    0x080007d0   0x080007d0   0x00000000   Code   RO         4785    .text               mc_w.l(semi.o)
    0x080007d0   0x080007d0   0x0000001e   Code   RO         4786    .text               mc_w.l(llshl.o)
    0x080007ee   0x080007ee   0x00000020   Code   RO         4788    .text               mc_w.l(llushr.o)
    0x0800080e   0x0800080e   0x00000024   Code   RO         4790    .text               mc_w.l(llsshr.o)
    0x08000832   0x08000832   0x00000002   PAD
    0x08000834   0x08000834   0x00000008   Code   RO         4792    .text               mc_w.l(ctype_o.o)
    0x0800083c   0x0800083c   0x0000009e   Code   RO         4820    .text               mc_w.l(_strtoul.o)
    0x080008da   0x080008da   0x00000000   Code   RO         4822    .text               mc_w.l(iusesemip.o)
    0x080008da   0x080008da   0x000000ba   Code   RO         4823    .text               mf_w.l(depilogue.o)
    0x08000994   0x08000994   0x0000001c   Code   RO         4825    .text               mc_w.l(_chval.o)
    0x080009b0   0x080009b0   0x00000004   Code   RO          253    i.BusFault_Handler  stm32f10x_it.o
    0x080009b4   0x080009b4   0x00000002   Code   RO          254    i.DebugMon_Handler  stm32f10x_it.o
    0x080009b6   0x080009b6   0x00000116   Code   RO         1501    i.GPIO_Init         stm32f10x_gpio.o
    0x08000acc   0x08000acc   0x00000004   Code   RO          255    i.HardFault_Handler  stm32f10x_it.o
    0x08000ad0   0x08000ad0   0x00000004   Code   RO          256    i.MemManage_Handler  stm32f10x_it.o
    0x08000ad4   0x08000ad4   0x00000002   Code   RO          257    i.NMI_Handler       stm32f10x_it.o
    0x08000ad6   0x08000ad6   0x00000002   PAD
    0x08000ad8   0x08000ad8   0x00000070   Code   RO          350    i.NVIC_Init         misc.o
    0x08000b48   0x08000b48   0x00000002   Code   RO          258    i.PendSV_Handler    stm32f10x_it.o
    0x08000b4a   0x08000b4a   0x00000002   PAD
    0x08000b4c   0x08000b4c   0x00000020   Code   RO         1919    i.RCC_APB2PeriphClockCmd  stm32f10x_rcc.o
    0x08000b6c   0x08000b6c   0x000000d4   Code   RO         1927    i.RCC_GetClocksFreq  stm32f10x_rcc.o
    0x08000c40   0x08000c40   0x00000002   Code   RO          259    i.SVC_Handler       stm32f10x_it.o
    0x08000c42   0x08000c42   0x00000008   Code   RO          316    i.SetSysClock       system_stm32f10x.o
    0x08000c4a   0x08000c4a   0x00000002   PAD
    0x08000c4c   0x08000c4c   0x000000e0   Code   RO          317    i.SetSysClockTo72   system_stm32f10x.o
    0x08000d2c   0x08000d2c   0x00000002   Code   RO          260    i.SysTick_Handler   stm32f10x_it.o
    0x08000d2e   0x08000d2e   0x00000002   PAD
    0x08000d30   0x08000d30   0x00000060   Code   RO          319    i.SystemInit        system_stm32f10x.o
    0x08000d90   0x08000d90   0x0000003c   Code   RO          184    i.USART1_IRQHandler  uart.o
    0x08000dcc   0x08000dcc   0x0000001e   Code   RO         3084    i.USART_ClearITPendingBit  stm32f10x_usart.o
    0x08000dea   0x08000dea   0x00000018   Code   RO         3087    i.USART_Cmd         stm32f10x_usart.o
    0x08000e02   0x08000e02   0x0000001a   Code   RO         3090    i.USART_GetFlagStatus  stm32f10x_usart.o
    0x08000e1c   0x08000e1c   0x00000054   Code   RO         3091    i.USART_GetITStatus  stm32f10x_usart.o
    0x08000e70   0x08000e70   0x0000004a   Code   RO         3093    i.USART_ITConfig    stm32f10x_usart.o
    0x08000eba   0x08000eba   0x00000002   PAD
    0x08000ebc   0x08000ebc   0x000000d8   Code   RO         3094    i.USART_Init        stm32f10x_usart.o
    0x08000f94   0x08000f94   0x0000000a   Code   RO         3101    i.USART_ReceiveData  stm32f10x_usart.o
    0x08000f9e   0x08000f9e   0x00000008   Code   RO         3104    i.USART_SendData    stm32f10x_usart.o
    0x08000fa6   0x08000fa6   0x00000004   Code   RO          261    i.UsageFault_Handler  stm32f10x_it.o
    0x08000faa   0x08000faa   0x00000002   PAD
    0x08000fac   0x08000fac   0x00000020   Code   RO         4670    i.__0printf         mc_w.l(printfa.o)
    0x08000fcc   0x08000fcc   0x00000034   Code   RO         4671    i.__0snprintf       mc_w.l(printfa.o)
    0x08001000   0x08001000   0x00000028   Code   RO         4672    i.__0sprintf        mc_w.l(printfa.o)
    0x08001028   0x08001028   0x00000034   Code   RO         4675    i.__0vsnprintf      mc_w.l(printfa.o)
    0x0800105c   0x0800105c   0x00000008   Code   RO         4761    i.__aeabi_errno_addr  mc_w.l(errno.o)
    0x08001064   0x08001064   0x0000000e   Code   RO         4829    i.__scatterload_copy  mc_w.l(handlers.o)
    0x08001072   0x08001072   0x00000002   Code   RO         4830    i.__scatterload_null  mc_w.l(handlers.o)
    0x08001074   0x08001074   0x0000000e   Code   RO         4831    i.__scatterload_zeroinit  mc_w.l(handlers.o)
    0x08001082   0x08001082   0x00000002   PAD
    0x08001084   0x08001084   0x00000184   Code   RO         4677    i._fp_digits        mc_w.l(printfa.o)
    0x08001208   0x08001208   0x000006b4   Code   RO         4678    i._printf_core      mc_w.l(printfa.o)
    0x080018bc   0x080018bc   0x00000024   Code   RO         4679    i._printf_post_padding  mc_w.l(printfa.o)
    0x080018e0   0x080018e0   0x0000002e   Code   RO         4680    i._printf_pre_padding  mc_w.l(printfa.o)
    0x0800190e   0x0800190e   0x0000001c   Code   RO            1    i._shell_write      main.o
    0x0800192a   0x0800192a   0x00000016   Code   RO         4681    i._snputc           mc_w.l(printfa.o)
    0x08001940   0x08001940   0x0000000a   Code   RO         4682    i._sputc            mc_w.l(printfa.o)
    0x0800194a   0x0800194a   0x00000030   Code   RO         3798    i.adjust_request_size  tlsf.o
    0x0800197a   0x0800197a   0x00000020   Code   RO         3675    i.agencyshellRun    shell_cmd_list.o
    0x0800199a   0x0800199a   0x0000000a   Code   RO         3799    i.align_down        tlsf.o
    0x080019a4   0x080019a4   0x0000000c   Code   RO         3801    i.align_up          tlsf.o
    0x080019b0   0x080019b0   0x0000001e   Code   RO         3802    i.block_absorb      tlsf.o
    0x080019ce   0x080019ce   0x0000001c   Code   RO         3803    i.block_can_split   tlsf.o
    0x080019ea   0x080019ea   0x00000008   Code   RO         3804    i.block_from_ptr    tlsf.o
    0x080019f2   0x080019f2   0x00000024   Code   RO         3805    i.block_insert      tlsf.o
    0x08001a16   0x08001a16   0x0000000a   Code   RO         3806    i.block_is_free     tlsf.o
    0x08001a20   0x08001a20   0x0000000a   Code   RO         3808    i.block_is_prev_free  tlsf.o
    0x08001a2a   0x08001a2a   0x00000012   Code   RO         3809    i.block_link_next   tlsf.o
    0x08001a3c   0x08001a3c   0x0000003e   Code   RO         3810    i.block_locate_free  tlsf.o
    0x08001a7a   0x08001a7a   0x0000001a   Code   RO         3811    i.block_mark_as_free  tlsf.o
    0x08001a94   0x08001a94   0x0000001a   Code   RO         3812    i.block_mark_as_used  tlsf.o
    0x08001aae   0x08001aae   0x0000002c   Code   RO         3813    i.block_merge_next  tlsf.o
    0x08001ada   0x08001ada   0x0000002e   Code   RO         3814    i.block_merge_prev  tlsf.o
    0x08001b08   0x08001b08   0x00000024   Code   RO         3815    i.block_next        tlsf.o
    0x08001b2c   0x08001b2c   0x0000002c   Code   RO         3816    i.block_prepare_used  tlsf.o
    0x08001b58   0x08001b58   0x00000006   Code   RO         3817    i.block_prev        tlsf.o
    0x08001b5e   0x08001b5e   0x00000024   Code   RO         3818    i.block_remove      tlsf.o
    0x08001b82   0x08001b82   0x0000000a   Code   RO         3819    i.block_set_free    tlsf.o
    0x08001b8c   0x08001b8c   0x0000000a   Code   RO         3820    i.block_set_prev_free  tlsf.o
    0x08001b96   0x08001b96   0x0000000a   Code   RO         3821    i.block_set_prev_used  tlsf.o
    0x08001ba0   0x08001ba0   0x0000000c   Code   RO         3822    i.block_set_size    tlsf.o
    0x08001bac   0x08001bac   0x0000000a   Code   RO         3823    i.block_set_used    tlsf.o
    0x08001bb6   0x08001bb6   0x0000000a   Code   RO         3824    i.block_size        tlsf.o
    0x08001bc0   0x08001bc0   0x0000003e   Code   RO         3825    i.block_split       tlsf.o
    0x08001bfe   0x08001bfe   0x00000008   Code   RO         3826    i.block_to_ptr      tlsf.o
    0x08001c06   0x08001c06   0x00000038   Code   RO         3827    i.block_trim_free   tlsf.o
    0x08001c3e   0x08001c3e   0x00000002   PAD
    0x08001c40   0x08001c40   0x0000003c   Code   RO           64    i.board_lowlevel_init  board.o
    0x08001c7c   0x08001c7c   0x0000005c   Code   RO          159    i.cmd_mem           mem.o
    0x08001cd8   0x08001cd8   0x00000036   Code   RO         3830    i.control_construct  tlsf.o
    0x08001d0e   0x08001d0e   0x00000002   PAD
    0x08001d10   0x08001d10   0x00000114   Code   RO         4229    i.elog_get_filter_tag_lvl  elog.o
    0x08001e24   0x08001e24   0x00000050   Code   RO         4233    i.elog_init         elog.o
    0x08001e74   0x08001e74   0x000003e4   Code   RO         4234    i.elog_output       elog.o
    0x08002258   0x08002258   0x00000028   Code   RO         4235    i.elog_output_lock  elog.o
    0x08002280   0x08002280   0x00000040   Code   RO         4236    i.elog_output_lock_enabled  elog.o
    0x080022c0   0x080022c0   0x00000028   Code   RO         4237    i.elog_output_unlock  elog.o
    0x080022e8   0x080022e8   0x00000002   Code   RO         4161    i.elog_port_get_p_info  elog_port.o
    0x080022ea   0x080022ea   0x00000002   Code   RO         4162    i.elog_port_get_t_info  elog_port.o
    0x080022ec   0x080022ec   0x00000002   Code   RO         4163    i.elog_port_get_time  elog_port.o
    0x080022ee   0x080022ee   0x00000004   Code   RO         4164    i.elog_port_init    elog_port.o
    0x080022f2   0x080022f2   0x00000002   PAD
    0x080022f4   0x080022f4   0x0000004c   Code   RO         4165    i.elog_port_output  elog_port.o
    0x08002340   0x08002340   0x00000002   Code   RO         4166    i.elog_port_output_lock  elog_port.o
    0x08002342   0x08002342   0x00000002   Code   RO         4167    i.elog_port_output_unlock  elog_port.o
    0x08002344   0x08002344   0x000000c4   Code   RO         4241    i.elog_set_filter_lvl  elog.o
    0x08002408   0x08002408   0x0000003c   Code   RO         4244    i.elog_set_filter_tag_lvl_default  elog.o
    0x08002444   0x08002444   0x000000c8   Code   RO         4245    i.elog_set_fmt      elog.o
    0x0800250c   0x0800250c   0x000000d4   Code   RO         4246    i.elog_set_output_enabled  elog.o
    0x080025e0   0x080025e0   0x0000000c   Code   RO         4247    i.elog_set_text_color_enabled  elog.o
    0x080025ec   0x080025ec   0x00000084   Code   RO         4248    i.elog_start        elog.o
    0x08002670   0x08002670   0x0000010c   Code   RO         4389    i.elog_strcpy       elog_utils.o
    0x0800277c   0x0800277c   0x00000012   Code   RO         4752    i.fputc             mc_w.l(fputc.o)
    0x0800278e   0x0800278e   0x00000002   PAD
    0x08002790   0x08002790   0x00000050   Code   RO         4698    i.free              mc_w.l(malloc.o)
    0x080027e0   0x080027e0   0x000000d4   Code   RO         4249    i.get_fmt_enabled   elog.o
    0x080028b4   0x080028b4   0x00000042   Code   RO         3832    i.insert_free_block  tlsf.o
    0x080028f6   0x080028f6   0x00000002   PAD
    0x080028f8   0x080028f8   0x000001e0   Code   RO            2    i.main              main.o
    0x08002ad8   0x08002ad8   0x0000006c   Code   RO         4699    i.malloc            mc_w.l(malloc.o)
    0x08002b44   0x08002b44   0x0000003a   Code   RO         3834    i.mapping_insert    tlsf.o
    0x08002b7e   0x08002b7e   0x00000030   Code   RO         3835    i.mapping_search    tlsf.o
    0x08002bae   0x08002bae   0x00000018   Code   RO         3739    i.next_head         ringbuffer8.o
    0x08002bc6   0x08002bc6   0x00000006   Code   RO         3836    i.offset_to_block   tlsf.o
    0x08002bcc   0x08002bcc   0x00000012   Code   RO         3740    i.rb8_empty         ringbuffer8.o
    0x08002bde   0x08002bde   0x00000018   Code   RO         3741    i.rb8_full          ringbuffer8.o
    0x08002bf6   0x08002bf6   0x00000034   Code   RO         3742    i.rb8_get           ringbuffer8.o
    0x08002c2a   0x08002c2a   0x0000000c   Code   RO         3744    i.rb8_new           ringbuffer8.o
    0x08002c36   0x08002c36   0x0000002a   Code   RO         3745    i.rb8_put           ringbuffer8.o
    0x08002c60   0x08002c60   0x00000054   Code   RO         3837    i.remove_free_block  tlsf.o
    0x08002cb4   0x08002cb4   0x00000072   Code   RO         3838    i.search_suitable_block  tlsf.o
    0x08002d26   0x08002d26   0x00000002   PAD
    0x08002d28   0x08002d28   0x00000028   Code   RO         3317    i.shellAdd          shell.o
    0x08002d50   0x08002d50   0x0000000e   Code   RO         3318    i.shellBackspace    shell.o
    0x08002d5e   0x08002d5e   0x00000002   PAD
    0x08002d60   0x08002d60   0x00000044   Code   RO         3319    i.shellCheckPassword  shell.o
    0x08002da4   0x08002da4   0x00000036   Code   RO         3320    i.shellCheckPermission  shell.o
    0x08002dda   0x08002dda   0x00000002   PAD
    0x08002ddc   0x08002ddc   0x0000001c   Code   RO         3321    i.shellClear        shell.o
    0x08002df8   0x08002df8   0x00000028   Code   RO         3322    i.shellClearCommandLine  shell.o
    0x08002e20   0x08002e20   0x00000012   Code   RO         3323    i.shellCmds         shell.o
    0x08002e32   0x08002e32   0x00000010   Code   RO         3324    i.shellDelete       shell.o
    0x08002e42   0x08002e42   0x000000da   Code   RO         3325    i.shellDeleteByte   shell.o
    0x08002f1c   0x08002f1c   0x00000020   Code   RO         3326    i.shellDeleteCommandLine  shell.o
    0x08002f3c   0x08002f3c   0x00000010   Code   RO         3327    i.shellDown         shell.o
    0x08002f4c   0x08002f4c   0x00000014   Code   RO         3328    i.shellEnter        shell.o
    0x08002f60   0x08002f60   0x00000078   Code   RO         3329    i.shellExec         shell.o
    0x08002fd8   0x08002fd8   0x00000058   Code   RO         3691    i.shellExtNumType   shell_ext.o
    0x08003030   0x08003030   0x00000046   Code   RO         3692    i.shellExtParseChar  shell_ext.o
    0x08003076   0x08003076   0x000000e8   Code   RO         3693    i.shellExtParseNumber  shell_ext.o
    0x0800315e   0x0800315e   0x00000056   Code   RO         3694    i.shellExtParsePara  shell_ext.o
    0x080031b4   0x080031b4   0x0000004a   Code   RO         3695    i.shellExtParseString  shell_ext.o
    0x080031fe   0x080031fe   0x00000024   Code   RO         3696    i.shellExtParseVar  shell_ext.o
    0x08003222   0x08003222   0x0000037e   Code   RO         3697    i.shellExtRun       shell_ext.o
    0x080035a0   0x080035a0   0x00000036   Code   RO         3698    i.shellExtToNum     shell_ext.o
    0x080035d6   0x080035d6   0x00000030   Code   RO         3330    i.shellGetCommandDesc  shell.o
    0x08003606   0x08003606   0x00000002   PAD
    0x08003608   0x08003608   0x00000050   Code   RO         3331    i.shellGetCommandName  shell.o
    0x08003658   0x08003658   0x00000034   Code   RO         3332    i.shellGetCurrent   shell.o
    0x0800368c   0x0800368c   0x00000054   Code   RO         3333    i.shellGetVarValue  shell.o
    0x080036e0   0x080036e0   0x000000f0   Code   RO         3334    i.shellHandler      shell.o
    0x080037d0   0x080037d0   0x0000002c   Code   RO         3335    i.shellHelp         shell.o
    0x080037fc   0x080037fc   0x000000c2   Code   RO         3336    i.shellHistory      shell.o
    0x080038be   0x080038be   0x0000007a   Code   RO         3337    i.shellHistoryAdd   shell.o
    0x08003938   0x08003938   0x00000098   Code   RO         3338    i.shellInit         shell.o
    0x080039d0   0x080039d0   0x000000dc   Code   RO         3339    i.shellInsertByte   shell.o
    0x08003aac   0x08003aac   0x00000012   Code   RO         3340    i.shellKeys         shell.o
    0x08003abe   0x08003abe   0x0000001a   Code   RO         3341    i.shellLeft         shell.o
    0x08003ad8   0x08003ad8   0x0000000c   Code   RO         3342    i.shellListAll      shell.o
    0x08003ae4   0x08003ae4   0x0000004c   Code   RO         3343    i.shellListCommand  shell.o
    0x08003b30   0x08003b30   0x000000d0   Code   RO         3344    i.shellListItem     shell.o
    0x08003c00   0x08003c00   0x00000058   Code   RO         3345    i.shellListKey      shell.o
    0x08003c58   0x08003c58   0x00000058   Code   RO         3346    i.shellListUser     shell.o
    0x08003cb0   0x08003cb0   0x00000058   Code   RO         3347    i.shellListVar      shell.o
    0x08003d08   0x08003d08   0x0000001c   Code   RO         3348    i.shellNormalInput  shell.o
    0x08003d24   0x08003d24   0x00000096   Code   RO         3349    i.shellParserParam  shell.o
    0x08003dba   0x08003dba   0x00000038   Code   RO         3350    i.shellPrint        shell.o
    0x08003df2   0x08003df2   0x0000006a   Code   RO         3352    i.shellRemoveParamQuotes  shell.o
    0x08003e5c   0x08003e5c   0x0000001e   Code   RO         3353    i.shellRight        shell.o
    0x08003e7a   0x08003e7a   0x00000002   PAD
    0x08003e7c   0x08003e7c   0x0000005c   Code   RO         3354    i.shellRun          shell.o
    0x08003ed8   0x08003ed8   0x000000b2   Code   RO         3355    i.shellRunCommand   shell.o
    0x08003f8a   0x08003f8a   0x0000007a   Code   RO         3356    i.shellSeekCommand  shell.o
    0x08004004   0x08004004   0x00000050   Code   RO         3357    i.shellSetUser      shell.o
    0x08004054   0x08004054   0x00000070   Code   RO         3358    i.shellSetVar       shell.o
    0x080040c4   0x080040c4   0x00000090   Code   RO         3359    i.shellSetVarValue  shell.o
    0x08004154   0x08004154   0x000000c0   Code   RO         3360    i.shellShowVar      shell.o
    0x08004214   0x08004214   0x0000002c   Code   RO         3361    i.shellStringCompare  shell.o
    0x08004240   0x08004240   0x00000018   Code   RO         3362    i.shellStringCopy   shell.o
    0x08004258   0x08004258   0x00000110   Code   RO         3363    i.shellTab          shell.o
    0x08004368   0x08004368   0x00000056   Code   RO         3365    i.shellToDec        shell.o
    0x080043be   0x080043be   0x00000038   Code   RO         3366    i.shellToHex        shell.o
    0x080043f6   0x080043f6   0x0000000e   Code   RO         3367    i.shellUp           shell.o
    0x08004404   0x08004404   0x00000012   Code   RO         3368    i.shellUsers        shell.o
    0x08004416   0x08004416   0x00000012   Code   RO         3369    i.shellVars         shell.o
    0x08004428   0x08004428   0x00000010   Code   RO         3370    i.shellWriteByte    shell.o
    0x08004438   0x08004438   0x00000064   Code   RO         3371    i.shellWriteCommandDesc  shell.o
    0x0800449c   0x0800449c   0x0000006c   Code   RO         3372    i.shellWriteCommandHelp  shell.o
    0x08004508   0x08004508   0x00000068   Code   RO         3373    i.shellWritePrompt  shell.o
    0x08004570   0x08004570   0x0000008c   Code   RO         3374    i.shellWriteReturnValue  shell.o
    0x080045fc   0x080045fc   0x00000034   Code   RO         3375    i.shellWriteString  shell.o
    0x08004630   0x08004630   0x00000110   Code   RO         3839    i.tlsf_add_pool     tlsf.o
    0x08004740   0x08004740   0x0000005c   Code   RO         3847    i.tlsf_create       tlsf.o
    0x0800479c   0x0800479c   0x0000002e   Code   RO         3848    i.tlsf_create_with_pool  tlsf.o
    0x080047ca   0x080047ca   0x00000016   Code   RO         3850    i.tlsf_ffs          tlsf.o
    0x080047e0   0x080047e0   0x00000016   Code   RO         3851    i.tlsf_fls          tlsf.o
    0x080047f6   0x080047f6   0x0000003c   Code   RO         3852    i.tlsf_free         tlsf.o
    0x08004832   0x08004832   0x0000002c   Code   RO         3854    i.tlsf_malloc       tlsf.o
    0x0800485e   0x0800485e   0x00000004   Code   RO         3856    i.tlsf_pool_overhead  tlsf.o
    0x08004862   0x08004862   0x00000006   Code   RO         3859    i.tlsf_size         tlsf.o
    0x08004868   0x08004868   0x00000010   Code   RO          185    i.uart_init         uart.o
    0x08004878   0x08004878   0x00000034   Code   RO          186    i.uart_irq_init     uart.o
    0x080048ac   0x080048ac   0x00000044   Code   RO          187    i.uart_lowlevel_init  uart.o
    0x080048f0   0x080048f0   0x00000044   Code   RO          188    i.uart_pin_init     uart.o
    0x08004934   0x08004934   0x0000000c   Code   RO          189    i.uart_recv_callback_register  uart.o
    0x08004940   0x08004940   0x00000020   Code   RO            3    i.uart_rx_handler   main.o
    0x08004960   0x08004960   0x00000020   Code   RO          190    i.uart_send         uart.o
    0x08004980   0x08004980   0x00000005   Data   RO            5    .constdata          main.o
    0x08004985   0x08004985   0x00000003   PAD
    0x08004988   0x08004988   0x00000142   Data   RO         3676    .constdata          shell_cmd_list.o
    0x08004aca   0x08004aca   0x000000bc   Data   RO         4251    .constdata          elog.o
    0x08004b86   0x08004b86   0x00000023   Data   RO         4390    .constdata          elog_utils.o
    0x08004ba9   0x08004ba9   0x00000081   Data   RO         4793    .constdata          mc_w.l(ctype_o.o)
    0x08004c2a   0x08004c2a   0x00000002   PAD
    0x08004c2c   0x08004c2c   0x00000004   Data   RO         4794    .constdata          mc_w.l(ctype_o.o)
    0x08004c30   0x08004c30   0x000002a5   Data   RO         3377    .conststring        shell.o
    0x08004ed5   0x08004ed5   0x00000003   PAD
    0x08004ed8   0x08004ed8   0x0000012d   Data   RO         3677    .conststring        shell_cmd_list.o
    0x08005005   0x08005005   0x00000003   PAD
    0x08005008   0x08005008   0x00000047   Data   RO         4252    .conststring        elog.o
    0x0800504f   0x0800504f   0x00000001   PAD
    0x08005050   0x08005050   0x00000020   Data   RO         4827    Region$$Table       anon$$obj.o


    Execution Region RW_IRAM1 (Exec base: 0x20000000, Load base: 0x08005070, Size: 0x000036d8, Max: 0x00005000, ABSOLUTE)

    Exec Addr    Load Addr    Size         Type   Attr      Idx    E Section Name        Object

    0x20000000   0x08005070   0x00000008   Data   RW            6    .data               main.o
    0x20000008   0x08005078   0x00000004   Data   RW          191    .data               uart.o
    0x2000000c   0x0800507c   0x00000014   Data   RW         1947    .data               stm32f10x_rcc.o
    0x20000020   0x08005090   0x00000054   Data   RW         3378    .data               shell.o
    0x20000074   0x080050e4   0x00000034   Data   RW         4253    .data               elog.o
    0x200000a8   0x08005118   0x00000004   Data   RW         4754    .data               mc_w.l(stdout.o)
    0x200000ac   0x0800511c   0x00000004   Data   RW         4759    .data               mc_w.l(mvars.o)
    0x200000b0   0x08005120   0x00000004   Data   RW         4760    .data               mc_w.l(mvars.o)
    0x200000b4   0x08005124   0x00000004   Data   RW         4764    .data               mc_w.l(errno.o)
    0x200000b8        -       0x00002b0c   Zero   RW            4    .bss                main.o
    0x20002bc4        -       0x00000015   Zero   RW         3376    .bss                shell.o
    0x20002bd9   0x08005128   0x00000003   PAD
    0x20002bdc        -       0x000004f8   Zero   RW         4250    .bss                elog.o
    0x200030d4   0x08005128   0x00000004   PAD
    0x200030d8        -       0x00000200   Zero   RW          247    HEAP                startup_stm32f10x_md.o
    0x200032d8        -       0x00000400   Zero   RW          246    STACK               startup_stm32f10x_md.o


==============================================================================

Image component sizes


      Code (inc. data)   RO Data    RW Data    ZI Data      Debug   Object Name

        60          8          0          0          0     243749   board.o
         0          0          0          0          0         32   core_cm3.o
      2520        914        259         52       1272      15584   elog.o
        90         26          0          0          0       7940   elog_port.o
       268        104         35          0          0       2193   elog_utils.o
       540        204          5          8      11020      12130   main.o
        92         32          0          0          0       2965   mem.o
       112         12          0          0          0        960   misc.o
       172          0          0          0          0       4365   ringbuffer8.o
      4866        234        677         84         21      37719   shell.o
        32          0        623          0          0       1398   shell_cmd_list.o
      1534         16          0          0          0       6174   shell_ext.o
        36          8        236          0       1536        800   startup_stm32f10x_md.o
       278          0          0          0          0       1904   stm32f10x_gpio.o
        26          0          0          0          0       3902   stm32f10x_it.o
       244         26          0         20          0       3749   stm32f10x_rcc.o
       472          6          0          0          0       6555   stm32f10x_usart.o
       328         28          0          0          0       1905   system_stm32f10x.o
      1722        170          0          0          0      26085   tlsf.o
       308         34          0          4          0       3354   uart.o

    ----------------------------------------------------------------------
     13730       1822       1877        168      13856     383463   Object Totals
         0          0         32          0          0          0   (incl. Generated)
        30          0         10          0          7          0   (incl. Padding)

    ----------------------------------------------------------------------

      Code (inc. data)   RO Data    RW Data    ZI Data      Debug   Library Member Name

        28          0          0          0          0         68   _chval.o
       158          0          0          0          0         92   _strtoul.o
        26          0          0          0          0         80   atoi.o
         8          4        133          0          0         68   ctype_o.o
         0          0          0          0          0          0   entry.o
         0          0          0          0          0          0   entry10a.o
         0          0          0          0          0          0   entry11a.o
         4          0          0          0          0          0   entry12b.o
         8          4          0          0          0          0   entry2.o
         4          0          0          0          0          0   entry5.o
         0          0          0          0          0          0   entry7b.o
         0          0          0          0          0          0   entry8b.o
         8          4          0          0          0          0   entry9a.o
         8          4          0          4          0         68   errno.o
        18          0          0          0          0         80   fputc.o
        30          0          0          0          0          0   handlers.o
        36          8          0          0          0         68   init.o
         0          0          0          0          0          0   iusefp.o
         0          0          0          0          0          0   iusesemip.o
        30          0          0          0          0         68   llshl.o
        36          0          0          0          0         68   llsshr.o
        32          0          0          0          0         68   llushr.o
       188         20          0          0          0        160   malloc.o
        36          0          0          0          0        108   memseta.o
         0          0          0          8          0          0   mvars.o
      2394        106          0          0          0        852   printfa.o
         0          0          0          0          0          0   semi.o
         0          0          0          4          0          0   stdout.o
        28          0          0          0          0         76   strcmp.o
        14          0          0          0          0         68   strlen.o
        30          0          0          0          0         80   strncmp.o
        36          0          0          0          0         80   strstr.o
       112          0          0          0          0         88   strtol.o
        44          0          0          0          0         80   uidiv.o
        98          0          0          0          0         92   uldiv.o
        48          0          0          0          0         68   cdrcmple.o
       334          0          0          0          0        148   dadd.o
       222          0          0          0          0        100   ddiv.o
       186          0          0          0          0        176   depilogue.o
        48          0          0          0          0         68   dfixul.o
       228          0          0          0          0         96   dmul.o
       124          0          0          0          0         88   fdiv.o
       110          0          0          0          0        168   fepilogue.o
        18          0          0          0          0         68   fflti.o
        10          0          0          0          0         68   ffltui.o
       100          0          0          0          0         76   fmul.o

    ----------------------------------------------------------------------
      4850        150        135         16          0       3536   Library Totals
         8          0          2          0          0          0   (incl. Padding)

    ----------------------------------------------------------------------

      Code (inc. data)   RO Data    RW Data    ZI Data      Debug   Library Name

      3414        150        133         16          0       2412   mc_w.l
      1428          0          0          0          0       1124   mf_w.l

    ----------------------------------------------------------------------
      4850        150        135         16          0       3536   Library Totals

    ----------------------------------------------------------------------

==============================================================================


      Code (inc. data)   RO Data    RW Data    ZI Data      Debug   

     18580       1972       2012        184      13856     376439   Grand Totals
     18580       1972       2012        184      13856     376439   ELF Image Totals
     18580       1972       2012        184          0          0   ROM Totals

==============================================================================

    Total RO  Size (Code + RO Data)                20592 (  20.11kB)
    Total RW  Size (RW Data + ZI Data)             14040 (  13.71kB)
    Total ROM Size (Code + RO Data + RW Data)      20776 (  20.29kB)

==============================================================================

