<html>
<body>
<pre>
<h1>µVision Build Log</h1>
<h2>Tool Versions:</h2>
IDE-Version: ¦ÌVision V5.39.0.0
Copyright (C) 2023 ARM Ltd and ARM Germany GmbH. All rights reserved.
License Information:  ,  , LIC=76F5U-S1RCF-56TQ2-9UEEQ-IUFXB-0T4EP
 
Tool Versions:
Toolchain:       MDK-ARM Plus  Version: 5.39.0.0
Toolchain Path:  C:\Keil_v5\ARM\ARM_Compiler_5.06u7\Bin
C Compiler:      Armcc.exe V5.06 update 7 (build 960)
Assembler:       Armasm.exe V5.06 update 7 (build 960)
Linker/Locator:  ArmLink.exe V5.06 update 7 (build 960)
Library Manager: ArmAr.exe V5.06 update 7 (build 960)
Hex Converter:   FromElf.exe V5.06 update 7 (build 960)
CPU DLL:         SARMCM3.DLL V5.39.0.0
Dialog DLL:      DCM.DLL V1.17.5.0
Target DLL:      STLink\ST-LINKIII-KEIL_SWO.dll V3.2.0.0
Dialog DLL:      TCM.DLL V1.56.4.0
 
<h2>Project:</h2>
D:\code\SMT32\stm32f103-template\mdk\stm32f103.uvprojx
Project File Date:  02/10/2025

<h2>Output:</h2>
*** Using Compiler 'V5.06 update 7 (build 960)', folder: 'C:\Keil_v5\ARM\ARM_Compiler_5.06u7\Bin'
Rebuild target 'project'
compiling led.c...
assembling startup_stm32f10x_md.s...
compiling mem.c...
compiling main.c...
compiling core_cm3.c...
compiling misc.c...
compiling system_stm32f10x.c...
compiling board.c...
compiling stm32f10x_it.c...
compiling uart.c...
compiling stm32f10x_adc.c...
compiling stm32f10x_bkp.c...
compiling stm32f10x_crc.c...
compiling stm32f10x_cec.c...
compiling stm32f10x_can.c...
compiling stm32f10x_dbgmcu.c...
compiling stm32f10x_dac.c...
compiling stm32f10x_exti.c...
compiling stm32f10x_dma.c...
compiling stm32f10x_gpio.c...
compiling stm32f10x_fsmc.c...
compiling stm32f10x_flash.c...
compiling stm32f10x_iwdg.c...
compiling stm32f10x_pwr.c...
compiling stm32f10x_i2c.c...
compiling stm32f10x_rtc.c...
compiling stm32f10x_rcc.c...
compiling stm32f10x_sdio.c...
compiling shell_cmd_list.c...
compiling shell.c...
compiling stm32f10x_spi.c...
compiling shell_ext.c...
compiling ringbuffer8.c...
compiling stm32f10x_wwdg.c...
compiling stm32f10x_usart.c...
compiling stm32f10x_tim.c...
compiling elog_port.c...
..\third_lib\easylogger\port\elog_port.c(67): warning:  #767-D: conversion from pointer to smaller integer
      uart_send((uint8_t)str);
..\third_lib\easylogger\port\elog_port.c(100): warning:  #940-D: missing return statement at end of non-void function "elog_port_get_time" 
  }
..\third_lib\easylogger\port\elog_port.c(111): warning:  #940-D: missing return statement at end of non-void function "elog_port_get_p_info" 
  }
..\third_lib\easylogger\port\elog_port.c(122): warning:  #1-D: last line of file ends without a newline
  }
..\third_lib\easylogger\port\elog_port.c(122): warning:  #940-D: missing return statement at end of non-void function "elog_port_get_t_info" 
  }
..\third_lib\easylogger\port\elog_port.c: 5 warnings, 0 errors
compiling elog_utils.c...
compiling tlsf.c...
..\third_lib\tlsf\tlsf.c(908): warning:  #68-D: integer conversion resulted in a change of sign
  		offset_to_block(pool, -(int)block_header_overhead);
..\third_lib\tlsf\tlsf.c(1014): warning:  #68-D: integer conversion resulted in a change of sign
  	block = offset_to_block(mem, -(tlsfptr_t)block_header_overhead);
..\third_lib\tlsf\tlsf.c(1032): warning:  #68-D: integer conversion resulted in a change of sign
  	block_header_t* block = offset_to_block(pool, -(int)block_header_overhead);
..\third_lib\tlsf\tlsf.c: 3 warnings, 0 errors
compiling elog.c...
..\third_lib\easylogger\src\elog.c(144): warning:  #1295-D: Deprecated declaration elog_set_filter_tag_lvl_default - give arg types
  static void elog_set_filter_tag_lvl_default();
..\third_lib\easylogger\src\elog.c: 1 warning, 0 errors
linking...
Program Size: Code=18580 RO-data=2012 RW-data=184 ZI-data=13856  
FromELF: creating hex file...
".\Objects\stm32f103.axf" - 0 Error(s), 9 Warning(s).

<h2>Software Packages used:</h2>

Package Vendor: Keil
                https://www.keil.com/pack/Keil.STM32F1xx_DFP.2.4.1.pack
                Keil::STM32F1xx_DFP@2.4.1
                STMicroelectronics STM32F1 Series Device Support, Drivers and Examples

<h2>Collection of Component include folders:</h2>
  C:/Keil_v5/ARM/Packs/Keil/STM32F1xx_DFP/2.4.1/Device/Include

<h2>Collection of Component Files used:</h2>
Build Time Elapsed:  00:00:02
</pre>
</body>
</html>
